../Core/Src/dipswitch.c:7:6:csLOW_B	8	static
../Core/Src/dipswitch.c:13:6:csHIGH_B	8	static
../Core/Src/dipswitch.c:18:6:RST_HIGH_B	8	static
../Core/Src/dipswitch.c:23:6:SPI_Write_B	16	static
../Core/Src/dipswitch.c:28:6:SPI_Read_B	16	static
../Core/Src/dipswitch.c:35:6:enable_MCPA_B	16	static
../Core/Src/dipswitch.c:48:6:enable_MCPB_B	16	static
../Core/Src/dipswitch.c:60:6:port_configB_B	16	static
../Core/Src/dipswitch.c:72:6:port_configA_B	16	static
../Core/Src/dipswitch.c:85:6:polarity_configB_B	16	static
../Core/Src/dipswitch.c:97:6:latch_configA_B	16	static
../Core/Src/dipswitch.c:110:6:latch_configB_B	16	static
../Core/Src/dipswitch.c:124:9:GPIO_readA_B	16	static
