../Core/Src/main.c:104:6:PollUartBaudRate	24	static
../Core/Src/main.c:154:9:check_and_get_adc_conversion_mode	24	static
../Core/Src/main.c:175:6:HAL_UART_RxCpltCallback	24	static
../Core/Src/main.c:188:10:RingBuffer_GetCount	16	static
../Core/Src/main.c:196:5:RingBuffer_Read	16	static
../Core/Src/main.c:207:6:read_multi_reg	24	static
../Core/Src/main.c:244:6:read_single_reg	24	static
../Core/Src/main.c:278:6:get_adc_conversion_value	24	static
../Core/Src/main.c:300:6:set_adc_conversion_mode	24	static
../Core/Src/main.c:343:5:main	24	static
../Core/Src/main.c:495:6:SystemClock_Config	72	static
../Core/Src/main.c:534:13:MX_SPI2_Init	8	static
../Core/Src/main.c:572:13:MX_USART1_UART_Init	8	static
../Core/Src/main.c:605:13:MX_USART3_UART_Init	8	static
../Core/Src/main.c:638:13:MX_GPIO_Init	40	static
../Core/Src/main.c:690:6:Error_Handler	4	static,ignoring_inline_asm
