../PCBPLC/src/pcbplc.c:1450:11:PcbPlc_ClearPLCDisplay	0	static
../PCBPLC/src/pcbplc.c:1624:11:PcbPlc_InitPlcTimer	0	static
../PCBPLC/src/pcbplc.c:1958:11:PcbPlc_GetHour	0	static
../PCBPLC/src/pcbplc.c:1971:11:PcbPlc_GetMinute	0	static
../PCBPLC/src/pcbplc.c:1984:11:PcbPlc_GetSecond	0	static
../PCBPLC/src/pcbplc.c:1997:11:PcbPlc_GetDay	0	static
../PCBPLC/src/pcbplc.c:2010:11:PcbPlc_GetMonth	0	static
../PCBPLC/src/pcbplc.c:2023:11:PcbPlc_GetYear	0	static
../PCBPLC/src/pcbplc.c:2036:11:PcbPlc_GetWeekDay	0	static
../PCBPLC/src/pcbplc.c:2474:11:PcbPlc_PlcLog	8	static
../PCBPLC/src/pcbplc.c:2850:11:PcbPlc_CheckAutoManual	0	static
../PCBPLC/src/pcbplc.c:3072:11:PcbPlc_SendDataInSMS	0	static
../PCBPLC/src/pcbplc.c:3523:11:PcbPlc_SendAlarmSMS	0	static
../PCBPLC/src/pcbplc.c:4202:13:AnaOutLogic	0	static
../PCBPLC/src/pcbplc.c:3212:11:PcbPlc_Get_sch_time	136	static
../PCBPLC/src/pcbplc.c:1404:11:PcbPlc_Confirm	8	static
../PCBPLC/src/pcbplc.c:1420:11:PcbPlc_PlcDisplay	8	static
../PCBPLC/src/pcbplc.c:1729:11:PcbPlc_InitAllPlcTimers	16	static
../PCBPLC/src/pcbplc.c:1889:11:PcbPlc_ResetCycle	8	static
../PCBPLC/src/pcbplc.c:1908:11:PcbPlc_GetTrans	8	static
../PCBPLC/src/pcbplc.c:1924:11:PcbPlc_SetTrans	8	static
../PCBPLC/src/pcbplc.c:1936:11:PcbPlc_ClearWaitState	8	static
../PCBPLC/src/pcbplc.c:2049:11:PcbPlc_MakeTime	8	static
../PCBPLC/src/pcbplc.c:2067:11:PcbPlc_MakeDate	8	static
../PCBPLC/src/pcbplc.c:2085:11:PcbPlc_InPortB	8	static
../PCBPLC/src/pcbplc.c:2111:11:PcbPlc_OutPortB	8	static
../PCBPLC/src/pcbplc.c:2130:11:PcbPlc_UserGetBit	8	static
../PCBPLC/src/pcbplc.c:2176:11:PcbPlc_UserSetBit	8	static
../PCBPLC/src/pcbplc.c:2183:11:PcbPlc_UserClrBit	8	static
../PCBPLC/src/pcbplc.c:2190:11:PcbPlc_SetHiTimer	8	static
../PCBPLC/src/pcbplc.c:2197:11:PcbPlc_LoadMimicFile	8	static
../PCBPLC/src/pcbplc.c:2204:11:PcbPlc_PlaySoundFile	8	static
../PCBPLC/src/pcbplc.c:2218:11:PcbPlc_Plcabsolute	8	static
../PCBPLC/src/pcbplc.c:2583:11:PcbPlc_Isnumeric	24	static
../PCBPLC/src/pcbplc.c:2661:11:PcbPlc_assignstring	32	static
../PCBPLC/src/pcbplc.c:2683:11:PcbPlc_strmid	24	static
../PCBPLC/src/pcbplc.c:2716:11:PcbPlc_strinstring	32	static
../PCBPLC/src/pcbplc.c:2868:11:PcbPlc_SetAutoMode	8	static
../PCBPLC/src/pcbplc.c:2896:11:PcbPlc_SetManualMode	8	static
../PCBPLC/src/pcbplc.c:3281:11:PcbPlc_DO_Key_Status	8	static
../PCBPLC/src/pcbplc.c:3310:11:PcbPlc_DummyHandler	8	static
../PCBPLC/src/pcbplc.c:3325:11:PcbPlc_SendAlarm	8	static
../PCBPLC/src/pcbplc.c:3340:11:PcbPlc_SetDO	8	static
../PCBPLC/src/pcbplc.c:3377:11:PcbPlc_ChkSchedule	16	static
../PCBPLC/src/pcbplc.c:3509:11:PcbPlc_SetPValue	8	static
../PCBPLC/src/pcbplc.c:1464:11:PcbPlc_PlcAlarmDisplay	8	static
../PCBPLC/src/pcbplc.c:2240:11:PcbPlc_PlcCos	24	static
../PCBPLC/src/pcbplc.c:2267:11:PcbPlc_PlcSine	24	static
../PCBPLC/src/pcbplc.c:2288:11:PcbPlc_PlcTan	24	static
../PCBPLC/src/pcbplc.c:2310:11:PcbPlc_PlcAsine	24	static
../PCBPLC/src/pcbplc.c:2336:11:PcbPlc_PlcAcos	24	static
../PCBPLC/src/pcbplc.c:2363:11:PcbPlc_PlcAtan	24	static
../PCBPLC/src/pcbplc.c:2452:11:PcbPlc_PlcSqrt	24	static
../PCBPLC/src/pcbplc.c:2529:11:PcbPlc_PlcLog10	24	static
../PCBPLC/src/pcbplc.c:2551:11:PcbPlc_stringlength	24	static
../PCBPLC/src/pcbplc.c:2780:11:PcbPlc_stringsplit	48	static
../PCBPLC/src/pcbplc.c:2629:11:PcbPlc_texttoval	16	static
../PCBPLC/src/pcbplc.c:2924:11:PcbPlc_BuildSms	136	static
../PCBPLC/src/pcbplc.c:3119:11:PcbPlc_Analog_output_Plc	8	static
../PCBPLC/src/pcbplc.c:245:6:pcbplc_memory_free	16	static
../PCBPLC/src/pcbplc.c:265:19:clock_pcbplc	0	static
../PCBPLC/src/pcbplc.c:1495:11:PcbPlc_ResetPlcTimer	16	static
../PCBPLC/src/pcbplc.c:1548:11:PcbPlc_SetPlcTimer	24	static
../PCBPLC/src/pcbplc.c:1655:11:PcbPlc_HoldPlcTimer	8	static
../PCBPLC/src/pcbplc.c:1692:11:PcbPlc_ReleasePlcTimer	8	static
../PCBPLC/src/pcbplc.c:1764:11:PcbPlc_GetPlcTimer	16	static
../PCBPLC/src/pcbplc.c:1807:11:PcbPlc_HoldAllPlcTimers	16	static
../PCBPLC/src/pcbplc.c:1848:11:PcbPlc_ReleaseAllPlcTimers	16	static
../PCBPLC/src/pcbplc.c:275:6:copy_to_temp_table	8	static
../PCBPLC/src/pcbplc.c:305:11:copy_to_main_table	0	static
../PCBPLC/src/pcbplc.c:1074:5:ReadRecipeJsonFile	0	static
../PCBPLC/src/pcbplc.c:1248:5:WriteModifiedRecipeFile	280	static
../PCBPLC/src/pcbplc.c:1296:5:ReadRecipeFile	168	static
../PCBPLC/src/pcbplc.c:1343:11:GetInt	0	static
../PCBPLC/src/pcbplc.c:1348:6:GetStringArryRec	0	static
../PCBPLC/src/pcbplc.c:1353:7:ConvertFloatRec	0	static
../PCBPLC/src/pcbplc.c:1364:7:Readfloatrec	8	static
../PCBPLC/src/pcbplc.c:1376:15:ReadByterec	8	static
../PCBPLC/src/pcbplc.c:1384:11:ReadShortrec	16	static
../PCBPLC/src/pcbplc.c:3932:6:setBit	264	static
../PCBPLC/src/pcbplc.c:3969:11:getBit	0	static
../PCBPLC/src/pcbplc.c:3979:6:clrBit	0	static
../PCBPLC/src/pcbplc.c:4005:6:putInStack	16	static
../PCBPLC/src/pcbplc.c:4059:6:getStackVar	8	static
../PCBPLC/src/pcbplc.c:3596:7:PcbPlc_Logic_Interpreter	24	static
../PCBPLC/src/pcbplc.c:420:6:makeAccessTable	16	static
../PCBPLC/src/pcbplc.c:485:11:pcbplc_emr_seq	272	static
../PCBPLC/src/pcbplc.c:349:11:pcbplc_process	16	static
../PCBPLC/src/pcbplc.c:210:6:pcbplc_BaseLoop	8	static
../PCBPLC/src/pcbplc.c:4103:7:PlcAlloc	0	static
../PCBPLC/src/pcbplc.c:225:11:mem_alloc	8	static
../PCBPLC/src/pcbplc.c:559:5:PcbPlc_FileReadAndParse	2320	static
../PCBPLC/src/pcbplc.c:4141:6:InitGlobalVar	16	static
../PCBPLC/src/pcbplc.c:4212:6:ControlLogic	40	static
../PCBPLC/src/pcbplc.c:2389:11:PcbPlc_PlcPower	536	static
../PCBPLC/src/pcbplc.c:5207:8:LoraPublish	320	static
../PCBPLC/src/pcbplc.c:5294:6:ExtFlash_WriteHistoricalData	8	static
../PCBPLC/src/pcbplc.c:5149:5:Build_Data_for_server	1016	static
../PCBPLC/src/pcbplc.c:3035:11:PcbPlc_SendData	520	static
