../PCBPLC/src/pcbplccomm.c:1068:6:TransmitHandler	0	static
../PCBPLC/src/pcbplccomm.c:1097:6:MakeBlock	0	static
../PCBPLC/src/pcbplccomm.c:1117:6:putInt	0	static
../PCBPLC/src/pcbplccomm.c:1131:20:cal_crc	16	static
../PCBPLC/src/pcbplccomm.c:1154:20:plc_cal_crc	0	static
../PCBPLC/src/pcbplccomm.c:1202:11:cal_crc1	0	static
../PCBPLC/src/pcbplccomm.c:1219:6:WriteData	0	static
../PCBPLC/src/pcbplccomm.c:1234:6:comin	0	static
../PCBPLC/src/pcbplccomm.c:1259:6:flushccb	0	static
../PCBPLC/src/pcbplccomm.c:1269:6:pack	8	static
../PCBPLC/src/pcbplccomm.c:1303:6:SetDigitalOutput	0	static
../PCBPLC/src/pcbplccomm.c:1323:6:SetPlcVar	0	static
../PCBPLC/src/pcbplccomm.c:1335:6:SetHwInfo	0	static
../PCBPLC/src/pcbplccomm.c:1358:11:ProcessCommands	16	static
../PCBPLC/src/pcbplccomm.c:1389:6:SetDateTime	0	static
../PCBPLC/src/pcbplccomm.c:1397:6:ParseString	8	static
../PCBPLC/src/pcbplccomm.c:1423:6:Extract_Alloc	8	static
../PCBPLC/src/pcbplccomm.c:1497:6:SetupCircBuf	0	static
