../PCBPLC/src/pcbplcInterface.c:28:6:set_do_on	0	static
../PCBPLC/src/pcbplcInterface.c:53:6:set_do_off	0	static
../PCBPLC/src/pcbplcInterface.c:77:6:get_di_status	4	static
../PCBPLC/src/pcbplcInterface.c:184:6:get_ai_status	0	static
../PCBPLC/src/pcbplcInterface.c:211:6:set_ao	0	static
../PCBPLC/src/pcbplcInterface.c:240:6:set_pulse_do_polarity	8	static
../PCBPLC/src/pcbplcInterface.c:301:6:set_dual_Do	40	static
../PCBPLC/src/pcbplcInterface.c:370:6:set_do	24	static
../PCBPLC/src/pcbplcInterface.c:418:6:get_rs485_parameters	152	static
