Archive member included to satisfy reference by file (symbol)

G:/Deepak/stm32/STM32CubeIDE_1.19.0/STM32CubeIDE/plugins/com.st.stm32cube.ide.mcu.externaltools.gnu-tools-for-stm32.13.3.rel1.win32_1.0.0.202411081344/tools/bin/../lib/gcc/arm-none-eabi/13.3.1/../../../../arm-none-eabi/lib/thumb/v7e-m+fp/hard\libc_nano.a(libc_a-exit.o)
                              G:/Deepak/stm32/STM32CubeIDE_1.19.0/STM32CubeIDE/plugins/com.st.stm32cube.ide.mcu.externaltools.gnu-tools-for-stm32.13.3.rel1.win32_1.0.0.202411081344/tools/bin/../lib/gcc/arm-none-eabi/13.3.1/../../../../arm-none-eabi/lib/thumb/v7e-m+fp/hard/crt0.o (exit)
G:/Deepak/stm32/STM32CubeIDE_1.19.0/STM32CubeIDE/plugins/com.st.stm32cube.ide.mcu.externaltools.gnu-tools-for-stm32.13.3.rel1.win32_1.0.0.202411081344/tools/bin/../lib/gcc/arm-none-eabi/13.3.1/../../../../arm-none-eabi/lib/thumb/v7e-m+fp/hard\libc_nano.a(libc_a-findfp.o)
                              G:/Deepak/stm32/STM32CubeIDE_1.19.0/STM32CubeIDE/plugins/com.st.stm32cube.ide.mcu.externaltools.gnu-tools-for-stm32.13.3.rel1.win32_1.0.0.202411081344/tools/bin/../lib/gcc/arm-none-eabi/13.3.1/../../../../arm-none-eabi/lib/thumb/v7e-m+fp/hard\libc_nano.a(libc_a-exit.o) (__stdio_exit_handler)
G:/Deepak/stm32/STM32CubeIDE_1.19.0/STM32CubeIDE/plugins/com.st.stm32cube.ide.mcu.externaltools.gnu-tools-for-stm32.13.3.rel1.win32_1.0.0.202411081344/tools/bin/../lib/gcc/arm-none-eabi/13.3.1/../../../../arm-none-eabi/lib/thumb/v7e-m+fp/hard\libc_nano.a(libc_a-fwalk.o)
                              G:/Deepak/stm32/STM32CubeIDE_1.19.0/STM32CubeIDE/plugins/com.st.stm32cube.ide.mcu.externaltools.gnu-tools-for-stm32.13.3.rel1.win32_1.0.0.202411081344/tools/bin/../lib/gcc/arm-none-eabi/13.3.1/../../../../arm-none-eabi/lib/thumb/v7e-m+fp/hard\libc_nano.a(libc_a-findfp.o) (_fwalk_sglue)
G:/Deepak/stm32/STM32CubeIDE_1.19.0/STM32CubeIDE/plugins/com.st.stm32cube.ide.mcu.externaltools.gnu-tools-for-stm32.13.3.rel1.win32_1.0.0.202411081344/tools/bin/../lib/gcc/arm-none-eabi/13.3.1/../../../../arm-none-eabi/lib/thumb/v7e-m+fp/hard\libc_nano.a(libc_a-stdio.o)
                              G:/Deepak/stm32/STM32CubeIDE_1.19.0/STM32CubeIDE/plugins/com.st.stm32cube.ide.mcu.externaltools.gnu-tools-for-stm32.13.3.rel1.win32_1.0.0.202411081344/tools/bin/../lib/gcc/arm-none-eabi/13.3.1/../../../../arm-none-eabi/lib/thumb/v7e-m+fp/hard\libc_nano.a(libc_a-findfp.o) (__sread)
G:/Deepak/stm32/STM32CubeIDE_1.19.0/STM32CubeIDE/plugins/com.st.stm32cube.ide.mcu.externaltools.gnu-tools-for-stm32.13.3.rel1.win32_1.0.0.202411081344/tools/bin/../lib/gcc/arm-none-eabi/13.3.1/../../../../arm-none-eabi/lib/thumb/v7e-m+fp/hard\libc_nano.a(libc_a-memset.o)
                              G:/Deepak/stm32/STM32CubeIDE_1.19.0/STM32CubeIDE/plugins/com.st.stm32cube.ide.mcu.externaltools.gnu-tools-for-stm32.13.3.rel1.win32_1.0.0.202411081344/tools/bin/../lib/gcc/arm-none-eabi/13.3.1/../../../../arm-none-eabi/lib/thumb/v7e-m+fp/hard/crt0.o (memset)
G:/Deepak/stm32/STM32CubeIDE_1.19.0/STM32CubeIDE/plugins/com.st.stm32cube.ide.mcu.externaltools.gnu-tools-for-stm32.13.3.rel1.win32_1.0.0.202411081344/tools/bin/../lib/gcc/arm-none-eabi/13.3.1/../../../../arm-none-eabi/lib/thumb/v7e-m+fp/hard\libc_nano.a(libc_a-closer.o)
                              G:/Deepak/stm32/STM32CubeIDE_1.19.0/STM32CubeIDE/plugins/com.st.stm32cube.ide.mcu.externaltools.gnu-tools-for-stm32.13.3.rel1.win32_1.0.0.202411081344/tools/bin/../lib/gcc/arm-none-eabi/13.3.1/../../../../arm-none-eabi/lib/thumb/v7e-m+fp/hard\libc_nano.a(libc_a-stdio.o) (_close_r)
G:/Deepak/stm32/STM32CubeIDE_1.19.0/STM32CubeIDE/plugins/com.st.stm32cube.ide.mcu.externaltools.gnu-tools-for-stm32.13.3.rel1.win32_1.0.0.202411081344/tools/bin/../lib/gcc/arm-none-eabi/13.3.1/../../../../arm-none-eabi/lib/thumb/v7e-m+fp/hard\libc_nano.a(libc_a-reent.o)
                              G:/Deepak/stm32/STM32CubeIDE_1.19.0/STM32CubeIDE/plugins/com.st.stm32cube.ide.mcu.externaltools.gnu-tools-for-stm32.13.3.rel1.win32_1.0.0.202411081344/tools/bin/../lib/gcc/arm-none-eabi/13.3.1/../../../../arm-none-eabi/lib/thumb/v7e-m+fp/hard\libc_nano.a(libc_a-closer.o) (errno)
G:/Deepak/stm32/STM32CubeIDE_1.19.0/STM32CubeIDE/plugins/com.st.stm32cube.ide.mcu.externaltools.gnu-tools-for-stm32.13.3.rel1.win32_1.0.0.202411081344/tools/bin/../lib/gcc/arm-none-eabi/13.3.1/../../../../arm-none-eabi/lib/thumb/v7e-m+fp/hard\libc_nano.a(libc_a-impure.o)
                              G:/Deepak/stm32/STM32CubeIDE_1.19.0/STM32CubeIDE/plugins/com.st.stm32cube.ide.mcu.externaltools.gnu-tools-for-stm32.13.3.rel1.win32_1.0.0.202411081344/tools/bin/../lib/gcc/arm-none-eabi/13.3.1/../../../../arm-none-eabi/lib/thumb/v7e-m+fp/hard\libc_nano.a(libc_a-reent.o) (_impure_ptr)
G:/Deepak/stm32/STM32CubeIDE_1.19.0/STM32CubeIDE/plugins/com.st.stm32cube.ide.mcu.externaltools.gnu-tools-for-stm32.13.3.rel1.win32_1.0.0.202411081344/tools/bin/../lib/gcc/arm-none-eabi/13.3.1/../../../../arm-none-eabi/lib/thumb/v7e-m+fp/hard\libc_nano.a(libc_a-lseekr.o)
[...]
Memory Configuration

Name             Origin             Length             Attributes
CCMRAM           0x10000000         0x00010000         xrw
RAM              0x20000000         0x00020000         xrw
FLASH            0x08000000         0x00100000         xr
*default*        0x00000000         0xffffffff

Linker script and memory map

LOAD G:/Deepak/stm32/STM32CubeIDE_1.19.0/STM32CubeIDE/plugins/com.st.stm32cube.ide.mcu.externaltools.gnu-tools-for-stm32.13.3.rel1.win32_1.0.0.202411081344/tools/bin/../lib/gcc/arm-none-eabi/13.3.1/thumb/v7e-m+fp/hard/crti.o
LOAD G:/Deepak/stm32/STM32CubeIDE_1.19.0/STM32CubeIDE/plugins/com.st.stm32cube.ide.mcu.externaltools.gnu-tools-for-stm32.13.3.rel1.win32_1.0.0.202411081344/tools/bin/../lib/gcc/arm-none-eabi/13.3.1/thumb/v7e-m+fp/hard/crtbegin.o
LOAD G:/Deepak/stm32/STM32CubeIDE_1.19.0/STM32CubeIDE/plugins/com.st.stm32cube.ide.mcu.externaltools.gnu-tools-for-stm32.13.3.rel1.win32_1.0.0.202411081344/tools/bin/../lib/gcc/arm-none-eabi/13.3.1/../../../../arm-none-eabi/lib/thumb/v7e-m+fp/hard/crt0.o
LOAD ./Core/Src/ADS1247.o
LOAD ./Core/Src/gpio.o
LOAD ./Core/Src/main.o
LOAD ./Core/Src/spi.o
LOAD ./Core/Src/stm32f4xx_hal_msp.o
LOAD ./Core/Src/stm32f4xx_it.o
LOAD ./Core/Src/syscalls.o
LOAD ./Core/Src/sysmem.o
LOAD ./Core/Src/system_stm32f4xx.o
LOAD ./Core/Startup/startup_stm32f407vgtx.o
LOAD ./Drivers/STM32F4xx_HAL_Driver/Src/stm32f4xx_hal.o
LOAD ./Drivers/STM32F4xx_HAL_Driver/Src/stm32f4xx_hal_cortex.o
LOAD ./Drivers/STM32F4xx_HAL_Driver/Src/stm32f4xx_hal_dma.o
LOAD ./Drivers/STM32F4xx_HAL_Driver/Src/stm32f4xx_hal_dma_ex.o
LOAD ./Drivers/STM32F4xx_HAL_Driver/Src/stm32f4xx_hal_exti.o
LOAD ./Drivers/STM32F4xx_HAL_Driver/Src/stm32f4xx_hal_flash.o
LOAD ./Drivers/STM32F4xx_HAL_Driver/Src/stm32f4xx_hal_flash_ex.o
LOAD ./Drivers/STM32F4xx_HAL_Driver/Src/stm32f4xx_hal_flash_ramfunc.o
LOAD ./Drivers/STM32F4xx_HAL_Driver/Src/stm32f4xx_hal_gpio.o
LOAD ./Drivers/STM32F4xx_HAL_Driver/Src/stm32f4xx_hal_pwr.o
LOAD ./Drivers/STM32F4xx_HAL_Driver/Src/stm32f4xx_hal_pwr_ex.o
LOAD ./Drivers/STM32F4xx_HAL_Driver/Src/stm32f4xx_hal_rcc.o
LOAD ./Drivers/STM32F4xx_HAL_Driver/Src/stm32f4xx_hal_rcc_ex.o
LOAD ./Drivers/STM32F4xx_HAL_Driver/Src/stm32f4xx_hal_spi.o
START GROUP
LOAD G:/Deepak/stm32/STM32CubeIDE_1.19.0/STM32CubeIDE/plugins/com.st.stm32cube.ide.mcu.externaltools.gnu-tools-for-stm32.13.3.rel1.win32_1.0.0.202411081344/tools/bin/../lib/gcc/arm-none-eabi/13.3.1/../../../../arm-none-eabi/lib/thumb/v7e-m+fp/hard\libc_nano.a
LOAD G:/Deepak/stm32/STM32CubeIDE_1.19.0/STM32CubeIDE/plugins/com.st.stm32cube.ide.mcu.externaltools.gnu-tools-for-stm32.13.3.rel1.win32_1.0.0.202411081344/tools/bin/../lib/gcc/arm-none-eabi/13.3.1/../../../../arm-none-eabi/lib/thumb/v7e-m+fp/hard\libm.a
END GROUP
START GROUP
LOAD G:/Deepak/stm32/STM32CubeIDE_1.19.0/STM32CubeIDE/plugins/com.st.stm32cube.ide.mcu.externaltools.gnu-tools-for-stm32.13.3.rel1.win32_1.0.0.202411081344/tools/bin/../lib/gcc/arm-none-eabi/13.3.1/thumb/v7e-m+fp/hard\libgcc.a
LOAD G:/Deepak/stm32/STM32CubeIDE_1.19.0/STM32CubeIDE/plugins/com.st.stm32cube.ide.mcu.externaltools.gnu-tools-for-stm32.13.3.rel1.win32_1.0.0.202411081344/tools/bin/../lib/gcc/arm-none-eabi/13.3.1/../../../../arm-none-eabi/lib/thumb/v7e-m+fp/hard\libc_nano.a
END GROUP
START GROUP
LOAD G:/Deepak/stm32/STM32CubeIDE_1.19.0/STM32CubeIDE/plugins/com.st.stm32cube.ide.mcu.externaltools.gnu-tools-for-stm32.13.3.rel1.win32_1.0.0.202411081344/tools/bin/../lib/gcc/arm-none-eabi/13.3.1/thumb/v7e-m+fp/hard\libgcc.a
LOAD G:/Deepak/stm32/STM32CubeIDE_1.19.0/STM32CubeIDE/plugins/com.st.stm32cube.ide.mcu.externaltools.gnu-tools-for-stm32.13.3.rel1.win32_1.0.0.202411081344/tools/bin/../lib/gcc/arm-none-eabi/13.3.1/../../../../arm-none-eabi/lib/thumb/v7e-m+fp/hard\libc_nano.a
LOAD G:/Deepak/stm32/STM32CubeIDE_1.19.0/STM32CubeIDE/plugins/com.st.stm32cube.ide.mcu.externaltools.gnu-tools-for-stm32.13.3.rel1.win32_1.0.0.202411081344/tools/bin/../lib/gcc/arm-none-eabi/13.3.1/../../../../arm-none-eabi/lib/thumb/v7e-m+fp/hard\libnosys.a
END GROUP
START GROUP
LOAD G:/Deepak/stm32/STM32CubeIDE_1.19.0/STM32CubeIDE/plugins/com.st.stm32cube.ide.mcu.externaltools.gnu-tools-for-stm32.13.3.rel1.win32_1.0.0.202411081344/tools/bin/../lib/gcc/arm-none-eabi/13.3.1/thumb/v7e-m+fp/hard\libgcc.a
LOAD G:/Deepak/stm32/STM32CubeIDE_1.19.0/STM32CubeIDE/plugins/com.st.stm32cube.ide.mcu.externaltools.gnu-tools-for-stm32.13.3.rel1.win32_1.0.0.202411081344/tools/bin/../lib/gcc/arm-none-eabi/13.3.1/../../../../arm-none-eabi/lib/thumb/v7e-m+fp/hard\libc_nano.a
LOAD G:/Deepak/stm32/STM32CubeIDE_1.19.0/STM32CubeIDE/plugins/com.st.stm32cube.ide.mcu.externaltools.gnu-tools-for-stm32.13.3.rel1.win32_1.0.0.202411081344/tools/bin/../lib/gcc/arm-none-eabi/13.3.1/../../../../arm-none-eabi/lib/thumb/v7e-m+fp/hard\libnosys.a
END GROUP
LOAD G:/Deepak/stm32/STM32CubeIDE_1.19.0/STM32CubeIDE/plugins/com.st.stm32cube.ide.mcu.externaltools.gnu-tools-for-stm32.13.3.rel1.win32_1.0.0.202411081344/tools/bin/../lib/gcc/arm-none-eabi/13.3.1/thumb/v7e-m+fp/hard/crtend.o
LOAD G:/Deepak/stm32/STM32CubeIDE_1.19.0/STM32CubeIDE/plugins/com.st.stm32cube.ide.mcu.externaltools.gnu-tools-for-stm32.13.3.rel1.win32_1.0.0.202411081344/tools/bin/../lib/gcc/arm-none-eabi/13.3.1/thumb/v7e-m+fp/hard/crtn.o
                0x20020000                        _estack = (ORIGIN (RAM) + LENGTH (RAM))
                0x00000200                        _Min_Heap_Size = 0x200
                0x00000400                        _Min_Stack_Size = 0x400

.isr_vector     0x08000000      0x188
                0x08000000                        . = ALIGN (0x4)
 *(.isr_vector)
 .isr_vector    0x08000000      0x188 ./Core/Startup/startup_stm32f407vgtx.o
                0x08000000                g_pfnVectors
                0x08000188                        . = ALIGN (0x4)

.text           0x08000188     0x2a8c
                0x08000188                        . = ALIGN (0x4)
 *(.text)
 .text          0x08000188       0x40 G:/Deepak/stm32/STM32CubeIDE_1.19.0/STM32CubeIDE/plugins/com.st.stm32cube.ide.mcu.externaltools.gnu-tools-for-stm32.13.3.rel1.win32_1.0.0.202411081344/tools/bin/../lib/gcc/arm-none-eabi/13.3.1/thumb/v7e-m+fp/hard/crtbegin.o
 .text          0x080001c8      0x378 G:/Deepak/stm32/STM32CubeIDE_1.19.0/STM32CubeIDE/plugins/com.st.stm32cube.ide.mcu.externaltools.gnu-tools-for-stm32.13.3.rel1.win32_1.0.0.202411081344/tools/bin/../lib/gcc/arm-none-eabi/13.3.1/thumb/v7e-m+fp/hard\libgcc.a(_arm_addsubdf3.o)
                0x080001c8                __aeabi_drsub
                0x080001d0                __aeabi_dsub
                0x080001d0                __subdf3
                0x080001d4                __aeabi_dadd
                0x080001d4                __adddf3
                0x0800044c                __floatunsidf
                0x0800044c                __aeabi_ui2d
                0x0800046c                __floatsidf
                0x0800046c                __aeabi_i2d
                0x08000490                __aeabi_f2d
                0x08000490                __extendsfdf2
                0x080004d4                __floatundidf
                0x080004d4                __aeabi_ul2d
                0x080004e4                __floatdidf
                0x080004e4                __aeabi_l2d
 .text          0x08000540       0x30 G:/Deepak/stm32/STM32CubeIDE_1.19.0/STM32CubeIDE/plugins/com.st.stm32cube.ide.mcu.externaltools.gnu-tools-for-stm32.13.3.rel1.win32_1.0.0.202411081344/tools/bin/../lib/gcc/arm-none-eabi/13.3.1/thumb/v7e-m+fp/hard\libgcc.a(_aeabi_uldivmod.o)
                0x08000540                __aeabi_uldivmod
 .text          0x08000570      0x2f8 G:/Deepak/stm32/STM32CubeIDE_1.19.0/STM32CubeIDE/plugins/com.st.stm32cube.ide.mcu.externaltools.gnu-tools-for-stm32.13.3.rel1.win32_1.0.0.202411081344/tools/bin/../lib/gcc/arm-none-eabi/13.3.1/thumb/v7e-m+fp/hard\libgcc.a(_udivmoddi4.o)
                0x08000570                __udivmoddi4
 .text          0x08000868        0x4 G:/Deepak/stm32/STM32CubeIDE_1.19.0/STM32CubeIDE/plugins/com.st.stm32cube.ide.mcu.externaltools.gnu-tools-for-stm32.13.3.rel1.win32_1.0.0.202411081344/tools/bin/../lib/gcc/arm-none-eabi/13.3.1/thumb/v7e-m+fp/hard\libgcc.a(_dvmd_tls.o)
                0x08000868                __aeabi_idiv0
                0x08000868                __aeabi_ldiv0
 *(.text*)
 .text.ADS1247_read_register
                0x0800086c       0x98 ./Core/Src/ADS1247.o
                0x0800086c                ADS1247_read_register
 .text.ADS1247_write_register
                0x08000904       0xb4 ./Core/Src/ADS1247.o
                0x08000904                ADS1247_write_register
 .text.ADS1247_ReadData
                0x080009b8       0xa4 ./Core/Src/ADS1247.o
                0x080009b8                ADS1247_ReadData
 .text.ads1247_init
                0x08000a5c      0x1e4 ./Core/Src/ADS1247.o
                0x08000a5c                ads1247_init
 .text.ADS1247_begin
                0x08000c40       0xbc ./Core/Src/ADS1247.o
                0x08000c40                ADS1247_begin
 *fill*         0x08000cfc        0x4 
 .text.ads1247_raw_to_voltage
                0x08000d00       0x78 ./Core/Src/ADS1247.o
                0x08000d00                ads1247_raw_to_voltage
 .text.MX_GPIO_Init
                0x08000d78      0x150 ./Core/Src/gpio.o
                0x08000d78                MX_GPIO_Init
 .text.analog_supplie_init
                0x08000ec8       0xa8 ./Core/Src/main.o
                0x08000ec8                analog_supplie_init
 .text.main     0x08000f70       0x8c ./Core/Src/main.o
                0x08000f70                main
 .text.SystemClock_Config
                0x08000ffc       0xd4 ./Core/Src/main.o
                0x08000ffc                SystemClock_Config
 .text.Error_Handler
                0x080010d0        0xc ./Core/Src/main.o
                0x080010d0                Error_Handler
 .text.MX_SPI2_Init
                0x080010dc       0x6c ./Core/Src/spi.o
                0x080010dc                MX_SPI2_Init
 .text.HAL_SPI_MspInit
                0x08001148       0xd0 ./Core/Src/spi.o
                0x08001148                HAL_SPI_MspInit
 .text.HAL_MspInit
                0x08001218       0x50 ./Core/Src/stm32f4xx_hal_msp.o
                0x08001218                HAL_MspInit
 .text.NMI_Handler
                0x08001268        0x8 ./Core/Src/stm32f4xx_it.o
                0x08001268                NMI_Handler
 .text.HardFault_Handler
                0x08001270        0x8 ./Core/Src/stm32f4xx_it.o
                0x08001270                HardFault_Handler
 .text.MemManage_Handler
                0x08001278        0x8 ./Core/Src/stm32f4xx_it.o
                0x08001278                MemManage_Handler
 .text.BusFault_Handler
                0x08001280        0x8 ./Core/Src/stm32f4xx_it.o
                0x08001280                BusFault_Handler
 .text.UsageFault_Handler
                0x08001288        0x8 ./Core/Src/stm32f4xx_it.o
                0x08001288                UsageFault_Handler
 .text.SVC_Handler
                0x08001290        0xe ./Core/Src/stm32f4xx_it.o
                0x08001290                SVC_Handler
 .text.DebugMon_Handler
                0x0800129e        0xe ./Core/Src/stm32f4xx_it.o
                0x0800129e                DebugMon_Handler
 .text.PendSV_Handler
                0x080012ac        0xe ./Core/Src/stm32f4xx_it.o
                0x080012ac                PendSV_Handler
 .text.SysTick_Handler
                0x080012ba        0xc ./Core/Src/stm32f4xx_it.o
                0x080012ba                SysTick_Handler
 *fill*         0x080012c6        0x2 
 .text.SystemInit
                0x080012c8       0x24 ./Core/Src/system_stm32f4xx.o
                0x080012c8                SystemInit
 .text.Reset_Handler
                0x080012ec       0x50 ./Core/Startup/startup_stm32f407vgtx.o
                0x080012ec                Reset_Handler
 .text.Default_Handler
                0x0800133c        0x2 ./Core/Startup/startup_stm32f407vgtx.o
                0x0800133c                RTC_Alarm_IRQHandler
                0x0800133c                HASH_RNG_IRQHandler
                0x0800133c                EXTI2_IRQHandler
                0x0800133c                TIM8_CC_IRQHandler
                0x0800133c                TIM1_CC_IRQHandler
                0x0800133c                DMA2_Stream5_IRQHandler
                0x0800133c                DMA1_Stream5_IRQHandler
                0x0800133c                PVD_IRQHandler
                0x0800133c                SDIO_IRQHandler
                0x0800133c                TAMP_STAMP_IRQHandler
                0x0800133c                CAN2_RX1_IRQHandler
                0x0800133c                EXTI3_IRQHandler
                0x0800133c                TIM8_TRG_COM_TIM14_IRQHandler
                0x0800133c                TIM1_UP_TIM10_IRQHandler
                0x0800133c                TIM8_UP_TIM13_IRQHandler
                0x0800133c                I2C3_ER_IRQHandler
                0x0800133c                EXTI0_IRQHandler
                0x0800133c                I2C2_EV_IRQHandler
                0x0800133c                DMA1_Stream2_IRQHandler
                0x0800133c                CAN1_RX0_IRQHandler
                0x0800133c                FPU_IRQHandler
                0x0800133c                OTG_HS_WKUP_IRQHandler
                0x0800133c                CAN2_SCE_IRQHandler
                0x0800133c                DMA2_Stream2_IRQHandler
                0x0800133c                SPI1_IRQHandler
                0x0800133c                TIM6_DAC_IRQHandler
                0x0800133c                TIM1_BRK_TIM9_IRQHandler
                0x0800133c                DCMI_IRQHandler
                0x0800133c                CAN2_RX0_IRQHandler
                0x0800133c                DMA2_Stream3_IRQHandler
                0x0800133c                USART6_IRQHandler
                0x0800133c                USART3_IRQHandler
                0x0800133c                CAN1_RX1_IRQHandler
                0x0800133c                UART5_IRQHandler
                0x0800133c                DMA2_Stream0_IRQHandler
                0x0800133c                TIM4_IRQHandler
                0x0800133c                I2C1_EV_IRQHandler
                0x0800133c                DMA1_Stream6_IRQHandler
                0x0800133c                DMA1_Stream1_IRQHandler
                0x0800133c                UART4_IRQHandler
                0x0800133c                TIM3_IRQHandler
                0x0800133c                RCC_IRQHandler
                0x0800133c                TIM8_BRK_TIM12_IRQHandler
                0x0800133c                Default_Handler
                0x0800133c                EXTI15_10_IRQHandler
                0x0800133c                ADC_IRQHandler
                0x0800133c                DMA1_Stream7_IRQHandler
                0x0800133c                TIM7_IRQHandler
                0x0800133c                CAN2_TX_IRQHandler
                0x0800133c                TIM5_IRQHandler
                0x0800133c                DMA2_Stream7_IRQHandler
                0x0800133c                I2C3_EV_IRQHandler
                0x0800133c                EXTI9_5_IRQHandler
                0x0800133c                RTC_WKUP_IRQHandler
                0x0800133c                ETH_WKUP_IRQHandler
                0x0800133c                SPI2_IRQHandler
                0x0800133c                OTG_HS_EP1_IN_IRQHandler
                0x0800133c                DMA1_Stream0_IRQHandler
                0x0800133c                CAN1_TX_IRQHandler
                0x0800133c                EXTI4_IRQHandler
                0x0800133c                FSMC_IRQHandler
                0x0800133c                ETH_IRQHandler
                0x0800133c                OTG_HS_EP1_OUT_IRQHandler
                0x0800133c                WWDG_IRQHandler
                0x0800133c                TIM2_IRQHandler
                0x0800133c                OTG_FS_WKUP_IRQHandler
                0x0800133c                TIM1_TRG_COM_TIM11_IRQHandler
                0x0800133c                OTG_HS_IRQHandler
                0x0800133c                EXTI1_IRQHandler
                0x0800133c                USART2_IRQHandler
                0x0800133c                I2C2_ER_IRQHandler
                0x0800133c                DMA2_Stream1_IRQHandler
                0x0800133c                CAN1_SCE_IRQHandler
                0x0800133c                FLASH_IRQHandler
                0x0800133c                DMA2_Stream4_IRQHandler
                0x0800133c                USART1_IRQHandler
                0x0800133c                OTG_FS_IRQHandler
                0x0800133c                SPI3_IRQHandler
                0x0800133c                DMA1_Stream4_IRQHandler
                0x0800133c                I2C1_ER_IRQHandler
                0x0800133c                DMA2_Stream6_IRQHandler
                0x0800133c                DMA1_Stream3_IRQHandler
 *fill*         0x0800133e        0x2 
 .text.HAL_Init
                0x08001340       0x44 ./Drivers/STM32F4xx_HAL_Driver/Src/stm32f4xx_hal.o
                0x08001340                HAL_Init
 .text.HAL_InitTick
                0x08001384       0x60 ./Drivers/STM32F4xx_HAL_Driver/Src/stm32f4xx_hal.o
                0x08001384                HAL_InitTick
 .text.HAL_IncTick
                0x080013e4       0x28 ./Drivers/STM32F4xx_HAL_Driver/Src/stm32f4xx_hal.o
                0x080013e4                HAL_IncTick
 .text.HAL_GetTick
                0x0800140c       0x18 ./Drivers/STM32F4xx_HAL_Driver/Src/stm32f4xx_hal.o
                0x0800140c                HAL_GetTick
 .text.HAL_Delay
                0x08001424       0x48 ./Drivers/STM32F4xx_HAL_Driver/Src/stm32f4xx_hal.o
                0x08001424                HAL_Delay
 .text.__NVIC_SetPriorityGrouping
                0x0800146c       0x48 ./Drivers/STM32F4xx_HAL_Driver/Src/stm32f4xx_hal_cortex.o
 .text.__NVIC_GetPriorityGrouping
                0x080014b4       0x1c ./Drivers/STM32F4xx_HAL_Driver/Src/stm32f4xx_hal_cortex.o
 .text.__NVIC_SetPriority
                0x080014d0       0x54 ./Drivers/STM32F4xx_HAL_Driver/Src/stm32f4xx_hal_cortex.o
 .text.NVIC_EncodePriority
                0x08001524       0x66 ./Drivers/STM32F4xx_HAL_Driver/Src/stm32f4xx_hal_cortex.o
 *fill*         0x0800158a        0x2 
 .text.SysTick_Config
                0x0800158c       0x44 ./Drivers/STM32F4xx_HAL_Driver/Src/stm32f4xx_hal_cortex.o
 .text.HAL_NVIC_SetPriorityGrouping
                0x080015d0       0x16 ./Drivers/STM32F4xx_HAL_Driver/Src/stm32f4xx_hal_cortex.o
                0x080015d0                HAL_NVIC_SetPriorityGrouping
 .text.HAL_NVIC_SetPriority
                0x080015e6       0x38 ./Drivers/STM32F4xx_HAL_Driver/Src/stm32f4xx_hal_cortex.o
                0x080015e6                HAL_NVIC_SetPriority
 .text.HAL_SYSTICK_Config
                0x0800161e       0x18 ./Drivers/STM32F4xx_HAL_Driver/Src/stm32f4xx_hal_cortex.o
                0x0800161e                HAL_SYSTICK_Config
 *fill*         0x08001636        0x2 
 .text.HAL_FLASH_Unlock
                0x08001638       0x44 ./Drivers/STM32F4xx_HAL_Driver/Src/stm32f4xx_hal_flash.o
                0x08001638                HAL_FLASH_Unlock
 .text.HAL_FLASH_Lock
                0x0800167c       0x20 ./Drivers/STM32F4xx_HAL_Driver/Src/stm32f4xx_hal_flash.o
                0x0800167c                HAL_FLASH_Lock
 .text.HAL_GPIO_Init
                0x0800169c      0x338 ./Drivers/STM32F4xx_HAL_Driver/Src/stm32f4xx_hal_gpio.o
                0x0800169c                HAL_GPIO_Init
 .text.HAL_GPIO_ReadPin
                0x080019d4       0x30 ./Drivers/STM32F4xx_HAL_Driver/Src/stm32f4xx_hal_gpio.o
                0x080019d4                HAL_GPIO_ReadPin
 .text.HAL_GPIO_WritePin
                0x08001a04       0x32 ./Drivers/STM32F4xx_HAL_Driver/Src/stm32f4xx_hal_gpio.o
                0x08001a04                HAL_GPIO_WritePin
 *fill*         0x08001a36        0x2 
 .text.HAL_RCC_OscConfig
                0x08001a38      0x4f0 ./Drivers/STM32F4xx_HAL_Driver/Src/stm32f4xx_hal_rcc.o
                0x08001a38                HAL_RCC_OscConfig
 .text.HAL_RCC_ClockConfig
                0x08001f28      0x1cc ./Drivers/STM32F4xx_HAL_Driver/Src/stm32f4xx_hal_rcc.o
                0x08001f28                HAL_RCC_ClockConfig
 .text.HAL_RCC_GetSysClockFreq
                0x080020f4      0x20c ./Drivers/STM32F4xx_HAL_Driver/Src/stm32f4xx_hal_rcc.o
                0x080020f4                HAL_RCC_GetSysClockFreq
 .text.HAL_SPI_Init
                0x08002300      0x112 ./Drivers/STM32F4xx_HAL_Driver/Src/stm32f4xx_hal_spi.o
                0x08002300                HAL_SPI_Init
 .text.HAL_SPI_Transmit
                0x08002412      0x288 ./Drivers/STM32F4xx_HAL_Driver/Src/stm32f4xx_hal_spi.o
                0x08002412                HAL_SPI_Transmit
 .text.HAL_SPI_TransmitReceive
                0x0800269a      0x352 ./Drivers/STM32F4xx_HAL_Driver/Src/stm32f4xx_hal_spi.o
                0x0800269a                HAL_SPI_TransmitReceive
 .text.SPI_WaitFlagStateUntilTimeout
                0x080029ec      0x110 ./Drivers/STM32F4xx_HAL_Driver/Src/stm32f4xx_hal_spi.o
 .text.SPI_EndRxTxTransaction
                0x08002afc       0xa8 ./Drivers/STM32F4xx_HAL_Driver/Src/stm32f4xx_hal_spi.o
 .text.memset   0x08002ba4       0x10 G:/Deepak/stm32/STM32CubeIDE_1.19.0/STM32CubeIDE/plugins/com.st.stm32cube.ide.mcu.externaltools.gnu-tools-for-stm32.13.3.rel1.win32_1.0.0.202411081344/tools/bin/../lib/gcc/arm-none-eabi/13.3.1/../../../../arm-none-eabi/lib/thumb/v7e-m+fp/hard\libc_nano.a(libc_a-memset.o)
                0x08002ba4                memset
 .text.__libc_init_array
                0x08002bb4       0x48 G:/Deepak/stm32/STM32CubeIDE_1.19.0/STM32CubeIDE/plugins/com.st.stm32cube.ide.mcu.externaltools.gnu-tools-for-stm32.13.3.rel1.win32_1.0.0.202411081344/tools/bin/../lib/gcc/arm-none-eabi/13.3.1/../../../../arm-none-eabi/lib/thumb/v7e-m+fp/hard\libc_nano.a(libc_a-init.o)
                0x08002bb4                __libc_init_array
 *(.glue_7)
 .glue_7        0x08002bfc        0x0 linker stubs
 *(.glue_7t)
 .glue_7t       0x08002bfc        0x0 linker stubs
 *(.eh_frame)
 .eh_frame      0x08002bfc        0x0 G:/Deepak/stm32/STM32CubeIDE_1.19.0/STM32CubeIDE/plugins/com.st.stm32cube.ide.mcu.externaltools.gnu-tools-for-stm32.13.3.rel1.win32_1.0.0.202411081344/tools/bin/../lib/gcc/arm-none-eabi/13.3.1/thumb/v7e-m+fp/hard/crtbegin.o
 *(.init)
 .init          0x08002bfc        0x4 G:/Deepak/stm32/STM32CubeIDE_1.19.0/STM32CubeIDE/plugins/com.st.stm32cube.ide.mcu.externaltools.gnu-tools-for-stm32.13.3.rel1.win32_1.0.0.202411081344/tools/bin/../lib/gcc/arm-none-eabi/13.3.1/thumb/v7e-m+fp/hard/crti.o
                0x08002bfc                _init
 .init          0x08002c00        0x8 G:/Deepak/stm32/STM32CubeIDE_1.19.0/STM32CubeIDE/plugins/com.st.stm32cube.ide.mcu.externaltools.gnu-tools-for-stm32.13.3.rel1.win32_1.0.0.202411081344/tools/bin/../lib/gcc/arm-none-eabi/13.3.1/thumb/v7e-m+fp/hard/crtn.o
 *(.fini)
 .fini          0x08002c08        0x4 G:/Deepak/stm32/STM32CubeIDE_1.19.0/STM32CubeIDE/plugins/com.st.stm32cube.ide.mcu.externaltools.gnu-tools-for-stm32.13.3.rel1.win32_1.0.0.202411081344/tools/bin/../lib/gcc/arm-none-eabi/13.3.1/thumb/v7e-m+fp/hard/crti.o
                0x08002c08                _fini
 .fini          0x08002c0c        0x8 G:/Deepak/stm32/STM32CubeIDE_1.19.0/STM32CubeIDE/plugins/com.st.stm32cube.ide.mcu.externaltools.gnu-tools-for-stm32.13.3.rel1.win32_1.0.0.202411081344/tools/bin/../lib/gcc/arm-none-eabi/13.3.1/thumb/v7e-m+fp/hard/crtn.o
                0x08002c14                        . = ALIGN (0x4)
                0x08002c14                        _etext = .

.vfp11_veneer   0x08002c14        0x0
 .vfp11_veneer  0x08002c14        0x0 linker stubs

.v4_bx          0x08002c14        0x0
 .v4_bx         0x08002c14        0x0 linker stubs

.iplt           0x08002c14        0x0
 .iplt          0x08002c14        0x0 G:/Deepak/stm32/STM32CubeIDE_1.19.0/STM32CubeIDE/plugins/com.st.stm32cube.ide.mcu.externaltools.gnu-tools-for-stm32.13.3.rel1.win32_1.0.0.202411081344/tools/bin/../lib/gcc/arm-none-eabi/13.3.1/thumb/v7e-m+fp/hard/crtbegin.o

.rodata         0x08002c14       0x28
                0x08002c14                        . = ALIGN (0x4)
 *(.rodata)
 .rodata        0x08002c14       0x16 ./Core/Src/main.o
 *(.rodata*)
 *fill*         0x08002c2a        0x2 
 .rodata.AHBPrescTable
                0x08002c2c       0x10 ./Core/Src/system_stm32f4xx.o
                0x08002c2c                AHBPrescTable
                0x08002c3c                        . = ALIGN (0x4)

.ARM.extab      0x08002c3c        0x0
                0x08002c3c                        . = ALIGN (0x4)
 *(.ARM.extab* .gnu.linkonce.armextab.*)
                0x08002c3c                        . = ALIGN (0x4)

.ARM            0x08002c3c        0x8
                0x08002c3c                        . = ALIGN (0x4)
                0x08002c3c                        __exidx_start = .
 *(.ARM.exidx*)
 .ARM.exidx     0x08002c3c        0x8 G:/Deepak/stm32/STM32CubeIDE_1.19.0/STM32CubeIDE/plugins/com.st.stm32cube.ide.mcu.externaltools.gnu-tools-for-stm32.13.3.rel1.win32_1.0.0.202411081344/tools/bin/../lib/gcc/arm-none-eabi/13.3.1/thumb/v7e-m+fp/hard\libgcc.a(_udivmoddi4.o)
                0x08002c44                        __exidx_end = .
                0x08002c44                        . = ALIGN (0x4)

.preinit_array  0x08002c44        0x0
                0x08002c44                        . = ALIGN (0x4)
                0x08002c44                        PROVIDE (__preinit_array_start = .)
 *(.preinit_array*)
                0x08002c44                        PROVIDE (__preinit_array_end = .)
                0x08002c44                        . = ALIGN (0x4)

.init_array     0x08002c44        0x4
                0x08002c44                        . = ALIGN (0x4)
                0x08002c44                        PROVIDE (__init_array_start = .)
 *(SORT_BY_NAME(.init_array.*))
 *(.init_array*)
 .init_array    0x08002c44        0x4 G:/Deepak/stm32/STM32CubeIDE_1.19.0/STM32CubeIDE/plugins/com.st.stm32cube.ide.mcu.externaltools.gnu-tools-for-stm32.13.3.rel1.win32_1.0.0.202411081344/tools/bin/../lib/gcc/arm-none-eabi/13.3.1/thumb/v7e-m+fp/hard/crtbegin.o
                0x08002c48                        PROVIDE (__init_array_end = .)
                0x08002c48                        . = ALIGN (0x4)

.fini_array     0x08002c48        0x4
                0x08002c48                        . = ALIGN (0x4)
                [!provide]                        PROVIDE (__fini_array_start = .)
 *(SORT_BY_NAME(.fini_array.*))
 *(.fini_array*)
 .fini_array    0x08002c48        0x4 G:/Deepak/stm32/STM32CubeIDE_1.19.0/STM32CubeIDE/plugins/com.st.stm32cube.ide.mcu.externaltools.gnu-tools-for-stm32.13.3.rel1.win32_1.0.0.202411081344/tools/bin/../lib/gcc/arm-none-eabi/13.3.1/thumb/v7e-m+fp/hard/crtbegin.o
                [!provide]                        PROVIDE (__fini_array_end = .)
                0x08002c4c                        . = ALIGN (0x4)
                0x08002c4c                        _sidata = LOADADDR (.data)

.rel.dyn        0x08002c4c        0x0
 .rel.iplt      0x08002c4c        0x0 G:/Deepak/stm32/STM32CubeIDE_1.19.0/STM32CubeIDE/plugins/com.st.stm32cube.ide.mcu.externaltools.gnu-tools-for-stm32.13.3.rel1.win32_1.0.0.202411081344/tools/bin/../lib/gcc/arm-none-eabi/13.3.1/thumb/v7e-m+fp/hard/crtbegin.o

.data           0x20000000        0xc load address 0x08002c4c
                0x20000000                        . = ALIGN (0x4)
                0x20000000                        _sdata = .
 *(.data)
 *(.data*)
 .data.SystemCoreClock
                0x20000000        0x4 ./Core/Src/system_stm32f4xx.o
                0x20000000                SystemCoreClock
 .data.uwTickPrio
                0x20000004        0x4 ./Drivers/STM32F4xx_HAL_Driver/Src/stm32f4xx_hal.o
                0x20000004                uwTickPrio
 .data.uwTickFreq
                0x20000008        0x1 ./Drivers/STM32F4xx_HAL_Driver/Src/stm32f4xx_hal.o
                0x20000008                uwTickFreq
 *(.RamFunc)
 *(.RamFunc*)
                0x2000000c                        . = ALIGN (0x4)
 *fill*         0x20000009        0x3 
                0x2000000c                        _edata = .
                0x08002c58                        _siccmram = LOADADDR (.ccmram)

.igot.plt       0x2000000c        0x0 load address 0x08002c58
 .igot.plt      0x2000000c        0x0 G:/Deepak/stm32/STM32CubeIDE_1.19.0/STM32CubeIDE/plugins/com.st.stm32cube.ide.mcu.externaltools.gnu-tools-for-stm32.13.3.rel1.win32_1.0.0.202411081344/tools/bin/../lib/gcc/arm-none-eabi/13.3.1/thumb/v7e-m+fp/hard/crtbegin.o

.ccmram         0x10000000        0x0 load address 0x08002c58
                0x10000000                        . = ALIGN (0x4)
                0x10000000                        _sccmram = .
 *(.ccmram)
 *(.ccmram*)
                0x10000000                        . = ALIGN (0x4)
                0x10000000                        _eccmram = .
                0x10000000                        . = ALIGN (0x4)

.bss            0x20000010       0x8c
                0x20000010                        _sbss = .
                0x20000010                        __bss_start__ = _sbss
 *(.bss)
 .bss           0x20000010       0x1c G:/Deepak/stm32/STM32CubeIDE_1.19.0/STM32CubeIDE/plugins/com.st.stm32cube.ide.mcu.externaltools.gnu-tools-for-stm32.13.3.rel1.win32_1.0.0.202411081344/tools/bin/../lib/gcc/arm-none-eabi/13.3.1/thumb/v7e-m+fp/hard/crtbegin.o
 *(.bss*)
 .bss.status    0x2000002c        0x1 ./Core/Src/main.o
                0x2000002c                status
 *fill*         0x2000002d        0x3 
 .bss.raw       0x20000030        0x4 ./Core/Src/main.o
                0x20000030                raw
 *fill*         0x20000034        0x4 
 .bss.result_temp
                0x20000038        0x8 ./Core/Src/main.o
                0x20000038                result_temp
 .bss.hspi2     0x20000040       0x58 ./Core/Src/spi.o
                0x20000040                hspi2
 .bss.uwTick    0x20000098        0x4 ./Drivers/STM32F4xx_HAL_Driver/Src/stm32f4xx_hal.o
                0x20000098                uwTick
 *(COMMON)
                0x2000009c                        . = ALIGN (0x4)
                0x2000009c                        _ebss = .
                0x2000009c                        __bss_end__ = _ebss

._user_heap_stack
                0x2000009c      0x604
                0x200000a0                        . = ALIGN (0x8)
 *fill*         0x2000009c        0x4 
                [!provide]                        PROVIDE (end = .)
                0x200000a0                        PROVIDE (_end = .)
                0x200002a0                        . = (. + _Min_Heap_Size)
 *fill*         0x200000a0      0x200 
                0x200006a0                        . = (. + _Min_Stack_Size)
 *fill*         0x200002a0      0x400 
                0x200006a0                        . = ALIGN (0x8)

/DISCARD/
 libc.a(*)
 libm.a(*)
 libgcc.a(*)

.ARM.attributes
                0x00000000       0x30
 *(.ARM.attributes)
 .ARM.attributes
                0x00000000       0x22 G:/Deepak/stm32/STM32CubeIDE_1.19.0/STM32CubeIDE/plugins/com.st.stm32cube.ide.mcu.externaltools.gnu-tools-for-stm32.13.3.rel1.win32_1.0.0.202411081344/tools/bin/../lib/gcc/arm-none-eabi/13.3.1/thumb/v7e-m+fp/hard/crti.o
 .ARM.attributes
                0x00000022       0x34 G:/Deepak/stm32/STM32CubeIDE_1.19.0/STM32CubeIDE/plugins/com.st.stm32cube.ide.mcu.externaltools.gnu-tools-for-stm32.13.3.rel1.win32_1.0.0.202411081344/tools/bin/../lib/gcc/arm-none-eabi/13.3.1/thumb/v7e-m+fp/hard/crtbegin.o
 .ARM.attributes
                0x00000056       0x34 ./Core/Src/ADS1247.o
 .ARM.attributes
                0x0000008a       0x34 ./Core/Src/gpio.o
 .ARM.attributes
                0x000000be       0x34 ./Core/Src/main.o
 .ARM.attributes
                0x000000f2       0x34 ./Core/Src/spi.o
 .ARM.attributes
                0x00000126       0x34 ./Core/Src/stm32f4xx_hal_msp.o
 .ARM.attributes
                0x0000015a       0x34 ./Core/Src/stm32f4xx_it.o
 .ARM.attributes
                0x0000018e       0x34 ./Core/Src/system_stm32f4xx.o
 .ARM.attributes
                0x000001c2       0x21 ./Core/Startup/startup_stm32f407vgtx.o
 .ARM.attributes
                0x000001e3       0x34 ./Drivers/STM32F4xx_HAL_Driver/Src/stm32f4xx_hal.o
 .ARM.attributes
                0x00000217       0x34 ./Drivers/STM32F4xx_HAL_Driver/Src/stm32f4xx_hal_cortex.o
 .ARM.attributes
                0x0000024b       0x34 ./Drivers/STM32F4xx_HAL_Driver/Src/stm32f4xx_hal_flash.o
 .ARM.attributes
                0x0000027f       0x34 ./Drivers/STM32F4xx_HAL_Driver/Src/stm32f4xx_hal_gpio.o
 .ARM.attributes
                0x000002b3       0x34 ./Drivers/STM32F4xx_HAL_Driver/Src/stm32f4xx_hal_rcc.o
 .ARM.attributes
                0x000002e7       0x34 ./Drivers/STM32F4xx_HAL_Driver/Src/stm32f4xx_hal_spi.o
 .ARM.attributes
                0x0000031b       0x34 G:/Deepak/stm32/STM32CubeIDE_1.19.0/STM32CubeIDE/plugins/com.st.stm32cube.ide.mcu.externaltools.gnu-tools-for-stm32.13.3.rel1.win32_1.0.0.202411081344/tools/bin/../lib/gcc/arm-none-eabi/13.3.1/../../../../arm-none-eabi/lib/thumb/v7e-m+fp/hard\libc_nano.a(libc_a-memset.o)
 .ARM.attributes
                0x0000034f       0x34 G:/Deepak/stm32/STM32CubeIDE_1.19.0/STM32CubeIDE/plugins/com.st.stm32cube.ide.mcu.externaltools.gnu-tools-for-stm32.13.3.rel1.win32_1.0.0.202411081344/tools/bin/../lib/gcc/arm-none-eabi/13.3.1/../../../../arm-none-eabi/lib/thumb/v7e-m+fp/hard\libc_nano.a(libc_a-init.o)
 .ARM.attributes
                0x00000383       0x22 G:/Deepak/stm32/STM32CubeIDE_1.19.0/STM32CubeIDE/plugins/com.st.stm32cube.ide.mcu.externaltools.gnu-tools-for-stm32.13.3.rel1.win32_1.0.0.202411081344/tools/bin/../lib/gcc/arm-none-eabi/13.3.1/thumb/v7e-m+fp/hard\libgcc.a(_arm_addsubdf3.o)
 .ARM.attributes
                0x000003a5       0x22 G:/Deepak/stm32/STM32CubeIDE_1.19.0/STM32CubeIDE/plugins/com.st.stm32cube.ide.mcu.externaltools.gnu-tools-for-stm32.13.3.rel1.win32_1.0.0.202411081344/tools/bin/../lib/gcc/arm-none-eabi/13.3.1/thumb/v7e-m+fp/hard\libgcc.a(_aeabi_uldivmod.o)
 .ARM.attributes
                0x000003c7       0x34 G:/Deepak/stm32/STM32CubeIDE_1.19.0/STM32CubeIDE/plugins/com.st.stm32cube.ide.mcu.externaltools.gnu-tools-for-stm32.13.3.rel1.win32_1.0.0.202411081344/tools/bin/../lib/gcc/arm-none-eabi/13.3.1/thumb/v7e-m+fp/hard\libgcc.a(_udivmoddi4.o)
 .ARM.attributes
                0x000003fb       0x22 G:/Deepak/stm32/STM32CubeIDE_1.19.0/STM32CubeIDE/plugins/com.st.stm32cube.ide.mcu.externaltools.gnu-tools-for-stm32.13.3.rel1.win32_1.0.0.202411081344/tools/bin/../lib/gcc/arm-none-eabi/13.3.1/thumb/v7e-m+fp/hard\libgcc.a(_dvmd_tls.o)
 .ARM.attributes
                0x0000041d       0x22 G:/Deepak/stm32/STM32CubeIDE_1.19.0/STM32CubeIDE/plugins/com.st.stm32cube.ide.mcu.externaltools.gnu-tools-for-stm32.13.3.rel1.win32_1.0.0.202411081344/tools/bin/../lib/gcc/arm-none-eabi/13.3.1/thumb/v7e-m+fp/hard/crtn.o
OUTPUT(ADS1247.elf elf32-littlearm)
LOAD linker stubs
LOAD G:/Deepak/stm32/STM32CubeIDE_1.19.0/STM32CubeIDE/plugins/com.st.stm32cube.ide.mcu.externaltools.gnu-tools-for-stm32.13.3.rel1.win32_1.0.0.202411081344/tools/bin/../lib/gcc/arm-none-eabi/13.3.1/../../../../arm-none-eabi/lib/thumb/v7e-m+fp/hard\libc.a
LOAD G:/Deepak/stm32/STM32CubeIDE_1.19.0/STM32CubeIDE/plugins/com.st.stm32cube.ide.mcu.externaltools.gnu-tools-for-stm32.13.3.rel1.win32_1.0.0.202411081344/tools/bin/../lib/gcc/arm-none-eabi/13.3.1/../../../../arm-none-eabi/lib/thumb/v7e-m+fp/hard\libm.a
LOAD G:/Deepak/stm32/STM32CubeIDE_1.19.0/STM32CubeIDE/plugins/com.st.stm32cube.ide.mcu.externaltools.gnu-tools-for-stm32.13.3.rel1.win32_1.0.0.202411081344/tools/bin/../lib/gcc/arm-none-eabi/13.3.1/thumb/v7e-m+fp/hard\libgcc.a

.debug_info     0x00000000     0x747b
 .debug_info    0x00000000      0xcc9 ./Core/Src/ADS1247.o
 .debug_info    0x00000cc9      0x425 ./Core/Src/gpio.o
 .debug_info    0x000010ee     0x105c ./Core/Src/main.o
 .debug_info    0x0000214a      0x969 ./Core/Src/spi.o
 .debug_info    0x00002ab3      0x27c ./Core/Src/stm32f4xx_hal_msp.o
 .debug_info    0x00002d2f      0x112 ./Core/Src/stm32f4xx_it.o
 .debug_info    0x00002e41      0x512 ./Core/Src/system_stm32f4xx.o
 .debug_info    0x00003353       0x30 ./Core/Startup/startup_stm32f407vgtx.o
 .debug_info    0x00003383      0x944 ./Drivers/STM32F4xx_HAL_Driver/Src/stm32f4xx_hal.o
 .debug_info    0x00003cc7      0xd8c ./Drivers/STM32F4xx_HAL_Driver/Src/stm32f4xx_hal_cortex.o
 .debug_info    0x00004a53      0x57d ./Drivers/STM32F4xx_HAL_Driver/Src/stm32f4xx_hal_flash.o
 .debug_info    0x00004fd0      0x6c3 ./Drivers/STM32F4xx_HAL_Driver/Src/stm32f4xx_hal_gpio.o
 .debug_info    0x00005693      0x8c3 ./Drivers/STM32F4xx_HAL_Driver/Src/stm32f4xx_hal_rcc.o
 .debug_info    0x00005f56     0x1525 ./Drivers/STM32F4xx_HAL_Driver/Src/stm32f4xx_hal_spi.o

.debug_abbrev   0x00000000     0x19dd
 .debug_abbrev  0x00000000      0x21a ./Core/Src/ADS1247.o
 .debug_abbrev  0x0000021a      0x152 ./Core/Src/gpio.o
 .debug_abbrev  0x0000036c      0x310 ./Core/Src/main.o
 .debug_abbrev  0x0000067c      0x1fa ./Core/Src/spi.o
 .debug_abbrev  0x00000876       0xf4 ./Core/Src/stm32f4xx_hal_msp.o
 .debug_abbrev  0x0000096a       0x73 ./Core/Src/stm32f4xx_it.o
 .debug_abbrev  0x000009dd      0x11a ./Core/Src/system_stm32f4xx.o
 .debug_abbrev  0x00000af7       0x24 ./Core/Startup/startup_stm32f407vgtx.o
 .debug_abbrev  0x00000b1b      0x214 ./Drivers/STM32F4xx_HAL_Driver/Src/stm32f4xx_hal.o
 .debug_abbrev  0x00000d2f      0x31d ./Drivers/STM32F4xx_HAL_Driver/Src/stm32f4xx_hal_cortex.o
 .debug_abbrev  0x0000104c      0x28c ./Drivers/STM32F4xx_HAL_Driver/Src/stm32f4xx_hal_flash.o
 .debug_abbrev  0x000012d8      0x1d4 ./Drivers/STM32F4xx_HAL_Driver/Src/stm32f4xx_hal_gpio.o
 .debug_abbrev  0x000014ac      0x2b7 ./Drivers/STM32F4xx_HAL_Driver/Src/stm32f4xx_hal_rcc.o
 .debug_abbrev  0x00001763      0x27a ./Drivers/STM32F4xx_HAL_Driver/Src/stm32f4xx_hal_spi.o

.debug_aranges  0x00000000      0x728
 .debug_aranges
                0x00000000       0x50 ./Core/Src/ADS1247.o
 .debug_aranges
                0x00000050       0x20 ./Core/Src/gpio.o
 .debug_aranges
                0x00000070       0x48 ./Core/Src/main.o
 .debug_aranges
                0x000000b8       0x30 ./Core/Src/spi.o
 .debug_aranges
                0x000000e8       0x20 ./Core/Src/stm32f4xx_hal_msp.o
 .debug_aranges
                0x00000108       0x60 ./Core/Src/stm32f4xx_it.o
 .debug_aranges
                0x00000168       0x28 ./Core/Src/system_stm32f4xx.o
 .debug_aranges
                0x00000190       0x28 ./Core/Startup/startup_stm32f407vgtx.o
 .debug_aranges
                0x000001b8       0xf0 ./Drivers/STM32F4xx_HAL_Driver/Src/stm32f4xx_hal.o
 .debug_aranges
                0x000002a8      0x130 ./Drivers/STM32F4xx_HAL_Driver/Src/stm32f4xx_hal_cortex.o
 .debug_aranges
                0x000003d8       0xa0 ./Drivers/STM32F4xx_HAL_Driver/Src/stm32f4xx_hal_flash.o
 .debug_aranges
                0x00000478       0x58 ./Drivers/STM32F4xx_HAL_Driver/Src/stm32f4xx_hal_gpio.o
 .debug_aranges
                0x000004d0       0x88 ./Drivers/STM32F4xx_HAL_Driver/Src/stm32f4xx_hal_rcc.o
 .debug_aranges
                0x00000558      0x1d0 ./Drivers/STM32F4xx_HAL_Driver/Src/stm32f4xx_hal_spi.o

.debug_rnglists
                0x00000000      0x549
 .debug_rnglists
                0x00000000       0x3c ./Core/Src/ADS1247.o
 .debug_rnglists
                0x0000003c       0x14 ./Core/Src/gpio.o
 .debug_rnglists
                0x00000050       0x35 ./Core/Src/main.o
 .debug_rnglists
                0x00000085       0x20 ./Core/Src/spi.o
 .debug_rnglists
                0x000000a5       0x13 ./Core/Src/stm32f4xx_hal_msp.o
 .debug_rnglists
                0x000000b8       0x43 ./Core/Src/stm32f4xx_it.o
 .debug_rnglists
                0x000000fb       0x1a ./Core/Src/system_stm32f4xx.o
 .debug_rnglists
                0x00000115       0x19 ./Core/Startup/startup_stm32f407vgtx.o
 .debug_rnglists
                0x0000012e       0xaf ./Drivers/STM32F4xx_HAL_Driver/Src/stm32f4xx_hal.o
 .debug_rnglists
                0x000001dd       0xe0 ./Drivers/STM32F4xx_HAL_Driver/Src/stm32f4xx_hal_cortex.o
 .debug_rnglists
                0x000002bd       0x78 ./Drivers/STM32F4xx_HAL_Driver/Src/stm32f4xx_hal_flash.o
 .debug_rnglists
                0x00000335       0x3f ./Drivers/STM32F4xx_HAL_Driver/Src/stm32f4xx_hal_gpio.o
 .debug_rnglists
                0x00000374       0x66 ./Drivers/STM32F4xx_HAL_Driver/Src/stm32f4xx_hal_rcc.o
 .debug_rnglists
                0x000003da      0x16f ./Drivers/STM32F4xx_HAL_Driver/Src/stm32f4xx_hal_spi.o

.debug_macro    0x00000000    0x20644
 .debug_macro   0x00000000      0x1dc ./Core/Src/ADS1247.o
 .debug_macro   0x000001dc      0xad8 ./Core/Src/ADS1247.o
 .debug_macro   0x00000cb4       0x22 ./Core/Src/ADS1247.o
 .debug_macro   0x00000cd6       0x8e ./Core/Src/ADS1247.o
 .debug_macro   0x00000d64       0x51 ./Core/Src/ADS1247.o
 .debug_macro   0x00000db5      0x103 ./Core/Src/ADS1247.o
 .debug_macro   0x00000eb8       0x6a ./Core/Src/ADS1247.o
 .debug_macro   0x00000f22      0x1df ./Core/Src/ADS1247.o
 .debug_macro   0x00001101      0x127 ./Core/Src/ADS1247.o
 .debug_macro   0x00001228      0x295 ./Core/Src/ADS1247.o
 .debug_macro   0x000014bd       0x2e ./Core/Src/ADS1247.o
 .debug_macro   0x000014eb       0x2f ./Core/Src/ADS1247.o
 .debug_macro   0x0000151a       0x1c ./Core/Src/ADS1247.o
 .debug_macro   0x00001536       0x22 ./Core/Src/ADS1247.o
 .debug_macro   0x00001558       0xfb ./Core/Src/ADS1247.o
 .debug_macro   0x00001653     0x1011 ./Core/Src/ADS1247.o
 .debug_macro   0x00002664      0x11f ./Core/Src/ADS1247.o
 .debug_macro   0x00002783    0x15ea5 ./Core/Src/ADS1247.o
 .debug_macro   0x00018628       0x6d ./Core/Src/ADS1247.o
 .debug_macro   0x00018695     0x3693 ./Core/Src/ADS1247.o
 .debug_macro   0x0001bd28      0x190 ./Core/Src/ADS1247.o
 .debug_macro   0x0001beb8       0x5c ./Core/Src/ADS1247.o
 .debug_macro   0x0001bf14      0x980 ./Core/Src/ADS1247.o
 .debug_macro   0x0001c894      0x9e9 ./Core/Src/ADS1247.o
 .debug_macro   0x0001d27d      0x115 ./Core/Src/ADS1247.o
 .debug_macro   0x0001d392      0x13e ./Core/Src/ADS1247.o
 .debug_macro   0x0001d4d0       0xa5 ./Core/Src/ADS1247.o
 .debug_macro   0x0001d575      0x174 ./Core/Src/ADS1247.o
 .debug_macro   0x0001d6e9      0x287 ./Core/Src/ADS1247.o
 .debug_macro   0x0001d970       0x5f ./Core/Src/ADS1247.o
 .debug_macro   0x0001d9cf      0x236 ./Core/Src/ADS1247.o
 .debug_macro   0x0001dc05      0x12c ./Core/Src/ADS1247.o
 .debug_macro   0x0001dd31      0x21e ./Core/Src/ADS1247.o
 .debug_macro   0x0001df4f       0x2e ./Core/Src/ADS1247.o
 .debug_macro   0x0001df7d      0x127 ./Core/Src/ADS1247.o
 .debug_macro   0x0001e0a4       0x7e ./Core/Src/ADS1247.o
 .debug_macro   0x0001e122       0x89 ./Core/Src/ADS1247.o
 .debug_macro   0x0001e1ab      0x225 ./Core/Src/ADS1247.o
 .debug_macro   0x0001e3d0      0x12d ./Core/Src/ADS1247.o
 .debug_macro   0x0001e4fd       0x2e ./Core/Src/ADS1247.o
 .debug_macro   0x0001e52b      0x1d3 ./Core/Src/gpio.o
 .debug_macro   0x0001e6fe       0x28 ./Core/Src/gpio.o
 .debug_macro   0x0001e726      0x295 ./Core/Src/main.o
 .debug_macro   0x0001e9bb       0x61 ./Core/Src/main.o
 .debug_macro   0x0001ea1c       0x2a ./Core/Src/main.o
 .debug_macro   0x0001ea46       0x43 ./Core/Src/main.o
 .debug_macro   0x0001ea89       0x34 ./Core/Src/main.o
 .debug_macro   0x0001eabd      0x370 ./Core/Src/main.o
 .debug_macro   0x0001ee2d       0x16 ./Core/Src/main.o
 .debug_macro   0x0001ee43       0x4a ./Core/Src/main.o
 .debug_macro   0x0001ee8d       0x34 ./Core/Src/main.o
 .debug_macro   0x0001eec1       0x10 ./Core/Src/main.o
 .debug_macro   0x0001eed1       0x58 ./Core/Src/main.o
 .debug_macro   0x0001ef29       0x8e ./Core/Src/main.o
 .debug_macro   0x0001efb7       0x1c ./Core/Src/main.o
 .debug_macro   0x0001efd3      0x185 ./Core/Src/main.o
 .debug_macro   0x0001f158      0x19b ./Core/Src/main.o
 .debug_macro   0x0001f2f3      0x12d ./Core/Src/main.o
 .debug_macro   0x0001f420      0x1d3 ./Core/Src/spi.o
 .debug_macro   0x0001f5f3      0x1c9 ./Core/Src/stm32f4xx_hal_msp.o
 .debug_macro   0x0001f7bc      0x1d3 ./Core/Src/stm32f4xx_it.o
 .debug_macro   0x0001f98f      0x1ba ./Core/Src/system_stm32f4xx.o
 .debug_macro   0x0001fb49      0x21a ./Drivers/STM32F4xx_HAL_Driver/Src/stm32f4xx_hal.o
 .debug_macro   0x0001fd63      0x1ba ./Drivers/STM32F4xx_HAL_Driver/Src/stm32f4xx_hal_cortex.o
 .debug_macro   0x0001ff1d      0x1c0 ./Drivers/STM32F4xx_HAL_Driver/Src/stm32f4xx_hal_flash.o
 .debug_macro   0x000200dd      0x1c0 ./Drivers/STM32F4xx_HAL_Driver/Src/stm32f4xx_hal_gpio.o
 .debug_macro   0x0002029d      0x1de ./Drivers/STM32F4xx_HAL_Driver/Src/stm32f4xx_hal_rcc.o
 .debug_macro   0x0002047b      0x1c9 ./Drivers/STM32F4xx_HAL_Driver/Src/stm32f4xx_hal_spi.o

.debug_line     0x00000000     0x91b4
 .debug_line    0x00000000      0x9de ./Core/Src/ADS1247.o
 .debug_line    0x000009de      0x743 ./Core/Src/gpio.o
 .debug_line    0x00001121      0xacf ./Core/Src/main.o
 .debug_line    0x00001bf0      0x794 ./Core/Src/spi.o
 .debug_line    0x00002384      0x70d ./Core/Src/stm32f4xx_hal_msp.o
 .debug_line    0x00002a91      0x7bb ./Core/Src/stm32f4xx_it.o
 .debug_line    0x0000324c      0x782 ./Core/Src/system_stm32f4xx.o
 .debug_line    0x000039ce       0x7a ./Core/Startup/startup_stm32f407vgtx.o
 .debug_line    0x00003a48      0x9fe ./Drivers/STM32F4xx_HAL_Driver/Src/stm32f4xx_hal.o
 .debug_line    0x00004446      0xcce ./Drivers/STM32F4xx_HAL_Driver/Src/stm32f4xx_hal_cortex.o
 .debug_line    0x00005114      0xaa4 ./Drivers/STM32F4xx_HAL_Driver/Src/stm32f4xx_hal_flash.o
 .debug_line    0x00005bb8      0xb56 ./Drivers/STM32F4xx_HAL_Driver/Src/stm32f4xx_hal_gpio.o
 .debug_line    0x0000670e      0xe0d ./Drivers/STM32F4xx_HAL_Driver/Src/stm32f4xx_hal_rcc.o
 .debug_line    0x0000751b     0x1c99 ./Drivers/STM32F4xx_HAL_Driver/Src/stm32f4xx_hal_spi.o

.debug_str      0x00000000    0xc28eb
 .debug_str     0x00000000    0xc28eb ./Core/Src/ADS1247.o
                              0xbd282 (size before relaxing)
 .debug_str     0x000c28eb    0xbc6d6 ./Core/Src/gpio.o
 .debug_str     0x000c28eb    0xc0eda ./Core/Src/main.o
 .debug_str     0x000c28eb    0xbcb62 ./Core/Src/spi.o
 .debug_str     0x000c28eb    0xbc628 ./Core/Src/stm32f4xx_hal_msp.o
 .debug_str     0x000c28eb    0xbc591 ./Core/Src/stm32f4xx_it.o
 .debug_str     0x000c28eb    0xbc634 ./Core/Src/system_stm32f4xx.o
 .debug_str     0x000c28eb       0x62 ./Core/Startup/startup_stm32f407vgtx.o
 .debug_str     0x000c28eb    0xbd1b8 ./Drivers/STM32F4xx_HAL_Driver/Src/stm32f4xx_hal.o
 .debug_str     0x000c28eb    0xbcf34 ./Drivers/STM32F4xx_HAL_Driver/Src/stm32f4xx_hal_cortex.o
 .debug_str     0x000c28eb    0xbc824 ./Drivers/STM32F4xx_HAL_Driver/Src/stm32f4xx_hal_flash.o
 .debug_str     0x000c28eb    0xbc7af ./Drivers/STM32F4xx_HAL_Driver/Src/stm32f4xx_hal_gpio.o
 .debug_str     0x000c28eb    0xbca68 ./Drivers/STM32F4xx_HAL_Driver/Src/stm32f4xx_hal_rcc.o
 .debug_str     0x000c28eb    0xbcef2 ./Drivers/STM32F4xx_HAL_Driver/Src/stm32f4xx_hal_spi.o

.comment        0x00000000       0x43
 .comment       0x00000000       0x43 ./Core/Src/ADS1247.o
                                 0x44 (size before relaxing)
 .comment       0x00000043       0x44 ./Core/Src/gpio.o
 .comment       0x00000043       0x44 ./Core/Src/main.o
 .comment       0x00000043       0x44 ./Core/Src/spi.o
 .comment       0x00000043       0x44 ./Core/Src/stm32f4xx_hal_msp.o
 .comment       0x00000043       0x44 ./Core/Src/stm32f4xx_it.o
 .comment       0x00000043       0x44 ./Core/Src/system_stm32f4xx.o
 .comment       0x00000043       0x44 ./Drivers/STM32F4xx_HAL_Driver/Src/stm32f4xx_hal.o
 .comment       0x00000043       0x44 ./Drivers/STM32F4xx_HAL_Driver/Src/stm32f4xx_hal_cortex.o
 .comment       0x00000043       0x44 ./Drivers/STM32F4xx_HAL_Driver/Src/stm32f4xx_hal_flash.o
 .comment       0x00000043       0x44 ./Drivers/STM32F4xx_HAL_Driver/Src/stm32f4xx_hal_gpio.o
 .comment       0x00000043       0x44 ./Drivers/STM32F4xx_HAL_Driver/Src/stm32f4xx_hal_rcc.o
 .comment       0x00000043       0x44 ./Drivers/STM32F4xx_HAL_Driver/Src/stm32f4xx_hal_spi.o

.debug_frame    0x00000000     0x1be0
 .debug_frame   0x00000000      0x114 ./Core/Src/ADS1247.o
 .debug_frame   0x00000114       0x34 ./Core/Src/gpio.o
 .debug_frame   0x00000148       0xe4 ./Core/Src/main.o
 .debug_frame   0x0000022c       0x74 ./Core/Src/spi.o
 .debug_frame   0x000002a0       0x34 ./Core/Src/stm32f4xx_hal_msp.o
 .debug_frame   0x000002d4      0x104 ./Core/Src/stm32f4xx_it.o
 .debug_frame   0x000003d8       0x58 ./Core/Src/system_stm32f4xx.o
 .debug_frame   0x00000430      0x374 ./Drivers/STM32F4xx_HAL_Driver/Src/stm32f4xx_hal.o
 .debug_frame   0x000007a4      0x508 ./Drivers/STM32F4xx_HAL_Driver/Src/stm32f4xx_hal_cortex.o
 .debug_frame   0x00000cac      0x274 ./Drivers/STM32F4xx_HAL_Driver/Src/stm32f4xx_hal_flash.o
 .debug_frame   0x00000f20      0x14c ./Drivers/STM32F4xx_HAL_Driver/Src/stm32f4xx_hal_gpio.o
 .debug_frame   0x0000106c      0x1f4 ./Drivers/STM32F4xx_HAL_Driver/Src/stm32f4xx_hal_rcc.o
 .debug_frame   0x00001260      0x828 ./Drivers/STM32F4xx_HAL_Driver/Src/stm32f4xx_hal_spi.o
 .debug_frame   0x00001a88       0x20 G:/Deepak/stm32/STM32CubeIDE_1.19.0/STM32CubeIDE/plugins/com.st.stm32cube.ide.mcu.externaltools.gnu-tools-for-stm32.13.3.rel1.win32_1.0.0.202411081344/tools/bin/../lib/gcc/arm-none-eabi/13.3.1/../../../../arm-none-eabi/lib/thumb/v7e-m+fp/hard\libc_nano.a(libc_a-memset.o)
 .debug_frame   0x00001aa8       0x2c G:/Deepak/stm32/STM32CubeIDE_1.19.0/STM32CubeIDE/plugins/com.st.stm32cube.ide.mcu.externaltools.gnu-tools-for-stm32.13.3.rel1.win32_1.0.0.202411081344/tools/bin/../lib/gcc/arm-none-eabi/13.3.1/../../../../arm-none-eabi/lib/thumb/v7e-m+fp/hard\libc_nano.a(libc_a-init.o)
 .debug_frame   0x00001ad4       0xac G:/Deepak/stm32/STM32CubeIDE_1.19.0/STM32CubeIDE/plugins/com.st.stm32cube.ide.mcu.externaltools.gnu-tools-for-stm32.13.3.rel1.win32_1.0.0.202411081344/tools/bin/../lib/gcc/arm-none-eabi/13.3.1/thumb/v7e-m+fp/hard\libgcc.a(_arm_addsubdf3.o)
 .debug_frame   0x00001b80       0x2c G:/Deepak/stm32/STM32CubeIDE_1.19.0/STM32CubeIDE/plugins/com.st.stm32cube.ide.mcu.externaltools.gnu-tools-for-stm32.13.3.rel1.win32_1.0.0.202411081344/tools/bin/../lib/gcc/arm-none-eabi/13.3.1/thumb/v7e-m+fp/hard\libgcc.a(_aeabi_uldivmod.o)
 .debug_frame   0x00001bac       0x34 G:/Deepak/stm32/STM32CubeIDE_1.19.0/STM32CubeIDE/plugins/com.st.stm32cube.ide.mcu.externaltools.gnu-tools-for-stm32.13.3.rel1.win32_1.0.0.202411081344/tools/bin/../lib/gcc/arm-none-eabi/13.3.1/thumb/v7e-m+fp/hard\libgcc.a(_udivmoddi4.o)

.debug_line_str
                0x00000000       0x46
 .debug_line_str
                0x00000000       0x46 ./Core/Startup/startup_stm32f407vgtx.o
