../Core/Src/main.c:155:6:UART_DMA_Init	8	static
../Core/Src/main.c:166:6:UART_SetBaudRate	16	static
../Core/Src/main.c:176:6:UpdateUartBaudRate	24	static
../Core/Src/main.c:210:6:HAL_UARTEx_RxEventCallback	16	static
../Core/Src/main.c:254:6:UART1_Recover	32	static
../Core/Src/main.c:289:6:UART3_Recover	32	static
../Core/Src/main.c:324:9:check_and_get_adc_conversion_mode	24	static
../Core/Src/main.c:336:9:set_adc_conversion_mode	24	static
../Core/Src/main.c:557:5:main	72	static
../Core/Src/main.c:654:6:SystemClock_Config	72	static
../Core/Src/main.c:693:13:MX_SPI1_Init	8	static
../Core/Src/main.c:731:13:MX_SPI2_Init	8	static
../Core/Src/main.c:769:13:MX_USART1_UART_Init	8	static
../Core/Src/main.c:802:13:MX_USART2_UART_Init	8	static
../Core/Src/main.c:833:13:MX_DMA_Init	16	static
../Core/Src/main.c:860:13:MX_GPIO_Init	40	static
../Core/Src/main.c:934:6:StartDefaultTask	40	static
../Core/Src/main.c:1072:6:MODBUS_HANDLER	40	static
../Core/Src/main.c:1272:6:HAL_TIM_PeriodElapsedCallback	16	static
../Core/Src/main.c:1290:6:Error_Handler	4	static,ignoring_inline_asm
