../Core/Src/main.c:152:10:csLOW_B	8	static
../Core/Src/main.c:157:8:csHIGH_B	8	static
../Core/Src/main.c:162:8:RST_HIGH_B	8	static
../Core/Src/main.c:167:8:SPI_Write_B	16	static
../Core/Src/main.c:172:8:SPI_Read_B	16	static
../Core/Src/main.c:178:8:enable_MCPA_B	16	static
../Core/Src/main.c:191:8:enable_MCPB_B	16	static
../Core/Src/main.c:203:8:port_configB_B	16	static
../Core/Src/main.c:216:8:port_configA_B	16	static
../Core/Src/main.c:230:8:polarity_configB_B	16	static
../Core/Src/main.c:243:8:latch_configA_B	16	static
../Core/Src/main.c:256:8:latch_configB_B	16	static
../Core/Src/main.c:270:11:GPIO_readA_B	16	static
../Core/Src/main.c:286:6:UART_SetBaudRate	16	static
../Core/Src/main.c:298:6:UART_DMA_Init	8	static
../Core/Src/main.c:309:6:UpdateUartBaudRate	24	static
../Core/Src/main.c:355:6:SystemClock_Config	72	static
../Core/Src/main.c:395:13:MX_IWDG_Init	8	static
../Core/Src/main.c:423:13:MX_SPI2_Init	8	static
../Core/Src/main.c:461:13:MX_TIM2_Init	32	static
../Core/Src/main.c:506:13:MX_USART1_UART_Init	8	static
../Core/Src/main.c:539:13:MX_USART3_UART_Init	8	static
../Core/Src/main.c:570:13:MX_DMA_Init	16	static
../Core/Src/main.c:597:13:MX_GPIO_Init	40	static
../Core/Src/main.c:661:6:HAL_TIM_PeriodElapsedCallback	24	static
../Core/Src/main.c:698:5:main	40	static
../Core/Src/main.c:894:6:UART1_Recover	32	static
../Core/Src/main.c:929:6:UART3_Recover	32	static
../Core/Src/main.c:963:6:HAL_UART_ErrorCallback	16	static
../Core/Src/main.c:990:6:HAL_UARTEx_RxEventCallback	16	static
../Core/Src/main.c:1058:6:Error_Handler	4	static,ignoring_inline_asm
