Archive member included to satisfy reference by file (symbol)

C:/ST/STM32CubeIDE_1.19.0/STM32CubeIDE/plugins/com.st.stm32cube.ide.mcu.externaltools.gnu-tools-for-stm32.13.3.rel1.win32_1.0.0.202411081344/tools/bin/../lib/gcc/arm-none-eabi/13.3.1/../../../../arm-none-eabi/lib/thumb/v7-m/nofp\libc_nano.a(libc_a-exit.o)
                              C:/ST/STM32CubeIDE_1.19.0/STM32CubeIDE/plugins/com.st.stm32cube.ide.mcu.externaltools.gnu-tools-for-stm32.13.3.rel1.win32_1.0.0.202411081344/tools/bin/../lib/gcc/arm-none-eabi/13.3.1/../../../../arm-none-eabi/lib/thumb/v7-m/nofp/crt0.o (exit)
C:/ST/STM32CubeIDE_1.19.0/STM32CubeIDE/plugins/com.st.stm32cube.ide.mcu.externaltools.gnu-tools-for-stm32.13.3.rel1.win32_1.0.0.202411081344/tools/bin/../lib/gcc/arm-none-eabi/13.3.1/../../../../arm-none-eabi/lib/thumb/v7-m/nofp\libc_nano.a(libc_a-findfp.o)
                              C:/ST/STM32CubeIDE_1.19.0/STM32CubeIDE/plugins/com.st.stm32cube.ide.mcu.externaltools.gnu-tools-for-stm32.13.3.rel1.win32_1.0.0.202411081344/tools/bin/../lib/gcc/arm-none-eabi/13.3.1/../../../../arm-none-eabi/lib/thumb/v7-m/nofp\libc_nano.a(libc_a-exit.o) (__stdio_exit_handler)
C:/ST/STM32CubeIDE_1.19.0/STM32CubeIDE/plugins/com.st.stm32cube.ide.mcu.externaltools.gnu-tools-for-stm32.13.3.rel1.win32_1.0.0.202411081344/tools/bin/../lib/gcc/arm-none-eabi/13.3.1/../../../../arm-none-eabi/lib/thumb/v7-m/nofp\libc_nano.a(libc_a-fwalk.o)
                              C:/ST/STM32CubeIDE_1.19.0/STM32CubeIDE/plugins/com.st.stm32cube.ide.mcu.externaltools.gnu-tools-for-stm32.13.3.rel1.win32_1.0.0.202411081344/tools/bin/../lib/gcc/arm-none-eabi/13.3.1/../../../../arm-none-eabi/lib/thumb/v7-m/nofp\libc_nano.a(libc_a-findfp.o) (_fwalk_sglue)
C:/ST/STM32CubeIDE_1.19.0/STM32CubeIDE/plugins/com.st.stm32cube.ide.mcu.externaltools.gnu-tools-for-stm32.13.3.rel1.win32_1.0.0.202411081344/tools/bin/../lib/gcc/arm-none-eabi/13.3.1/../../../../arm-none-eabi/lib/thumb/v7-m/nofp\libc_nano.a(libc_a-stdio.o)
                              C:/ST/STM32CubeIDE_1.19.0/STM32CubeIDE/plugins/com.st.stm32cube.ide.mcu.externaltools.gnu-tools-for-stm32.13.3.rel1.win32_1.0.0.202411081344/tools/bin/../lib/gcc/arm-none-eabi/13.3.1/../../../../arm-none-eabi/lib/thumb/v7-m/nofp\libc_nano.a(libc_a-findfp.o) (__sread)
C:/ST/STM32CubeIDE_1.19.0/STM32CubeIDE/plugins/com.st.stm32cube.ide.mcu.externaltools.gnu-tools-for-stm32.13.3.rel1.win32_1.0.0.202411081344/tools/bin/../lib/gcc/arm-none-eabi/13.3.1/../../../../arm-none-eabi/lib/thumb/v7-m/nofp\libc_nano.a(libc_a-memset.o)
                              C:/ST/STM32CubeIDE_1.19.0/STM32CubeIDE/plugins/com.st.stm32cube.ide.mcu.externaltools.gnu-tools-for-stm32.13.3.rel1.win32_1.0.0.202411081344/tools/bin/../lib/gcc/arm-none-eabi/13.3.1/../../../../arm-none-eabi/lib/thumb/v7-m/nofp/crt0.o (memset)
C:/ST/STM32CubeIDE_1.19.0/STM32CubeIDE/plugins/com.st.stm32cube.ide.mcu.externaltools.gnu-tools-for-stm32.13.3.rel1.win32_1.0.0.202411081344/tools/bin/../lib/gcc/arm-none-eabi/13.3.1/../../../../arm-none-eabi/lib/thumb/v7-m/nofp\libc_nano.a(libc_a-closer.o)
                              C:/ST/STM32CubeIDE_1.19.0/STM32CubeIDE/plugins/com.st.stm32cube.ide.mcu.externaltools.gnu-tools-for-stm32.13.3.rel1.win32_1.0.0.202411081344/tools/bin/../lib/gcc/arm-none-eabi/13.3.1/../../../../arm-none-eabi/lib/thumb/v7-m/nofp\libc_nano.a(libc_a-stdio.o) (_close_r)
C:/ST/STM32CubeIDE_1.19.0/STM32CubeIDE/plugins/com.st.stm32cube.ide.mcu.externaltools.gnu-tools-for-stm32.13.3.rel1.win32_1.0.0.202411081344/tools/bin/../lib/gcc/arm-none-eabi/13.3.1/../../../../arm-none-eabi/lib/thumb/v7-m/nofp\libc_nano.a(libc_a-reent.o)
                              C:/ST/STM32CubeIDE_1.19.0/STM32CubeIDE/plugins/com.st.stm32cube.ide.mcu.externaltools.gnu-tools-for-stm32.13.3.rel1.win32_1.0.0.202411081344/tools/bin/../lib/gcc/arm-none-eabi/13.3.1/../../../../arm-none-eabi/lib/thumb/v7-m/nofp\libc_nano.a(libc_a-closer.o) (errno)
C:/ST/STM32CubeIDE_1.19.0/STM32CubeIDE/plugins/com.st.stm32cube.ide.mcu.externaltools.gnu-tools-for-stm32.13.3.rel1.win32_1.0.0.202411081344/tools/bin/../lib/gcc/arm-none-eabi/13.3.1/../../../../arm-none-eabi/lib/thumb/v7-m/nofp\libc_nano.a(libc_a-impure.o)
                              C:/ST/STM32CubeIDE_1.19.0/STM32CubeIDE/plugins/com.st.stm32cube.ide.mcu.externaltools.gnu-tools-for-stm32.13.3.rel1.win32_1.0.0.202411081344/tools/bin/../lib/gcc/arm-none-eabi/13.3.1/../../../../arm-none-eabi/lib/thumb/v7-m/nofp\libc_nano.a(libc_a-reent.o) (_impure_ptr)
C:/ST/STM32CubeIDE_1.19.0/STM32CubeIDE/plugins/com.st.stm32cube.ide.mcu.externaltools.gnu-tools-for-stm32.13.3.rel1.win32_1.0.0.202411081344/tools/bin/../lib/gcc/arm-none-eabi/13.3.1/../../../../arm-none-eabi/lib/thumb/v7-m/nofp\libc_nano.a(libc_a-lseekr.o)
[...]
Memory Configuration

Name             Origin             Length             Attributes
RAM              0x20000000         0x00005000         xrw
FLASH            0x08000000         0x00010000         xr
*default*        0x00000000         0xffffffff

Linker script and memory map

LOAD C:/ST/STM32CubeIDE_1.19.0/STM32CubeIDE/plugins/com.st.stm32cube.ide.mcu.externaltools.gnu-tools-for-stm32.13.3.rel1.win32_1.0.0.202411081344/tools/bin/../lib/gcc/arm-none-eabi/13.3.1/thumb/v7-m/nofp/crti.o
LOAD C:/ST/STM32CubeIDE_1.19.0/STM32CubeIDE/plugins/com.st.stm32cube.ide.mcu.externaltools.gnu-tools-for-stm32.13.3.rel1.win32_1.0.0.202411081344/tools/bin/../lib/gcc/arm-none-eabi/13.3.1/thumb/v7-m/nofp/crtbegin.o
LOAD C:/ST/STM32CubeIDE_1.19.0/STM32CubeIDE/plugins/com.st.stm32cube.ide.mcu.externaltools.gnu-tools-for-stm32.13.3.rel1.win32_1.0.0.202411081344/tools/bin/../lib/gcc/arm-none-eabi/13.3.1/../../../../arm-none-eabi/lib/thumb/v7-m/nofp/crt0.o
LOAD ./Core/Src/Modbus_crc.o
LOAD ./Core/Src/Modbus_slave.o
LOAD ./Core/Src/main.o
LOAD ./Core/Src/stm32f1xx_hal_msp.o
LOAD ./Core/Src/stm32f1xx_it.o
LOAD ./Core/Src/syscalls.o
LOAD ./Core/Src/sysmem.o
LOAD ./Core/Src/system_stm32f1xx.o
LOAD ./Core/Startup/startup_stm32f103c8tx.o
LOAD ./Drivers/STM32F1xx_HAL_Driver/Src/stm32f1xx_hal.o
LOAD ./Drivers/STM32F1xx_HAL_Driver/Src/stm32f1xx_hal_cortex.o
LOAD ./Drivers/STM32F1xx_HAL_Driver/Src/stm32f1xx_hal_dma.o
LOAD ./Drivers/STM32F1xx_HAL_Driver/Src/stm32f1xx_hal_exti.o
LOAD ./Drivers/STM32F1xx_HAL_Driver/Src/stm32f1xx_hal_flash.o
LOAD ./Drivers/STM32F1xx_HAL_Driver/Src/stm32f1xx_hal_flash_ex.o
LOAD ./Drivers/STM32F1xx_HAL_Driver/Src/stm32f1xx_hal_gpio.o
LOAD ./Drivers/STM32F1xx_HAL_Driver/Src/stm32f1xx_hal_gpio_ex.o
LOAD ./Drivers/STM32F1xx_HAL_Driver/Src/stm32f1xx_hal_pwr.o
LOAD ./Drivers/STM32F1xx_HAL_Driver/Src/stm32f1xx_hal_rcc.o
LOAD ./Drivers/STM32F1xx_HAL_Driver/Src/stm32f1xx_hal_rcc_ex.o
LOAD ./Drivers/STM32F1xx_HAL_Driver/Src/stm32f1xx_hal_spi.o
LOAD ./Drivers/STM32F1xx_HAL_Driver/Src/stm32f1xx_hal_uart.o
START GROUP
LOAD C:/ST/STM32CubeIDE_1.19.0/STM32CubeIDE/plugins/com.st.stm32cube.ide.mcu.externaltools.gnu-tools-for-stm32.13.3.rel1.win32_1.0.0.202411081344/tools/bin/../lib/gcc/arm-none-eabi/13.3.1/../../../../arm-none-eabi/lib/thumb/v7-m/nofp\libc_nano.a
LOAD C:/ST/STM32CubeIDE_1.19.0/STM32CubeIDE/plugins/com.st.stm32cube.ide.mcu.externaltools.gnu-tools-for-stm32.13.3.rel1.win32_1.0.0.202411081344/tools/bin/../lib/gcc/arm-none-eabi/13.3.1/../../../../arm-none-eabi/lib/thumb/v7-m/nofp\libm.a
END GROUP
START GROUP
LOAD C:/ST/STM32CubeIDE_1.19.0/STM32CubeIDE/plugins/com.st.stm32cube.ide.mcu.externaltools.gnu-tools-for-stm32.13.3.rel1.win32_1.0.0.202411081344/tools/bin/../lib/gcc/arm-none-eabi/13.3.1/thumb/v7-m/nofp\libgcc.a
LOAD C:/ST/STM32CubeIDE_1.19.0/STM32CubeIDE/plugins/com.st.stm32cube.ide.mcu.externaltools.gnu-tools-for-stm32.13.3.rel1.win32_1.0.0.202411081344/tools/bin/../lib/gcc/arm-none-eabi/13.3.1/../../../../arm-none-eabi/lib/thumb/v7-m/nofp\libc_nano.a
END GROUP
START GROUP
LOAD C:/ST/STM32CubeIDE_1.19.0/STM32CubeIDE/plugins/com.st.stm32cube.ide.mcu.externaltools.gnu-tools-for-stm32.13.3.rel1.win32_1.0.0.202411081344/tools/bin/../lib/gcc/arm-none-eabi/13.3.1/thumb/v7-m/nofp\libgcc.a
LOAD C:/ST/STM32CubeIDE_1.19.0/STM32CubeIDE/plugins/com.st.stm32cube.ide.mcu.externaltools.gnu-tools-for-stm32.13.3.rel1.win32_1.0.0.202411081344/tools/bin/../lib/gcc/arm-none-eabi/13.3.1/../../../../arm-none-eabi/lib/thumb/v7-m/nofp\libc_nano.a
LOAD C:/ST/STM32CubeIDE_1.19.0/STM32CubeIDE/plugins/com.st.stm32cube.ide.mcu.externaltools.gnu-tools-for-stm32.13.3.rel1.win32_1.0.0.202411081344/tools/bin/../lib/gcc/arm-none-eabi/13.3.1/../../../../arm-none-eabi/lib/thumb/v7-m/nofp\libnosys.a
END GROUP
START GROUP
LOAD C:/ST/STM32CubeIDE_1.19.0/STM32CubeIDE/plugins/com.st.stm32cube.ide.mcu.externaltools.gnu-tools-for-stm32.13.3.rel1.win32_1.0.0.202411081344/tools/bin/../lib/gcc/arm-none-eabi/13.3.1/thumb/v7-m/nofp\libgcc.a
LOAD C:/ST/STM32CubeIDE_1.19.0/STM32CubeIDE/plugins/com.st.stm32cube.ide.mcu.externaltools.gnu-tools-for-stm32.13.3.rel1.win32_1.0.0.202411081344/tools/bin/../lib/gcc/arm-none-eabi/13.3.1/../../../../arm-none-eabi/lib/thumb/v7-m/nofp\libc_nano.a
LOAD C:/ST/STM32CubeIDE_1.19.0/STM32CubeIDE/plugins/com.st.stm32cube.ide.mcu.externaltools.gnu-tools-for-stm32.13.3.rel1.win32_1.0.0.202411081344/tools/bin/../lib/gcc/arm-none-eabi/13.3.1/../../../../arm-none-eabi/lib/thumb/v7-m/nofp\libnosys.a
END GROUP
LOAD C:/ST/STM32CubeIDE_1.19.0/STM32CubeIDE/plugins/com.st.stm32cube.ide.mcu.externaltools.gnu-tools-for-stm32.13.3.rel1.win32_1.0.0.202411081344/tools/bin/../lib/gcc/arm-none-eabi/13.3.1/thumb/v7-m/nofp/crtend.o
LOAD C:/ST/STM32CubeIDE_1.19.0/STM32CubeIDE/plugins/com.st.stm32cube.ide.mcu.externaltools.gnu-tools-for-stm32.13.3.rel1.win32_1.0.0.202411081344/tools/bin/../lib/gcc/arm-none-eabi/13.3.1/thumb/v7-m/nofp/crtn.o
                0x20005000                        _estack = (ORIGIN (RAM) + LENGTH (RAM))
                0x00000200                        _Min_Heap_Size = 0x200
                0x00000400                        _Min_Stack_Size = 0x400

.isr_vector     0x08000000      0x10c
                0x08000000                        . = ALIGN (0x4)
 *(.isr_vector)
 .isr_vector    0x08000000      0x10c ./Core/Startup/startup_stm32f103c8tx.o
                0x08000000                g_pfnVectors
                0x0800010c                        . = ALIGN (0x4)

.text           0x0800010c     0x46e8
                0x0800010c                        . = ALIGN (0x4)
 *(.text)
 .text          0x0800010c       0x40 C:/ST/STM32CubeIDE_1.19.0/STM32CubeIDE/plugins/com.st.stm32cube.ide.mcu.externaltools.gnu-tools-for-stm32.13.3.rel1.win32_1.0.0.202411081344/tools/bin/../lib/gcc/arm-none-eabi/13.3.1/thumb/v7-m/nofp/crtbegin.o
 *(.text*)
 .text.crc16    0x0800014c       0x6c ./Core/Src/Modbus_crc.o
                0x0800014c                crc16
 .text.sendData
                0x080001b8       0x74 ./Core/Src/Modbus_slave.o
                0x080001b8                sendData
 .text.sendData2
                0x0800022c       0x74 ./Core/Src/Modbus_slave.o
                0x0800022c                sendData2
 .text.modbusException
                0x080002a0       0x40 ./Core/Src/Modbus_slave.o
                0x080002a0                modbusException
 .text.writeMultiCoils
                0x080002e0      0x324 ./Core/Src/Modbus_slave.o
                0x080002e0                writeMultiCoils
 .text.readCoils
                0x08000604      0x134 ./Core/Src/Modbus_slave.o
                0x08000604                readCoils
 .text.writeSingleCoil2
                0x08000738      0x2a8 ./Core/Src/Modbus_slave.o
                0x08000738                writeSingleCoil2
 .text.writeMultiCoils2
                0x080009e0      0x2fc ./Core/Src/Modbus_slave.o
                0x080009e0                writeMultiCoils2
 .text.readCoils2
                0x08000cdc      0x13c ./Core/Src/Modbus_slave.o
                0x08000cdc                readCoils2
 .text.HAL_UART_RxCpltCallback
                0x08000e18       0xc4 ./Core/Src/main.o
                0x08000e18                HAL_UART_RxCpltCallback
 .text.csLOW_B  0x08000edc       0x18 ./Core/Src/main.o
                0x08000edc                csLOW_B
 .text.csHIGH_B
                0x08000ef4       0x18 ./Core/Src/main.o
                0x08000ef4                csHIGH_B
 .text.RST_HIGH_B
                0x08000f0c       0x18 ./Core/Src/main.o
                0x08000f0c                RST_HIGH_B
 .text.SPI_Write_B
                0x08000f24       0x28 ./Core/Src/main.o
                0x08000f24                SPI_Write_B
 .text.SPI_Read_B
                0x08000f4c       0x28 ./Core/Src/main.o
                0x08000f4c                SPI_Read_B
 .text.enable_MCPA_B
                0x08000f74       0x32 ./Core/Src/main.o
                0x08000f74                enable_MCPA_B
 .text.enable_MCPB_B
                0x08000fa6       0x32 ./Core/Src/main.o
                0x08000fa6                enable_MCPB_B
 .text.port_configB_B
                0x08000fd8       0x32 ./Core/Src/main.o
                0x08000fd8                port_configB_B
 .text.port_configA_B
                0x0800100a       0x32 ./Core/Src/main.o
                0x0800100a                port_configA_B
 .text.polarity_configB_B
                0x0800103c       0x32 ./Core/Src/main.o
                0x0800103c                polarity_configB_B
 .text.latch_configA_B
                0x0800106e       0x32 ./Core/Src/main.o
                0x0800106e                latch_configA_B
 .text.latch_configB_B
                0x080010a0       0x32 ./Core/Src/main.o
                0x080010a0                latch_configB_B
 *fill*         0x080010d2        0x2 
 .text.GPIO_readA_B
                0x080010d4       0x40 ./Core/Src/main.o
                0x080010d4                GPIO_readA_B
 .text.PollUartBaudRate
                0x08001114       0xf0 ./Core/Src/main.o
                0x08001114                PollUartBaudRate
 .text.main     0x08001204      0x130 ./Core/Src/main.o
                0x08001204                main
 .text.SystemClock_Config
                0x08001334       0x80 ./Core/Src/main.o
                0x08001334                SystemClock_Config
 .text.MX_SPI2_Init
                0x080013b4       0x6c ./Core/Src/main.o
 .text.MX_USART1_UART_Init
                0x08001420       0x54 ./Core/Src/main.o
 .text.MX_USART3_UART_Init
                0x08001474       0x54 ./Core/Src/main.o
 .text.MX_GPIO_Init
                0x080014c8      0x124 ./Core/Src/main.o
 .text.Error_Handler
                0x080015ec        0xc ./Core/Src/main.o
                0x080015ec                Error_Handler
 .text.HAL_MspInit
                0x080015f8       0x74 ./Core/Src/stm32f1xx_hal_msp.o
                0x080015f8                HAL_MspInit
 .text.HAL_SPI_MspInit
                0x0800166c       0xa8 ./Core/Src/stm32f1xx_hal_msp.o
                0x0800166c                HAL_SPI_MspInit
 .text.HAL_UART_MspInit
                0x08001714      0x130 ./Core/Src/stm32f1xx_hal_msp.o
                0x08001714                HAL_UART_MspInit
 .text.HAL_UART_MspDeInit
                0x08001844       0x74 ./Core/Src/stm32f1xx_hal_msp.o
                0x08001844                HAL_UART_MspDeInit
 .text.NMI_Handler
                0x080018b8        0x8 ./Core/Src/stm32f1xx_it.o
                0x080018b8                NMI_Handler
 .text.HardFault_Handler
                0x080018c0        0x8 ./Core/Src/stm32f1xx_it.o
                0x080018c0                HardFault_Handler
 .text.MemManage_Handler
                0x080018c8        0x8 ./Core/Src/stm32f1xx_it.o
                0x080018c8                MemManage_Handler
 .text.BusFault_Handler
                0x080018d0        0x8 ./Core/Src/stm32f1xx_it.o
                0x080018d0                BusFault_Handler
 .text.UsageFault_Handler
                0x080018d8        0x8 ./Core/Src/stm32f1xx_it.o
                0x080018d8                UsageFault_Handler
 .text.SVC_Handler
                0x080018e0        0xc ./Core/Src/stm32f1xx_it.o
                0x080018e0                SVC_Handler
 .text.DebugMon_Handler
                0x080018ec        0xc ./Core/Src/stm32f1xx_it.o
                0x080018ec                DebugMon_Handler
 .text.PendSV_Handler
                0x080018f8        0xc ./Core/Src/stm32f1xx_it.o
                0x080018f8                PendSV_Handler
 .text.SysTick_Handler
                0x08001904        0xc ./Core/Src/stm32f1xx_it.o
                0x08001904                SysTick_Handler
 .text.RCC_IRQHandler
                0x08001910        0xc ./Core/Src/stm32f1xx_it.o
                0x08001910                RCC_IRQHandler
 .text.SPI2_IRQHandler
                0x0800191c       0x14 ./Core/Src/stm32f1xx_it.o
                0x0800191c                SPI2_IRQHandler
 .text.USART1_IRQHandler
                0x08001930       0x14 ./Core/Src/stm32f1xx_it.o
                0x08001930                USART1_IRQHandler
 .text.USART3_IRQHandler
                0x08001944       0x14 ./Core/Src/stm32f1xx_it.o
                0x08001944                USART3_IRQHandler
 .text.SystemInit
                0x08001958        0xc ./Core/Src/system_stm32f1xx.o
                0x08001958                SystemInit
 .text.Reset_Handler
                0x08001964       0x48 ./Core/Startup/startup_stm32f103c8tx.o
                0x08001964                Reset_Handler
 .text.Default_Handler
                0x080019ac        0x2 ./Core/Startup/startup_stm32f103c8tx.o
                0x080019ac                RTC_Alarm_IRQHandler
                0x080019ac                EXTI2_IRQHandler
                0x080019ac                TIM1_CC_IRQHandler
                0x080019ac                PVD_IRQHandler
                0x080019ac                EXTI3_IRQHandler
                0x080019ac                EXTI0_IRQHandler
                0x080019ac                I2C2_EV_IRQHandler
                0x080019ac                ADC1_2_IRQHandler
                0x080019ac                SPI1_IRQHandler
                0x080019ac                TAMPER_IRQHandler
                0x080019ac                DMA1_Channel4_IRQHandler
                0x080019ac                RTC_IRQHandler
                0x080019ac                DMA1_Channel7_IRQHandler
                0x080019ac                CAN1_RX1_IRQHandler
                0x080019ac                TIM4_IRQHandler
                0x080019ac                I2C1_EV_IRQHandler
                0x080019ac                DMA1_Channel6_IRQHandler
                0x080019ac                TIM3_IRQHandler
                0x080019ac                TIM1_TRG_COM_IRQHandler
                0x080019ac                DMA1_Channel1_IRQHandler
                0x080019ac                Default_Handler
                0x080019ac                EXTI15_10_IRQHandler
                0x080019ac                EXTI9_5_IRQHandler
                0x080019ac                DMA1_Channel5_IRQHandler
                0x080019ac                EXTI4_IRQHandler
                0x080019ac                USB_LP_CAN1_RX0_IRQHandler
                0x080019ac                USB_HP_CAN1_TX_IRQHandler
                0x080019ac                DMA1_Channel3_IRQHandler
                0x080019ac                TIM1_UP_IRQHandler
                0x080019ac                WWDG_IRQHandler
                0x080019ac                TIM2_IRQHandler
                0x080019ac                TIM1_BRK_IRQHandler
                0x080019ac                EXTI1_IRQHandler
                0x080019ac                USART2_IRQHandler
                0x080019ac                I2C2_ER_IRQHandler
                0x080019ac                DMA1_Channel2_IRQHandler
                0x080019ac                CAN1_SCE_IRQHandler
                0x080019ac                FLASH_IRQHandler
                0x080019ac                I2C1_ER_IRQHandler
                0x080019ac                USBWakeUp_IRQHandler
 *fill*         0x080019ae        0x2 
 .text.HAL_Init
                0x080019b0       0x2c ./Drivers/STM32F1xx_HAL_Driver/Src/stm32f1xx_hal.o
                0x080019b0                HAL_Init
 .text.HAL_InitTick
                0x080019dc       0x60 ./Drivers/STM32F1xx_HAL_Driver/Src/stm32f1xx_hal.o
                0x080019dc                HAL_InitTick
 .text.HAL_IncTick
                0x08001a3c       0x24 ./Drivers/STM32F1xx_HAL_Driver/Src/stm32f1xx_hal.o
                0x08001a3c                HAL_IncTick
 .text.HAL_GetTick
                0x08001a60       0x14 ./Drivers/STM32F1xx_HAL_Driver/Src/stm32f1xx_hal.o
                0x08001a60                HAL_GetTick
 .text.HAL_Delay
                0x08001a74       0x48 ./Drivers/STM32F1xx_HAL_Driver/Src/stm32f1xx_hal.o
                0x08001a74                HAL_Delay
 .text.__NVIC_SetPriorityGrouping
                0x08001abc       0x48 ./Drivers/STM32F1xx_HAL_Driver/Src/stm32f1xx_hal_cortex.o
 .text.__NVIC_GetPriorityGrouping
                0x08001b04       0x1c ./Drivers/STM32F1xx_HAL_Driver/Src/stm32f1xx_hal_cortex.o
 .text.__NVIC_EnableIRQ
                0x08001b20       0x38 ./Drivers/STM32F1xx_HAL_Driver/Src/stm32f1xx_hal_cortex.o
 .text.__NVIC_DisableIRQ
                0x08001b58       0x48 ./Drivers/STM32F1xx_HAL_Driver/Src/stm32f1xx_hal_cortex.o
 .text.__NVIC_SetPriority
                0x08001ba0       0x54 ./Drivers/STM32F1xx_HAL_Driver/Src/stm32f1xx_hal_cortex.o
 .text.NVIC_EncodePriority
                0x08001bf4       0x64 ./Drivers/STM32F1xx_HAL_Driver/Src/stm32f1xx_hal_cortex.o
 .text.SysTick_Config
                0x08001c58       0x44 ./Drivers/STM32F1xx_HAL_Driver/Src/stm32f1xx_hal_cortex.o
 .text.HAL_NVIC_SetPriorityGrouping
                0x08001c9c       0x16 ./Drivers/STM32F1xx_HAL_Driver/Src/stm32f1xx_hal_cortex.o
                0x08001c9c                HAL_NVIC_SetPriorityGrouping
 .text.HAL_NVIC_SetPriority
                0x08001cb2       0x38 ./Drivers/STM32F1xx_HAL_Driver/Src/stm32f1xx_hal_cortex.o
                0x08001cb2                HAL_NVIC_SetPriority
 .text.HAL_NVIC_EnableIRQ
                0x08001cea       0x1c ./Drivers/STM32F1xx_HAL_Driver/Src/stm32f1xx_hal_cortex.o
                0x08001cea                HAL_NVIC_EnableIRQ
 .text.HAL_NVIC_DisableIRQ
                0x08001d06       0x1c ./Drivers/STM32F1xx_HAL_Driver/Src/stm32f1xx_hal_cortex.o
                0x08001d06                HAL_NVIC_DisableIRQ
 .text.HAL_SYSTICK_Config
                0x08001d22       0x18 ./Drivers/STM32F1xx_HAL_Driver/Src/stm32f1xx_hal_cortex.o
                0x08001d22                HAL_SYSTICK_Config
 .text.HAL_DMA_Abort
                0x08001d3a       0x76 ./Drivers/STM32F1xx_HAL_Driver/Src/stm32f1xx_hal_dma.o
                0x08001d3a                HAL_DMA_Abort
 .text.HAL_DMA_Abort_IT
                0x08001db0       0xf0 ./Drivers/STM32F1xx_HAL_Driver/Src/stm32f1xx_hal_dma.o
                0x08001db0                HAL_DMA_Abort_IT
 .text.HAL_DMA_GetError
                0x08001ea0       0x16 ./Drivers/STM32F1xx_HAL_Driver/Src/stm32f1xx_hal_dma.o
                0x08001ea0                HAL_DMA_GetError
 *fill*         0x08001eb6        0x2 
 .text.HAL_GPIO_Init
                0x08001eb8      0x308 ./Drivers/STM32F1xx_HAL_Driver/Src/stm32f1xx_hal_gpio.o
                0x08001eb8                HAL_GPIO_Init
 .text.HAL_GPIO_DeInit
                0x080021c0      0x178 ./Drivers/STM32F1xx_HAL_Driver/Src/stm32f1xx_hal_gpio.o
                0x080021c0                HAL_GPIO_DeInit
 .text.HAL_GPIO_ReadPin
                0x08002338       0x2e ./Drivers/STM32F1xx_HAL_Driver/Src/stm32f1xx_hal_gpio.o
                0x08002338                HAL_GPIO_ReadPin
 .text.HAL_GPIO_WritePin
                0x08002366       0x30 ./Drivers/STM32F1xx_HAL_Driver/Src/stm32f1xx_hal_gpio.o
                0x08002366                HAL_GPIO_WritePin
 *fill*         0x08002396        0x2 
 .text.HAL_RCC_OscConfig
                0x08002398      0x504 ./Drivers/STM32F1xx_HAL_Driver/Src/stm32f1xx_hal_rcc.o
                0x08002398                HAL_RCC_OscConfig
 .text.HAL_RCC_ClockConfig
                0x0800289c      0x1d4 ./Drivers/STM32F1xx_HAL_Driver/Src/stm32f1xx_hal_rcc.o
                0x0800289c                HAL_RCC_ClockConfig
 .text.HAL_RCC_GetSysClockFreq
                0x08002a70       0xa8 ./Drivers/STM32F1xx_HAL_Driver/Src/stm32f1xx_hal_rcc.o
                0x08002a70                HAL_RCC_GetSysClockFreq
 .text.HAL_RCC_GetHCLKFreq
                0x08002b18       0x14 ./Drivers/STM32F1xx_HAL_Driver/Src/stm32f1xx_hal_rcc.o
                0x08002b18                HAL_RCC_GetHCLKFreq
 .text.HAL_RCC_GetPCLK1Freq
                0x08002b2c       0x28 ./Drivers/STM32F1xx_HAL_Driver/Src/stm32f1xx_hal_rcc.o
                0x08002b2c                HAL_RCC_GetPCLK1Freq
 .text.HAL_RCC_GetPCLK2Freq
                0x08002b54       0x28 ./Drivers/STM32F1xx_HAL_Driver/Src/stm32f1xx_hal_rcc.o
                0x08002b54                HAL_RCC_GetPCLK2Freq
 .text.RCC_Delay
                0x08002b7c       0x3c ./Drivers/STM32F1xx_HAL_Driver/Src/stm32f1xx_hal_rcc.o
 .text.HAL_SPI_Init
                0x08002bb8      0x108 ./Drivers/STM32F1xx_HAL_Driver/Src/stm32f1xx_hal_spi.o
                0x08002bb8                HAL_SPI_Init
 .text.HAL_SPI_Transmit
                0x08002cc0      0x288 ./Drivers/STM32F1xx_HAL_Driver/Src/stm32f1xx_hal_spi.o
                0x08002cc0                HAL_SPI_Transmit
 .text.HAL_SPI_Receive
                0x08002f48      0x232 ./Drivers/STM32F1xx_HAL_Driver/Src/stm32f1xx_hal_spi.o
                0x08002f48                HAL_SPI_Receive
 .text.HAL_SPI_TransmitReceive
                0x0800317a      0x352 ./Drivers/STM32F1xx_HAL_Driver/Src/stm32f1xx_hal_spi.o
                0x0800317a                HAL_SPI_TransmitReceive
 .text.HAL_SPI_IRQHandler
                0x080034cc      0x1cc ./Drivers/STM32F1xx_HAL_Driver/Src/stm32f1xx_hal_spi.o
                0x080034cc                HAL_SPI_IRQHandler
 .text.HAL_SPI_ErrorCallback
                0x08003698       0x12 ./Drivers/STM32F1xx_HAL_Driver/Src/stm32f1xx_hal_spi.o
                0x08003698                HAL_SPI_ErrorCallback
 .text.SPI_DMAAbortOnError
                0x080036aa       0x28 ./Drivers/STM32F1xx_HAL_Driver/Src/stm32f1xx_hal_spi.o
 *fill*         0x080036d2        0x2 
 .text.SPI_WaitFlagStateUntilTimeout
                0x080036d4      0x110 ./Drivers/STM32F1xx_HAL_Driver/Src/stm32f1xx_hal_spi.o
 .text.SPI_EndRxTransaction
                0x080037e4       0xa4 ./Drivers/STM32F1xx_HAL_Driver/Src/stm32f1xx_hal_spi.o
 .text.SPI_EndRxTxTransaction
                0x08003888       0x62 ./Drivers/STM32F1xx_HAL_Driver/Src/stm32f1xx_hal_spi.o
 .text.HAL_UART_Init
                0x080038ea       0xa0 ./Drivers/STM32F1xx_HAL_Driver/Src/stm32f1xx_hal_uart.o
                0x080038ea                HAL_UART_Init
 .text.HAL_UART_DeInit
                0x0800398a       0x64 ./Drivers/STM32F1xx_HAL_Driver/Src/stm32f1xx_hal_uart.o
                0x0800398a                HAL_UART_DeInit
 .text.HAL_UART_Transmit
                0x080039ee      0x116 ./Drivers/STM32F1xx_HAL_Driver/Src/stm32f1xx_hal_uart.o
                0x080039ee                HAL_UART_Transmit
 .text.HAL_UART_Receive_IT
                0x08003b04       0x4a ./Drivers/STM32F1xx_HAL_Driver/Src/stm32f1xx_hal_uart.o
                0x08003b04                HAL_UART_Receive_IT
 .text.HAL_UART_AbortReceive
                0x08003b4e      0x146 ./Drivers/STM32F1xx_HAL_Driver/Src/stm32f1xx_hal_uart.o
                0x08003b4e                HAL_UART_AbortReceive
 .text.HAL_UART_IRQHandler
                0x08003c94      0x524 ./Drivers/STM32F1xx_HAL_Driver/Src/stm32f1xx_hal_uart.o
                0x08003c94                HAL_UART_IRQHandler
 .text.HAL_UART_TxCpltCallback
                0x080041b8       0x12 ./Drivers/STM32F1xx_HAL_Driver/Src/stm32f1xx_hal_uart.o
                0x080041b8                HAL_UART_TxCpltCallback
 .text.HAL_UART_ErrorCallback
                0x080041ca       0x12 ./Drivers/STM32F1xx_HAL_Driver/Src/stm32f1xx_hal_uart.o
                0x080041ca                HAL_UART_ErrorCallback
 .text.HAL_UARTEx_RxEventCallback
                0x080041dc       0x16 ./Drivers/STM32F1xx_HAL_Driver/Src/stm32f1xx_hal_uart.o
                0x080041dc                HAL_UARTEx_RxEventCallback
 .text.UART_WaitOnFlagUntilTimeout
                0x080041f2       0xb2 ./Drivers/STM32F1xx_HAL_Driver/Src/stm32f1xx_hal_uart.o
 .text.UART_Start_Receive_IT
                0x080042a4       0x72 ./Drivers/STM32F1xx_HAL_Driver/Src/stm32f1xx_hal_uart.o
                0x080042a4                UART_Start_Receive_IT
 .text.UART_EndRxTransfer
                0x08004316       0xc4 ./Drivers/STM32F1xx_HAL_Driver/Src/stm32f1xx_hal_uart.o
 .text.UART_DMAAbortOnError
                0x080043da       0x28 ./Drivers/STM32F1xx_HAL_Driver/Src/stm32f1xx_hal_uart.o
 .text.UART_Transmit_IT
                0x08004402       0x9e ./Drivers/STM32F1xx_HAL_Driver/Src/stm32f1xx_hal_uart.o
 .text.UART_EndTransmit_IT
                0x080044a0       0x30 ./Drivers/STM32F1xx_HAL_Driver/Src/stm32f1xx_hal_uart.o
 .text.UART_Receive_IT
                0x080044d0      0x17c ./Drivers/STM32F1xx_HAL_Driver/Src/stm32f1xx_hal_uart.o
 .text.UART_SetConfig
                0x0800464c      0x11c ./Drivers/STM32F1xx_HAL_Driver/Src/stm32f1xx_hal_uart.o
 .text.memset   0x08004768       0x10 C:/ST/STM32CubeIDE_1.19.0/STM32CubeIDE/plugins/com.st.stm32cube.ide.mcu.externaltools.gnu-tools-for-stm32.13.3.rel1.win32_1.0.0.202411081344/tools/bin/../lib/gcc/arm-none-eabi/13.3.1/../../../../arm-none-eabi/lib/thumb/v7-m/nofp\libc_nano.a(libc_a-memset.o)
                0x08004768                memset
 .text.__libc_init_array
                0x08004778       0x48 C:/ST/STM32CubeIDE_1.19.0/STM32CubeIDE/plugins/com.st.stm32cube.ide.mcu.externaltools.gnu-tools-for-stm32.13.3.rel1.win32_1.0.0.202411081344/tools/bin/../lib/gcc/arm-none-eabi/13.3.1/../../../../arm-none-eabi/lib/thumb/v7-m/nofp\libc_nano.a(libc_a-init.o)
                0x08004778                __libc_init_array
 .text.memcpy   0x080047c0       0x1c C:/ST/STM32CubeIDE_1.19.0/STM32CubeIDE/plugins/com.st.stm32cube.ide.mcu.externaltools.gnu-tools-for-stm32.13.3.rel1.win32_1.0.0.202411081344/tools/bin/../lib/gcc/arm-none-eabi/13.3.1/../../../../arm-none-eabi/lib/thumb/v7-m/nofp\libc_nano.a(libc_a-memcpy-stub.o)
                0x080047c0                memcpy
 *(.glue_7)
 .glue_7        0x080047dc        0x0 linker stubs
 *(.glue_7t)
 .glue_7t       0x080047dc        0x0 linker stubs
 *(.eh_frame)
 .eh_frame      0x080047dc        0x0 C:/ST/STM32CubeIDE_1.19.0/STM32CubeIDE/plugins/com.st.stm32cube.ide.mcu.externaltools.gnu-tools-for-stm32.13.3.rel1.win32_1.0.0.202411081344/tools/bin/../lib/gcc/arm-none-eabi/13.3.1/thumb/v7-m/nofp/crtbegin.o
 *(.init)
 .init          0x080047dc        0x4 C:/ST/STM32CubeIDE_1.19.0/STM32CubeIDE/plugins/com.st.stm32cube.ide.mcu.externaltools.gnu-tools-for-stm32.13.3.rel1.win32_1.0.0.202411081344/tools/bin/../lib/gcc/arm-none-eabi/13.3.1/thumb/v7-m/nofp/crti.o
                0x080047dc                _init
 .init          0x080047e0        0x8 C:/ST/STM32CubeIDE_1.19.0/STM32CubeIDE/plugins/com.st.stm32cube.ide.mcu.externaltools.gnu-tools-for-stm32.13.3.rel1.win32_1.0.0.202411081344/tools/bin/../lib/gcc/arm-none-eabi/13.3.1/thumb/v7-m/nofp/crtn.o
 *(.fini)
 .fini          0x080047e8        0x4 C:/ST/STM32CubeIDE_1.19.0/STM32CubeIDE/plugins/com.st.stm32cube.ide.mcu.externaltools.gnu-tools-for-stm32.13.3.rel1.win32_1.0.0.202411081344/tools/bin/../lib/gcc/arm-none-eabi/13.3.1/thumb/v7-m/nofp/crti.o
                0x080047e8                _fini
 .fini          0x080047ec        0x8 C:/ST/STM32CubeIDE_1.19.0/STM32CubeIDE/plugins/com.st.stm32cube.ide.mcu.externaltools.gnu-tools-for-stm32.13.3.rel1.win32_1.0.0.202411081344/tools/bin/../lib/gcc/arm-none-eabi/13.3.1/thumb/v7-m/nofp/crtn.o
                0x080047f4                        . = ALIGN (0x4)
                0x080047f4                        _etext = .

.vfp11_veneer   0x080047f4        0x0
 .vfp11_veneer  0x080047f4        0x0 linker stubs

.v4_bx          0x080047f4        0x0
 .v4_bx         0x080047f4        0x0 linker stubs

.iplt           0x080047f4        0x0
 .iplt          0x080047f4        0x0 C:/ST/STM32CubeIDE_1.19.0/STM32CubeIDE/plugins/com.st.stm32cube.ide.mcu.externaltools.gnu-tools-for-stm32.13.3.rel1.win32_1.0.0.202411081344/tools/bin/../lib/gcc/arm-none-eabi/13.3.1/thumb/v7-m/nofp/crtbegin.o

.rodata         0x080047f4      0x22c
                0x080047f4                        . = ALIGN (0x4)
 *(.rodata)
 *(.rodata*)
 .rodata.table_crc_hi
                0x080047f4      0x100 ./Core/Src/Modbus_crc.o
 .rodata.table_crc_lo
                0x080048f4      0x100 ./Core/Src/Modbus_crc.o
 .rodata.AHBPrescTable
                0x080049f4       0x10 ./Core/Src/system_stm32f1xx.o
                0x080049f4                AHBPrescTable
 .rodata.APBPrescTable
                0x08004a04        0x8 ./Core/Src/system_stm32f1xx.o
                0x08004a04                APBPrescTable
 .rodata.aPLLMULFactorTable.1
                0x08004a0c       0x10 ./Drivers/STM32F1xx_HAL_Driver/Src/stm32f1xx_hal_rcc.o
 .rodata.aPredivFactorTable.0
                0x08004a1c        0x2 ./Drivers/STM32F1xx_HAL_Driver/Src/stm32f1xx_hal_rcc.o
                0x08004a20                        . = ALIGN (0x4)
 *fill*         0x08004a1e        0x2 

.rel.dyn        0x08004a20        0x0
 .rel.iplt      0x08004a20        0x0 C:/ST/STM32CubeIDE_1.19.0/STM32CubeIDE/plugins/com.st.stm32cube.ide.mcu.externaltools.gnu-tools-for-stm32.13.3.rel1.win32_1.0.0.202411081344/tools/bin/../lib/gcc/arm-none-eabi/13.3.1/thumb/v7-m/nofp/crtbegin.o

.ARM.extab      0x08004a20        0x0
                0x08004a20                        . = ALIGN (0x4)
 *(.ARM.extab* .gnu.linkonce.armextab.*)
                0x08004a20                        . = ALIGN (0x4)

.ARM            0x08004a20        0x0
                0x08004a20                        . = ALIGN (0x4)
                0x08004a20                        __exidx_start = .
 *(.ARM.exidx*)
                0x08004a20                        __exidx_end = .
                0x08004a20                        . = ALIGN (0x4)

.preinit_array  0x08004a20        0x0
                0x08004a20                        . = ALIGN (0x4)
                0x08004a20                        PROVIDE (__preinit_array_start = .)
 *(.preinit_array*)
                0x08004a20                        PROVIDE (__preinit_array_end = .)
                0x08004a20                        . = ALIGN (0x4)

.init_array     0x08004a20        0x4
                0x08004a20                        . = ALIGN (0x4)
                0x08004a20                        PROVIDE (__init_array_start = .)
 *(SORT_BY_NAME(.init_array.*))
 *(.init_array*)
 .init_array    0x08004a20        0x4 C:/ST/STM32CubeIDE_1.19.0/STM32CubeIDE/plugins/com.st.stm32cube.ide.mcu.externaltools.gnu-tools-for-stm32.13.3.rel1.win32_1.0.0.202411081344/tools/bin/../lib/gcc/arm-none-eabi/13.3.1/thumb/v7-m/nofp/crtbegin.o
                0x08004a24                        PROVIDE (__init_array_end = .)
                0x08004a24                        . = ALIGN (0x4)

.fini_array     0x08004a24        0x4
                0x08004a24                        . = ALIGN (0x4)
                [!provide]                        PROVIDE (__fini_array_start = .)
 *(SORT_BY_NAME(.fini_array.*))
 *(.fini_array*)
 .fini_array    0x08004a24        0x4 C:/ST/STM32CubeIDE_1.19.0/STM32CubeIDE/plugins/com.st.stm32cube.ide.mcu.externaltools.gnu-tools-for-stm32.13.3.rel1.win32_1.0.0.202411081344/tools/bin/../lib/gcc/arm-none-eabi/13.3.1/thumb/v7-m/nofp/crtbegin.o
                [!provide]                        PROVIDE (__fini_array_end = .)
                0x08004a28                        . = ALIGN (0x4)
                0x08004a28                        _sidata = LOADADDR (.data)

.data           0x20000000        0xc load address 0x08004a28
                0x20000000                        . = ALIGN (0x4)
                0x20000000                        _sdata = .
 *(.data)
 *(.data*)
 .data.SystemCoreClock
                0x20000000        0x4 ./Core/Src/system_stm32f1xx.o
                0x20000000                SystemCoreClock
 .data.uwTickPrio
                0x20000004        0x4 ./Drivers/STM32F1xx_HAL_Driver/Src/stm32f1xx_hal.o
                0x20000004                uwTickPrio
 .data.uwTickFreq
                0x20000008        0x1 ./Drivers/STM32F1xx_HAL_Driver/Src/stm32f1xx_hal.o
                0x20000008                uwTickFreq
 *(.RamFunc)
 *(.RamFunc*)
                0x2000000c                        . = ALIGN (0x4)
 *fill*         0x20000009        0x3 
                0x2000000c                        _edata = .

.igot.plt       0x2000000c        0x0 load address 0x08004a34
 .igot.plt      0x2000000c        0x0 C:/ST/STM32CubeIDE_1.19.0/STM32CubeIDE/plugins/com.st.stm32cube.ide.mcu.externaltools.gnu-tools-for-stm32.13.3.rel1.win32_1.0.0.202411081344/tools/bin/../lib/gcc/arm-none-eabi/13.3.1/thumb/v7-m/nofp/crtbegin.o
                0x2000000c                        . = ALIGN (0x4)

.bss            0x2000000c      0x154 load address 0x08004a34
                0x2000000c                        _sbss = .
                0x2000000c                        __bss_start__ = _sbss
 *(.bss)
 .bss           0x2000000c       0x1c C:/ST/STM32CubeIDE_1.19.0/STM32CubeIDE/plugins/com.st.stm32cube.ide.mcu.externaltools.gnu-tools-for-stm32.13.3.rel1.win32_1.0.0.202411081344/tools/bin/../lib/gcc/arm-none-eabi/13.3.1/thumb/v7-m/nofp/crtbegin.o
 *(.bss*)
 .bss.Coils_Database
                0x20000028        0x2 ./Core/Src/Modbus_slave.o
 *fill*         0x2000002a        0x2 
 .bss.RxData    0x2000002c        0xa ./Core/Src/main.o
                0x2000002c                RxData
 *fill*         0x20000036        0x2 
 .bss.TxData    0x20000038        0xa ./Core/Src/main.o
                0x20000038                TxData
 *fill*         0x20000042        0x2 
 .bss.RxData2   0x20000044        0xa ./Core/Src/main.o
                0x20000044                RxData2
 .bss.coils_value
                0x2000004e        0x2 ./Core/Src/main.o
                0x2000004e                coils_value
 .bss.TxData2   0x20000050        0xa ./Core/Src/main.o
                0x20000050                TxData2
 .bss.RxIndex1  0x2000005a        0x1 ./Core/Src/main.o
                0x2000005a                RxIndex1
 .bss.RxIndex2  0x2000005b        0x1 ./Core/Src/main.o
                0x2000005b                RxIndex2
 .bss.RxByte1   0x2000005c        0x1 ./Core/Src/main.o
                0x2000005c                RxByte1
 .bss.RxByte3   0x2000005d        0x1 ./Core/Src/main.o
                0x2000005d                RxByte3
 *fill*         0x2000005e        0x2 
 .bss.lastByteTime1
                0x20000060        0x4 ./Core/Src/main.o
                0x20000060                lastByteTime1
 .bss.lastByteTime3
                0x20000064        0x4 ./Core/Src/main.o
                0x20000064                lastByteTime3
 .bss.slave_id  0x20000068        0x1 ./Core/Src/main.o
                0x20000068                slave_id
 .bss.buf_A     0x20000069        0x1 ./Core/Src/main.o
                0x20000069                buf_A
 *fill*         0x2000006a        0x2 
 .bss.selectedBaudRate
                0x2000006c        0x4 ./Core/Src/main.o
                0x2000006c                selectedBaudRate
 .bss.prevBaudRate
                0x20000070        0x4 ./Core/Src/main.o
                0x20000070                prevBaudRate
 .bss.hspi2     0x20000074       0x58 ./Core/Src/main.o
                0x20000074                hspi2
 .bss.huart1    0x200000cc       0x48 ./Core/Src/main.o
                0x200000cc                huart1
 .bss.huart3    0x20000114       0x48 ./Core/Src/main.o
                0x20000114                huart3
 .bss.uwTick    0x2000015c        0x4 ./Drivers/STM32F1xx_HAL_Driver/Src/stm32f1xx_hal.o
                0x2000015c                uwTick
 *(COMMON)
                0x20000160                        . = ALIGN (0x4)
                0x20000160                        _ebss = .
                0x20000160                        __bss_end__ = _ebss

._user_heap_stack
                0x20000160      0x600 load address 0x08004a34
                0x20000160                        . = ALIGN (0x8)
                [!provide]                        PROVIDE (end = .)
                0x20000160                        PROVIDE (_end = .)
                0x20000360                        . = (. + _Min_Heap_Size)
 *fill*         0x20000160      0x200 
                0x20000760                        . = (. + _Min_Stack_Size)
 *fill*         0x20000360      0x400 
                0x20000760                        . = ALIGN (0x8)

/DISCARD/
 libc.a(*)
 libm.a(*)
 libgcc.a(*)

.ARM.attributes
                0x00000000       0x29
 *(.ARM.attributes)
 .ARM.attributes
                0x00000000       0x1d C:/ST/STM32CubeIDE_1.19.0/STM32CubeIDE/plugins/com.st.stm32cube.ide.mcu.externaltools.gnu-tools-for-stm32.13.3.rel1.win32_1.0.0.202411081344/tools/bin/../lib/gcc/arm-none-eabi/13.3.1/thumb/v7-m/nofp/crti.o
 .ARM.attributes
                0x0000001d       0x2d C:/ST/STM32CubeIDE_1.19.0/STM32CubeIDE/plugins/com.st.stm32cube.ide.mcu.externaltools.gnu-tools-for-stm32.13.3.rel1.win32_1.0.0.202411081344/tools/bin/../lib/gcc/arm-none-eabi/13.3.1/thumb/v7-m/nofp/crtbegin.o
 .ARM.attributes
                0x0000004a       0x2d ./Core/Src/Modbus_crc.o
 .ARM.attributes
                0x00000077       0x2d ./Core/Src/Modbus_slave.o
 .ARM.attributes
                0x000000a4       0x2d ./Core/Src/main.o
 .ARM.attributes
                0x000000d1       0x2d ./Core/Src/stm32f1xx_hal_msp.o
 .ARM.attributes
                0x000000fe       0x2d ./Core/Src/stm32f1xx_it.o
 .ARM.attributes
                0x0000012b       0x2d ./Core/Src/system_stm32f1xx.o
 .ARM.attributes
                0x00000158       0x21 ./Core/Startup/startup_stm32f103c8tx.o
 .ARM.attributes
                0x00000179       0x2d ./Drivers/STM32F1xx_HAL_Driver/Src/stm32f1xx_hal.o
 .ARM.attributes
                0x000001a6       0x2d ./Drivers/STM32F1xx_HAL_Driver/Src/stm32f1xx_hal_cortex.o
 .ARM.attributes
                0x000001d3       0x2d ./Drivers/STM32F1xx_HAL_Driver/Src/stm32f1xx_hal_dma.o
 .ARM.attributes
                0x00000200       0x2d ./Drivers/STM32F1xx_HAL_Driver/Src/stm32f1xx_hal_gpio.o
 .ARM.attributes
                0x0000022d       0x2d ./Drivers/STM32F1xx_HAL_Driver/Src/stm32f1xx_hal_rcc.o
 .ARM.attributes
                0x0000025a       0x2d ./Drivers/STM32F1xx_HAL_Driver/Src/stm32f1xx_hal_spi.o
 .ARM.attributes
                0x00000287       0x2d ./Drivers/STM32F1xx_HAL_Driver/Src/stm32f1xx_hal_uart.o
 .ARM.attributes
                0x000002b4       0x2d C:/ST/STM32CubeIDE_1.19.0/STM32CubeIDE/plugins/com.st.stm32cube.ide.mcu.externaltools.gnu-tools-for-stm32.13.3.rel1.win32_1.0.0.202411081344/tools/bin/../lib/gcc/arm-none-eabi/13.3.1/../../../../arm-none-eabi/lib/thumb/v7-m/nofp\libc_nano.a(libc_a-memset.o)
 .ARM.attributes
                0x000002e1       0x2d C:/ST/STM32CubeIDE_1.19.0/STM32CubeIDE/plugins/com.st.stm32cube.ide.mcu.externaltools.gnu-tools-for-stm32.13.3.rel1.win32_1.0.0.202411081344/tools/bin/../lib/gcc/arm-none-eabi/13.3.1/../../../../arm-none-eabi/lib/thumb/v7-m/nofp\libc_nano.a(libc_a-init.o)
 .ARM.attributes
                0x0000030e       0x2d C:/ST/STM32CubeIDE_1.19.0/STM32CubeIDE/plugins/com.st.stm32cube.ide.mcu.externaltools.gnu-tools-for-stm32.13.3.rel1.win32_1.0.0.202411081344/tools/bin/../lib/gcc/arm-none-eabi/13.3.1/../../../../arm-none-eabi/lib/thumb/v7-m/nofp\libc_nano.a(libc_a-memcpy-stub.o)
 .ARM.attributes
                0x0000033b       0x1d C:/ST/STM32CubeIDE_1.19.0/STM32CubeIDE/plugins/com.st.stm32cube.ide.mcu.externaltools.gnu-tools-for-stm32.13.3.rel1.win32_1.0.0.202411081344/tools/bin/../lib/gcc/arm-none-eabi/13.3.1/thumb/v7-m/nofp/crtn.o
OUTPUT(ME_MAX_DO_V3.elf elf32-littlearm)
LOAD linker stubs
LOAD C:/ST/STM32CubeIDE_1.19.0/STM32CubeIDE/plugins/com.st.stm32cube.ide.mcu.externaltools.gnu-tools-for-stm32.13.3.rel1.win32_1.0.0.202411081344/tools/bin/../lib/gcc/arm-none-eabi/13.3.1/../../../../arm-none-eabi/lib/thumb/v7-m/nofp\libc.a
LOAD C:/ST/STM32CubeIDE_1.19.0/STM32CubeIDE/plugins/com.st.stm32cube.ide.mcu.externaltools.gnu-tools-for-stm32.13.3.rel1.win32_1.0.0.202411081344/tools/bin/../lib/gcc/arm-none-eabi/13.3.1/../../../../arm-none-eabi/lib/thumb/v7-m/nofp\libm.a
LOAD C:/ST/STM32CubeIDE_1.19.0/STM32CubeIDE/plugins/com.st.stm32cube.ide.mcu.externaltools.gnu-tools-for-stm32.13.3.rel1.win32_1.0.0.202411081344/tools/bin/../lib/gcc/arm-none-eabi/13.3.1/thumb/v7-m/nofp\libgcc.a

.debug_info     0x00000000     0x9f96
 .debug_info    0x00000000      0x143 ./Core/Src/Modbus_crc.o
 .debug_info    0x00000143      0xc5f ./Core/Src/Modbus_slave.o
 .debug_info    0x00000da2     0x1160 ./Core/Src/main.o
 .debug_info    0x00001f02      0xcaa ./Core/Src/stm32f1xx_hal_msp.o
 .debug_info    0x00002bac      0x8a1 ./Core/Src/stm32f1xx_it.o
 .debug_info    0x0000344d      0x222 ./Core/Src/system_stm32f1xx.o
 .debug_info    0x0000366f       0x30 ./Core/Startup/startup_stm32f103c8tx.o
 .debug_info    0x0000369f      0x704 ./Drivers/STM32F1xx_HAL_Driver/Src/stm32f1xx_hal.o
 .debug_info    0x00003da3      0xa87 ./Drivers/STM32F1xx_HAL_Driver/Src/stm32f1xx_hal_cortex.o
 .debug_info    0x0000482a      0x6d2 ./Drivers/STM32F1xx_HAL_Driver/Src/stm32f1xx_hal_dma.o
 .debug_info    0x00004efc      0x5ab ./Drivers/STM32F1xx_HAL_Driver/Src/stm32f1xx_hal_gpio.o
 .debug_info    0x000054a7      0x7d5 ./Drivers/STM32F1xx_HAL_Driver/Src/stm32f1xx_hal_rcc.o
 .debug_info    0x00005c7c     0x142d ./Drivers/STM32F1xx_HAL_Driver/Src/stm32f1xx_hal_spi.o
 .debug_info    0x000070a9     0x2eed ./Drivers/STM32F1xx_HAL_Driver/Src/stm32f1xx_hal_uart.o

.debug_abbrev   0x00000000     0x1bdd
 .debug_abbrev  0x00000000       0xaf ./Core/Src/Modbus_crc.o
 .debug_abbrev  0x000000af      0x260 ./Core/Src/Modbus_slave.o
 .debug_abbrev  0x0000030f      0x325 ./Core/Src/main.o
 .debug_abbrev  0x00000634      0x1cb ./Core/Src/stm32f1xx_hal_msp.o
 .debug_abbrev  0x000007ff      0x188 ./Core/Src/stm32f1xx_it.o
 .debug_abbrev  0x00000987      0x13f ./Core/Src/system_stm32f1xx.o
 .debug_abbrev  0x00000ac6       0x24 ./Core/Startup/startup_stm32f103c8tx.o
 .debug_abbrev  0x00000aea      0x201 ./Drivers/STM32F1xx_HAL_Driver/Src/stm32f1xx_hal.o
 .debug_abbrev  0x00000ceb      0x2f8 ./Drivers/STM32F1xx_HAL_Driver/Src/stm32f1xx_hal_cortex.o
 .debug_abbrev  0x00000fe3      0x20b ./Drivers/STM32F1xx_HAL_Driver/Src/stm32f1xx_hal_dma.o
 .debug_abbrev  0x000011ee      0x1ca ./Drivers/STM32F1xx_HAL_Driver/Src/stm32f1xx_hal_gpio.o
 .debug_abbrev  0x000013b8      0x2b3 ./Drivers/STM32F1xx_HAL_Driver/Src/stm32f1xx_hal_rcc.o
 .debug_abbrev  0x0000166b      0x27a ./Drivers/STM32F1xx_HAL_Driver/Src/stm32f1xx_hal_spi.o
 .debug_abbrev  0x000018e5      0x2f8 ./Drivers/STM32F1xx_HAL_Driver/Src/stm32f1xx_hal_uart.o

.debug_aranges  0x00000000      0x978
 .debug_aranges
                0x00000000       0x20 ./Core/Src/Modbus_crc.o
 .debug_aranges
                0x00000020       0x60 ./Core/Src/Modbus_slave.o
 .debug_aranges
                0x00000080       0xc8 ./Core/Src/main.o
 .debug_aranges
                0x00000148       0x40 ./Core/Src/stm32f1xx_hal_msp.o
 .debug_aranges
                0x00000188       0x80 ./Core/Src/stm32f1xx_it.o
 .debug_aranges
                0x00000208       0x28 ./Core/Src/system_stm32f1xx.o
 .debug_aranges
                0x00000230       0x28 ./Core/Startup/startup_stm32f103c8tx.o
 .debug_aranges
                0x00000258       0xe0 ./Drivers/STM32F1xx_HAL_Driver/Src/stm32f1xx_hal.o
 .debug_aranges
                0x00000338      0x100 ./Drivers/STM32F1xx_HAL_Driver/Src/stm32f1xx_hal_cortex.o
 .debug_aranges
                0x00000438       0x80 ./Drivers/STM32F1xx_HAL_Driver/Src/stm32f1xx_hal_dma.o
 .debug_aranges
                0x000004b8       0x58 ./Drivers/STM32F1xx_HAL_Driver/Src/stm32f1xx_hal_gpio.o
 .debug_aranges
                0x00000510       0x90 ./Drivers/STM32F1xx_HAL_Driver/Src/stm32f1xx_hal_rcc.o
 .debug_aranges
                0x000005a0      0x1d0 ./Drivers/STM32F1xx_HAL_Driver/Src/stm32f1xx_hal_spi.o
 .debug_aranges
                0x00000770      0x208 ./Drivers/STM32F1xx_HAL_Driver/Src/stm32f1xx_hal_uart.o

.debug_rnglists
                0x00000000      0x744
 .debug_rnglists
                0x00000000       0x13 ./Core/Src/Modbus_crc.o
 .debug_rnglists
                0x00000013       0x49 ./Core/Src/Modbus_slave.o
 .debug_rnglists
                0x0000005c       0x96 ./Core/Src/main.o
 .debug_rnglists
                0x000000f2       0x2d ./Core/Src/stm32f1xx_hal_msp.o
 .debug_rnglists
                0x0000011f       0x5b ./Core/Src/stm32f1xx_it.o
 .debug_rnglists
                0x0000017a       0x1a ./Core/Src/system_stm32f1xx.o
 .debug_rnglists
                0x00000194       0x19 ./Core/Startup/startup_stm32f103c8tx.o
 .debug_rnglists
                0x000001ad       0xa3 ./Drivers/STM32F1xx_HAL_Driver/Src/stm32f1xx_hal.o
 .debug_rnglists
                0x00000250       0xbb ./Drivers/STM32F1xx_HAL_Driver/Src/stm32f1xx_hal_cortex.o
 .debug_rnglists
                0x0000030b       0x64 ./Drivers/STM32F1xx_HAL_Driver/Src/stm32f1xx_hal_dma.o
 .debug_rnglists
                0x0000036f       0x3f ./Drivers/STM32F1xx_HAL_Driver/Src/stm32f1xx_hal_gpio.o
 .debug_rnglists
                0x000003ae       0x6c ./Drivers/STM32F1xx_HAL_Driver/Src/stm32f1xx_hal_rcc.o
 .debug_rnglists
                0x0000041a      0x16e ./Drivers/STM32F1xx_HAL_Driver/Src/stm32f1xx_hal_spi.o
 .debug_rnglists
                0x00000588      0x1bc ./Drivers/STM32F1xx_HAL_Driver/Src/stm32f1xx_hal_uart.o

.debug_macro    0x00000000    0x171f4
 .debug_macro   0x00000000       0x63 ./Core/Src/Modbus_crc.o
 .debug_macro   0x00000063      0xacc ./Core/Src/Modbus_crc.o
 .debug_macro   0x00000b2f       0x22 ./Core/Src/Modbus_crc.o
 .debug_macro   0x00000b51       0x8e ./Core/Src/Modbus_crc.o
 .debug_macro   0x00000bdf       0x51 ./Core/Src/Modbus_crc.o
 .debug_macro   0x00000c30      0x103 ./Core/Src/Modbus_crc.o
 .debug_macro   0x00000d33       0x6a ./Core/Src/Modbus_crc.o
 .debug_macro   0x00000d9d      0x1df ./Core/Src/Modbus_crc.o
 .debug_macro   0x00000f7c      0x28b ./Core/Src/Modbus_slave.o
 .debug_macro   0x00001207      0x21b ./Core/Src/Modbus_slave.o
 .debug_macro   0x00001422       0x2e ./Core/Src/Modbus_slave.o
 .debug_macro   0x00001450       0x22 ./Core/Src/Modbus_slave.o
 .debug_macro   0x00001472       0x1c ./Core/Src/Modbus_slave.o
 .debug_macro   0x0000148e       0x22 ./Core/Src/Modbus_slave.o
 .debug_macro   0x000014b0       0xbd ./Core/Src/Modbus_slave.o
 .debug_macro   0x0000156d      0xd23 ./Core/Src/Modbus_slave.o
 .debug_macro   0x00002290     0xe09e ./Core/Src/Modbus_slave.o
 .debug_macro   0x0001032e       0x6d ./Core/Src/Modbus_slave.o
 .debug_macro   0x0001039b     0x34a2 ./Core/Src/Modbus_slave.o
 .debug_macro   0x0001383d      0x190 ./Core/Src/Modbus_slave.o
 .debug_macro   0x000139cd       0x5c ./Core/Src/Modbus_slave.o
 .debug_macro   0x00013a29      0x5bc ./Core/Src/Modbus_slave.o
 .debug_macro   0x00013fe5      0x289 ./Core/Src/Modbus_slave.o
 .debug_macro   0x0001426e      0x1cb ./Core/Src/Modbus_slave.o
 .debug_macro   0x00014439      0x114 ./Core/Src/Modbus_slave.o
 .debug_macro   0x0001454d      0x1b2 ./Core/Src/Modbus_slave.o
 .debug_macro   0x000146ff       0x27 ./Core/Src/Modbus_slave.o
 .debug_macro   0x00014726      0x136 ./Core/Src/Modbus_slave.o
 .debug_macro   0x0001485c      0x1bc ./Core/Src/Modbus_slave.o
 .debug_macro   0x00014a18       0x34 ./Core/Src/Modbus_slave.o
 .debug_macro   0x00014a4c       0x3c ./Core/Src/Modbus_slave.o
 .debug_macro   0x00014a88       0x57 ./Core/Src/Modbus_slave.o
 .debug_macro   0x00014adf       0x87 ./Core/Src/Modbus_slave.o
 .debug_macro   0x00014b66      0x240 ./Core/Src/Modbus_slave.o
 .debug_macro   0x00014da6      0x140 ./Core/Src/Modbus_slave.o
 .debug_macro   0x00014ee6      0x217 ./Core/Src/Modbus_slave.o
 .debug_macro   0x000150fd      0x28e ./Core/Src/Modbus_slave.o
 .debug_macro   0x0001538b       0x83 ./Core/Src/Modbus_slave.o
 .debug_macro   0x0001540e       0x16 ./Core/Src/Modbus_slave.o
 .debug_macro   0x00015424       0x61 ./Core/Src/Modbus_slave.o
 .debug_macro   0x00015485       0x24 ./Core/Src/Modbus_slave.o
 .debug_macro   0x000154a9       0x43 ./Core/Src/Modbus_slave.o
 .debug_macro   0x000154ec       0x34 ./Core/Src/Modbus_slave.o
 .debug_macro   0x00015520      0x370 ./Core/Src/Modbus_slave.o
 .debug_macro   0x00015890       0x16 ./Core/Src/Modbus_slave.o
 .debug_macro   0x000158a6       0x4a ./Core/Src/Modbus_slave.o
 .debug_macro   0x000158f0       0x34 ./Core/Src/Modbus_slave.o
 .debug_macro   0x00015924       0x10 ./Core/Src/Modbus_slave.o
 .debug_macro   0x00015934       0x58 ./Core/Src/Modbus_slave.o
 .debug_macro   0x0001598c       0x8e ./Core/Src/Modbus_slave.o
 .debug_macro   0x00015a1a       0x1c ./Core/Src/Modbus_slave.o
 .debug_macro   0x00015a36      0x185 ./Core/Src/Modbus_slave.o
 .debug_macro   0x00015bbb       0x10 ./Core/Src/Modbus_slave.o
 .debug_macro   0x00015bcb       0x3c ./Core/Src/Modbus_slave.o
 .debug_macro   0x00015c07       0x20 ./Core/Src/Modbus_slave.o
 .debug_macro   0x00015c27      0x2fa ./Core/Src/main.o
 .debug_macro   0x00015f21       0x22 ./Core/Src/main.o
 .debug_macro   0x00015f43       0x1c ./Core/Src/main.o
 .debug_macro   0x00015f5f       0x10 ./Core/Src/main.o
 .debug_macro   0x00015f6f       0x1c ./Core/Src/main.o
 .debug_macro   0x00015f8b       0x16 ./Core/Src/main.o
 .debug_macro   0x00015fa1      0x146 ./Core/Src/main.o
 .debug_macro   0x000160e7       0x16 ./Core/Src/main.o
 .debug_macro   0x000160fd       0x16 ./Core/Src/main.o
 .debug_macro   0x00016113       0x29 ./Core/Src/main.o
 .debug_macro   0x0001613c      0x1a2 ./Core/Src/stm32f1xx_hal_msp.o
 .debug_macro   0x000162de      0x1ac ./Core/Src/stm32f1xx_it.o
 .debug_macro   0x0001648a      0x198 ./Core/Src/system_stm32f1xx.o
 .debug_macro   0x00016622      0x1bc ./Drivers/STM32F1xx_HAL_Driver/Src/stm32f1xx_hal.o
 .debug_macro   0x000167de      0x198 ./Drivers/STM32F1xx_HAL_Driver/Src/stm32f1xx_hal_cortex.o
 .debug_macro   0x00016976      0x198 ./Drivers/STM32F1xx_HAL_Driver/Src/stm32f1xx_hal_dma.o
 .debug_macro   0x00016b0e      0x203 ./Drivers/STM32F1xx_HAL_Driver/Src/stm32f1xx_hal_gpio.o
 .debug_macro   0x00016d11      0x1aa ./Drivers/STM32F1xx_HAL_Driver/Src/stm32f1xx_hal_rcc.o
 .debug_macro   0x00016ebb      0x1a0 ./Drivers/STM32F1xx_HAL_Driver/Src/stm32f1xx_hal_spi.o
 .debug_macro   0x0001705b      0x199 ./Drivers/STM32F1xx_HAL_Driver/Src/stm32f1xx_hal_uart.o

.debug_line     0x00000000     0xb309
 .debug_line    0x00000000      0x430 ./Core/Src/Modbus_crc.o
 .debug_line    0x00000430      0xee2 ./Core/Src/Modbus_slave.o
 .debug_line    0x00001312      0xccb ./Core/Src/main.o
 .debug_line    0x00001fdd      0x7cc ./Core/Src/stm32f1xx_hal_msp.o
 .debug_line    0x000027a9      0x7ec ./Core/Src/stm32f1xx_it.o
 .debug_line    0x00002f95      0x761 ./Core/Src/system_stm32f1xx.o
 .debug_line    0x000036f6       0x78 ./Core/Startup/startup_stm32f103c8tx.o
 .debug_line    0x0000376e      0x992 ./Drivers/STM32F1xx_HAL_Driver/Src/stm32f1xx_hal.o
 .debug_line    0x00004100      0xb5c ./Drivers/STM32F1xx_HAL_Driver/Src/stm32f1xx_hal_cortex.o
 .debug_line    0x00004c5c      0xd9c ./Drivers/STM32F1xx_HAL_Driver/Src/stm32f1xx_hal_dma.o
 .debug_line    0x000059f8      0x9ef ./Drivers/STM32F1xx_HAL_Driver/Src/stm32f1xx_hal_gpio.o
 .debug_line    0x000063e7      0xe4b ./Drivers/STM32F1xx_HAL_Driver/Src/stm32f1xx_hal_rcc.o
 .debug_line    0x00007232     0x1c29 ./Drivers/STM32F1xx_HAL_Driver/Src/stm32f1xx_hal_spi.o
 .debug_line    0x00008e5b     0x24ae ./Drivers/STM32F1xx_HAL_Driver/Src/stm32f1xx_hal_uart.o

.debug_str      0x00000000    0x83d1d
 .debug_str     0x00000000    0x83d1d ./Core/Src/Modbus_crc.o
                               0x3dad (size before relaxing)
 .debug_str     0x00083d1d    0x81697 ./Core/Src/Modbus_slave.o
 .debug_str     0x00083d1d    0x82287 ./Core/Src/main.o
 .debug_str     0x00083d1d    0x7e7ab ./Core/Src/stm32f1xx_hal_msp.o
 .debug_str     0x00083d1d    0x7e485 ./Core/Src/stm32f1xx_it.o
 .debug_str     0x00083d1d    0x7de8b ./Core/Src/system_stm32f1xx.o
 .debug_str     0x00083d1d       0x74 ./Core/Startup/startup_stm32f103c8tx.o
 .debug_str     0x00083d1d    0x7e5be ./Drivers/STM32F1xx_HAL_Driver/Src/stm32f1xx_hal.o
 .debug_str     0x00083d1d    0x7e50a ./Drivers/STM32F1xx_HAL_Driver/Src/stm32f1xx_hal_cortex.o
 .debug_str     0x00083d1d    0x7e234 ./Drivers/STM32F1xx_HAL_Driver/Src/stm32f1xx_hal_dma.o
 .debug_str     0x00083d1d    0x7e211 ./Drivers/STM32F1xx_HAL_Driver/Src/stm32f1xx_hal_gpio.o
 .debug_str     0x00083d1d    0x7e2ba ./Drivers/STM32F1xx_HAL_Driver/Src/stm32f1xx_hal_rcc.o
 .debug_str     0x00083d1d    0x7e7b1 ./Drivers/STM32F1xx_HAL_Driver/Src/stm32f1xx_hal_spi.o
 .debug_str     0x00083d1d    0x7e92b ./Drivers/STM32F1xx_HAL_Driver/Src/stm32f1xx_hal_uart.o

.comment        0x00000000       0x43
 .comment       0x00000000       0x43 ./Core/Src/Modbus_crc.o
                                 0x44 (size before relaxing)
 .comment       0x00000043       0x44 ./Core/Src/Modbus_slave.o
 .comment       0x00000043       0x44 ./Core/Src/main.o
 .comment       0x00000043       0x44 ./Core/Src/stm32f1xx_hal_msp.o
 .comment       0x00000043       0x44 ./Core/Src/stm32f1xx_it.o
 .comment       0x00000043       0x44 ./Core/Src/system_stm32f1xx.o
 .comment       0x00000043       0x44 ./Drivers/STM32F1xx_HAL_Driver/Src/stm32f1xx_hal.o
 .comment       0x00000043       0x44 ./Drivers/STM32F1xx_HAL_Driver/Src/stm32f1xx_hal_cortex.o
 .comment       0x00000043       0x44 ./Drivers/STM32F1xx_HAL_Driver/Src/stm32f1xx_hal_dma.o
 .comment       0x00000043       0x44 ./Drivers/STM32F1xx_HAL_Driver/Src/stm32f1xx_hal_gpio.o
 .comment       0x00000043       0x44 ./Drivers/STM32F1xx_HAL_Driver/Src/stm32f1xx_hal_rcc.o
 .comment       0x00000043       0x44 ./Drivers/STM32F1xx_HAL_Driver/Src/stm32f1xx_hal_spi.o
 .comment       0x00000043       0x44 ./Drivers/STM32F1xx_HAL_Driver/Src/stm32f1xx_hal_uart.o

.debug_frame    0x00000000     0x25c0
 .debug_frame   0x00000000       0x38 ./Core/Src/Modbus_crc.o
 .debug_frame   0x00000038      0x164 ./Core/Src/Modbus_slave.o
 .debug_frame   0x0000019c      0x2ec ./Core/Src/main.o
 .debug_frame   0x00000488       0xc4 ./Core/Src/stm32f1xx_hal_msp.o
 .debug_frame   0x0000054c      0x178 ./Core/Src/stm32f1xx_it.o
 .debug_frame   0x000006c4       0x58 ./Core/Src/system_stm32f1xx.o
 .debug_frame   0x0000071c      0x334 ./Drivers/STM32F1xx_HAL_Driver/Src/stm32f1xx_hal.o
 .debug_frame   0x00000a50      0x428 ./Drivers/STM32F1xx_HAL_Driver/Src/stm32f1xx_hal_cortex.o
 .debug_frame   0x00000e78      0x208 ./Drivers/STM32F1xx_HAL_Driver/Src/stm32f1xx_hal_dma.o
 .debug_frame   0x00001080      0x14c ./Drivers/STM32F1xx_HAL_Driver/Src/stm32f1xx_hal_gpio.o
 .debug_frame   0x000011cc      0x218 ./Drivers/STM32F1xx_HAL_Driver/Src/stm32f1xx_hal_rcc.o
 .debug_frame   0x000013e4      0x824 ./Drivers/STM32F1xx_HAL_Driver/Src/stm32f1xx_hal_spi.o
 .debug_frame   0x00001c08      0x944 ./Drivers/STM32F1xx_HAL_Driver/Src/stm32f1xx_hal_uart.o
 .debug_frame   0x0000254c       0x20 C:/ST/STM32CubeIDE_1.19.0/STM32CubeIDE/plugins/com.st.stm32cube.ide.mcu.externaltools.gnu-tools-for-stm32.13.3.rel1.win32_1.0.0.202411081344/tools/bin/../lib/gcc/arm-none-eabi/13.3.1/../../../../arm-none-eabi/lib/thumb/v7-m/nofp\libc_nano.a(libc_a-memset.o)
 .debug_frame   0x0000256c       0x2c C:/ST/STM32CubeIDE_1.19.0/STM32CubeIDE/plugins/com.st.stm32cube.ide.mcu.externaltools.gnu-tools-for-stm32.13.3.rel1.win32_1.0.0.202411081344/tools/bin/../lib/gcc/arm-none-eabi/13.3.1/../../../../arm-none-eabi/lib/thumb/v7-m/nofp\libc_nano.a(libc_a-init.o)
 .debug_frame   0x00002598       0x28 C:/ST/STM32CubeIDE_1.19.0/STM32CubeIDE/plugins/com.st.stm32cube.ide.mcu.externaltools.gnu-tools-for-stm32.13.3.rel1.win32_1.0.0.202411081344/tools/bin/../lib/gcc/arm-none-eabi/13.3.1/../../../../arm-none-eabi/lib/thumb/v7-m/nofp\libc_nano.a(libc_a-memcpy-stub.o)

.debug_line_str
                0x00000000       0x58
 .debug_line_str
                0x00000000       0x58 ./Core/Startup/startup_stm32f103c8tx.o
