../Core/Src/common.c:26:10:word	0	static
../Core/Src/common.c:53:1:lwgsm_u32_to_gen_str	12	static
../Core/Src/common.c:117:1:lwgsm_i32_to_gen_str	8	static
../Core/Src/common.c:135:6:lwgsm_str_to_asciiStr	32	static
../Core/Src/common.c:159:6:asciiStringToHexString	24	static
../Core/Src/common.c:190:6:HexChartoHexByte	0	static
../Core/Src/common.c:215:15:convertHextoAsciiString	32	static
../Core/Src/common.c:249:5:FindSubstr	8	static
../Core/Src/common.c:294:6:checkProductionMode	8	static
../Core/Src/common.c:366:6:setProductionModePara	0	static
../Core/Src/common.c:373:5:atoi_new	0	static
../Core/Src/common.c:384:6:HexToAscii	12	static
../Core/Src/common.c:399:6:AsciiToHex	12	static
../Core/Src/common.c:425:6:WriteLog	8	static
