../Core/Src/Configuration.c:51:15:calculateCheckSumOfStruct	0	static
../Core/Src/Configuration.c:375:6:ExtFlash_update_EPROM_General	1552	static
../Core/Src/Configuration.c:72:6:ExtFlash_Read_EPROM_General	56	static
../Core/Src/Configuration.c:556:6:ExtFlash_update_EPROM_AI_Calibration	408	static
../Core/Src/Configuration.c:412:6:ExtFlash_Read_EPROM_AI_Calibration	32	static
../Core/Src/Configuration.c:659:6:ExtFlash_update_EPROM_Schedule	8	static
../Core/Src/Configuration.c:566:6:ExtFlash_Read_EPROM_Schedule	32	static
../Core/Src/Configuration.c:736:6:ExtFlash_update_EPROM_Dync	8	static
../Core/Src/Configuration.c:666:6:ExtFlash_Read_EPROM_Dync	32	static
../Core/Src/Configuration.c:837:6:ExtFlash_update_EPROM_Modbus_Quary_Detail	2024	static
../Core/Src/Configuration.c:743:6:ExtFlash_Read_EPROM_Modbus_Quary_Detail	32	static
../Core/Src/Configuration.c:934:6:ExtFlash_update_EPROM_PCBPLC_GENERAL_REG	4016	static
../Core/Src/Configuration.c:852:6:ExtFlash_Read_EPROM_PCBPLC_GENERAL_REG	32	static
../Core/Src/Configuration.c:1033:6:ExtFlash_update_EPROM_Frequent	24	static
../Core/Src/Configuration.c:945:6:ExtFlash_Read_EPROM_Frequent	32	static
../Core/Src/Configuration.c:1043:6:syncExtFlashVariableWithPCBPLCVariable	24	static
../Core/Src/Configuration.c:1278:6:ExtFlash_update_gPlcRecFlash	2536	static
../Core/Src/Configuration.c:1199:6:ExtFlash_Read_gPlcRecFlash	16	static
../Core/Src/Configuration.c:1334:6:ExtFlash_update_OTA_Data	240	static
../Core/Src/Configuration.c:1288:6:ExtFlash_Read_OTA_Data	16	static
../Core/Src/Configuration.c:1345:21:Response_Config_Read_JSON_frame	1072	static
