../Core/Inc/janpatch.h:57:15:jp_fread	24	static
../Core/Inc/janpatch.h:70:15:jp_fwrite	24	static
../Core/Inc/janpatch.h:83:12:jp_fseek	8	static
../Core/Inc/janpatch.h:129:12:jp_putc	32	static
../Core/Inc/janpatch.h:102:12:jp_getc	32	static
../Core/Inc/janpatch.h:189:13:process_mod	32	static
../Core/Inc/janpatch.h:164:13:jp_final_flush	32	static
../Core/Inc/janpatch.h:250:12:find_length	16	static
../Core/Src/DeltaOTA.c:77:5:exFlash_seek	8	static
../Core/Src/DeltaOTA.c:30:8:exFlash_read	16	static
../Core/Src/DeltaOTA.c:45:8:exFlash_write	24	static
../Core/Inc/janpatch.h:280:5:janpatch	24	static
../Core/Src/DeltaOTA.c:97:6:copyTargetToSource	16	static
