../Core/Src/EC200U.c:90:6:MX_USART2_UART_Init	8	static
../Core/Src/EC200U.c:140:6:EC200U_start	40	static
../Core/Src/EC200U.c:316:10:AT_Serial_Send_fn	8	static
../Core/Src/EC200U.c:1875:6:lwgsmi_send_ip_mac	40	static
../Core/Src/EC200U.c:1921:6:lwgsmi_send_string	24	static
../Core/Src/EC200U.c:1950:6:lwgsmi_send_number	32	static
../Core/Src/EC200U.c:1027:10:lwgsmi_initiate_cmd	8	static
../Core/Src/EC200U.c:333:15:EC200U_modem_reboot	16	static
../Core/Src/EC200U.c:373:15:EC200U_Modeminfo	8	static
../Core/Src/EC200U.c:446:10:EC200U_make_internetConnection	8	static
../Core/Src/EC200U.c:739:10:EC200U_networkCheck	8	static
../Core/Src/EC200U.c:155:6:StartEC200UTask	48	static
../Core/Src/EC200U.c:1987:6:lwgsmi_send_signed_number	32	static
