../Core/Src/Lcd_16x2.c:43:6:Backlight_On	8	static
../Core/Src/Lcd_16x2.c:52:6:Backlight_Off	8	static
../Core/Src/Lcd_16x2.c:20:6:Backlight_Init	16	static
../Core/Src/Lcd_16x2.c:92:6:Backlight_Timer_Callback	8	static
../Core/Src/Lcd_16x2.c:61:6:Backlight_Button_Pressed	16	static
../Core/Src/Lcd_16x2.c:102:9:Backlight_Get_State	0	static
../Core/Src/Lcd_16x2.c:110:6:lcd_write_command	24	static
../Core/Src/Lcd_16x2.c:122:6:lcd_write_data	24	static
../Core/Src/Lcd_16x2.c:133:6:lcd_display_string	8	static
../Core/Src/Lcd_16x2.c:140:6:lcd_clear	8	static
../Core/Src/Lcd_16x2.c:146:6:lcd_initialize	8	static
../Core/Src/Lcd_16x2.c:175:6:lcd_set_cursor	8	static
../Core/Src/Lcd_16x2.c:193:6:lcd_float_print	32	static
