../Core/Src/lwrb.c:59:1:lwrb_init	4	static
../Core/Src/lwrb.c:83:1:lwrb_is_ready	0	static
../Core/Src/lwrb.c:94:1:lwrb_free	0	static
../Core/Src/lwrb.c:106:1:lwrb_set_evt_fn	0	static
../Core/Src/lwrb.c:260:1:lwrb_get_free	0	static
../Core/Src/lwrb.c:124:1:lwrb_write	32	static
../Core/Src/lwrb.c:288:1:lwrb_get_full	0	static
../Core/Src/lwrb.c:169:1:lwrb_read	32	static
../Core/Src/lwrb.c:213:1:lwrb_peek	32	static
../Core/Src/lwrb.c:313:1:lwrb_reset	8	static
../Core/Src/lwrb.c:327:1:lwrb_get_linear_block_read_address	0	static
../Core/Src/lwrb.c:340:1:lwrb_get_linear_block_read_length	0	static
../Core/Src/lwrb.c:370:1:lwrb_skip	16	static
../Core/Src/lwrb.c:393:1:lwrb_get_linear_block_write_address	0	static
../Core/Src/lwrb.c:406:1:lwrb_get_linear_block_write_length	0	static
../Core/Src/lwrb.c:448:1:lwrb_advance	16	static
