../Core/Src/modbus.c:56:6:ModbusInit	0	static
../Core/Src/modbus.c:77:6:ModbusInitData	0	static
../Core/Src/modbus.c:426:10:calcCRC	4	static
../Core/Src/modbus.c:97:9:validateAnswer	16	static
../Core/Src/modbus.c:460:6:sendTxBuffer	24	static
../Core/Src/modbus.c:335:8:SendQuery	8	static
../Core/Src/modbus.c:285:6:Master_Send_Modbus_Query	8	static
../Core/Src/modbus.c:493:8:process_FC1	24	static
../Core/Src/modbus.c:699:7:getFloatValueAddress	0	static
../Core/Src/modbus.c:570:8:process_FC3	32	static
../Core/Src/modbus.c:725:8:process_FC5	16	static
../Core/Src/modbus.c:770:8:process_FC6	16	static
../Core/Src/modbus.c:872:8:process_FC15	24	static
../Core/Src/modbus.c:932:8:process_FC16	136	static
../Core/Src/modbus.c:1366:6:get_FC1	24	static
../Core/Src/modbus.c:1421:6:get_FC3	16	static
../Core/Src/modbus.c:1520:6:get_FC5_FC6	0	static
../Core/Src/modbus.c:232:6:Master_Parse_Modbus_Responce	8	static
../Core/Src/modbus.c:1545:6:changeRTUIDinSlaveLogic	0	static
../Core/Src/modbus.c:1551:6:BuildModbusMasterQueryTelegrams	4	static
../Core/Src/modbus.c:1581:6:ProcessModbusSlave	16	static
../Core/Src/modbus.c:1625:7:swap_float	8	static
