../Core/Src/Modem_MQTT.c:164:6:send_timer_callback	8	static
../Core/Src/Modem_MQTT.c:53:6:parse_downlink	256	static
../Core/Src/Modem_MQTT.c:150:6:Modem_MQTT_start	40	static
../Core/Src/Modem_MQTT.c:177:6:init_send_timer	16	static
../Core/Src/Modem_MQTT.c:199:6:init_read_cmd_timer	16	static
../Core/Src/Modem_MQTT.c:330:6:fillMQttClient	4	static
../Core/Src/Modem_MQTT.c:376:15:modem_check_mqtt_status	0	static
../Core/Src/Modem_MQTT.c:647:15:modem_MQTT_publish	32	static
../Core/Src/Modem_MQTT.c:737:15:modem_MQTT_disconnect	16	static
../Core/Src/Modem_MQTT.c:397:15:modem_make_mqttConnection	32	static
../Core/Src/Modem_MQTT.c:780:15:modem_MQTT_Check	16	static
../Core/Src/Modem_MQTT.c:839:15:modem_MQTTsubscribe	16	static
../Core/Src/Modem_MQTT.c:897:6:MQTT_PUB_Routine	24	static
../Core/Src/Modem_MQTT.c:977:6:modem_sleep_mode	8	static
../Core/Src/Modem_MQTT.c:222:6:StartModem_MQTTTask	32	static
