../Core/Src/RAK_Lora.c:444:6:ack_timer_callback	8	static
../Core/Src/RAK_Lora.c:492:6:ota_timer_callback	8	static
../Core/Src/RAK_Lora.c:470:6:init_ack_retry_timer	16	static
../Core/Src/RAK_Lora.c:528:6:init_ota_timer	16	static
../Core/Src/RAK_Lora.c:1191:6:Lora_start	40	static
../Core/Src/RAK_Lora.c:1204:6:MX_USART3_UART_Init	8	static
../Core/Src/RAK_Lora.c:1256:10:lora_serial_send_fn	8	static
../Core/Src/RAK_Lora.c:135:6:Lora_initiate_cmd	112	static
../Core/Src/RAK_Lora.c:414:15:lora_modem_send_cont	16	static
../Core/Src/RAK_Lora.c:1276:6:lora_modem_network_mode_check	8	static
../Core/Src/RAK_Lora.c:1287:6:lora_set_P2P_mode	136	static
../Core/Src/RAK_Lora.c:1322:9:Get_Lora_Channel	0	static
../Core/Src/RAK_Lora.c:320:15:lora_modem_init	8	static
../Core/Src/RAK_Lora.c:1361:6:PT_GPIO_Timed_Control	8	static
../Core/Src/RAK_Lora.c:1404:6:LoRa_LED_Init	8	static
../Core/Src/RAK_Lora.c:1417:6:LoRa_LED_Set_Pattern	8	static
../Core/Src/RAK_Lora.c:1457:6:LoRa_LED_Process	8	static
../Core/Src/RAK_Lora.c:1493:6:LoRa_LED_TX_Indicate	8	static
../Core/Src/RAK_Lora.c:375:15:lora_modem_send_msg	16	static
../Core/Src/RAK_Lora.c:1265:6:lora_send_with_retry	8	static
../Core/Src/RAK_Lora.c:1501:6:LoRa_LED_RX_Indicate	8	static
../Core/Src/RAK_Lora.c:1509:6:LoRa_LED_Error_Indicate	8	static
../Core/Src/RAK_Lora.c:1517:6:LoRa_LED_Off	8	static
../Core/Src/RAK_Lora.c:1522:6:BuildStartPayload	16	static
../Core/Src/RAK_Lora.c:1563:6:BuildPushChunk	24	static
../Core/Src/RAK_Lora.c:1600:6:BuildNackChunk	16	static
../Core/Src/RAK_Lora.c:1611:6:BuildVerifyChunk	24	static
../Core/Src/RAK_Lora.c:1641:6:BuildSendDlPayload	176	static
../Core/Src/RAK_Lora.c:1663:6:CheckTimeouts	32	static
../Core/Src/RAK_Lora.c:1709:6:sendTimeSyncCmd	40	static
../Core/Src/RAK_Lora.c:1754:6:scanKey	16	static
../Core/Src/RAK_Lora.c:1777:6:isTimeForDeltaOTA	4	static
../Core/Src/RAK_Lora.c:554:6:StartLoraTask	160	static
