../Core/Src/RTC_Time.c:47:6:MX_RTC_Init	48	static
../Core/Src/RTC_Time.c:134:6:print_time	24	static
../Core/Src/RTC_Time.c:239:10:mktime_new	16	static
../Core/Src/RTC_Time.c:380:9:decToBcd	0	static
../Core/Src/RTC_Time.c:390:9:bcdToDec	0	static
../Core/Src/RTC_Time.c:152:6:get_time	32	static
../Core/Src/RTC_Time.c:452:6:RTC_reset	8	static
../Core/Src/RTC_Time.c:466:6:Pro_RTC_Check	8	static
../Core/Src/RTC_Time.c:538:11:localtime_new	12	static
../Core/Src/RTC_Time.c:182:6:set_time	48	static
../Core/Src/RTC_Time.c:400:6:RTC_Check_First_Time	80	static
../Core/Src/RTC_Time.c:758:5:get_offset_UTC	0	static
../Core/Src/RTC_Time.c:776:8:DegreesToAngle	0	static
../Core/Src/RTC_Time.c:785:8:Deg2Rad	0	static
../Core/Src/RTC_Time.c:790:8:Rad2Deg	0	static
../Core/Src/RTC_Time.c:795:8:FixValue	0	static
../Core/Src/RTC_Time.c:656:10:Calculate_SunsetSunrise	72	static
../Core/Src/RTC_Time.c:622:6:Get_Astro_time	24	static
