../Core/Src/RxRingProcess.c:119:6:RxRingProcess_start	40	static
../Core/Src/RxRingProcess.c:282:6:RxRingFiller	8	static
../Core/Src/RxRingProcess.c:183:6:dataSendToRxRingFiller	24	static
../Core/Src/RxRingProcess.c:487:10:lwgsmi_unicode_decode	0	static
../Core/Src/RxRingProcess.c:1411:9:lwgsmi_parse_number	4	static
../Core/Src/RxRingProcess.c:1464:7:lwgsmi_parse_floatNumber	8	static
../Core/Src/RxRingProcess.c:1573:9:lwgsmi_parse_string	12	static
../Core/Src/RxRingProcess.c:1623:9:lwgsmi_parse_string_new	12	static
../Core/Src/RxRingProcess.c:1667:10:lwgsmi_parse_hexnumber	8	static
../Core/Src/RxRingProcess.c:1698:9:lwgsmi_parse_mac	24	static
../Core/Src/RxRingProcess.c:1771:9:lwgsmi_parse_ip	24	static
../Core/Src/RxRingProcess.c:1803:9:lwgsmi_parse_creg	16	static
../Core/Src/RxRingProcess.c:1845:9:lwgsmi_parse_csq	16	static
../Core/Src/RxRingProcess.c:1886:9:lwgsmi_parse_cpin	8	static
../Core/Src/RxRingProcess.c:1943:9:lwgsmi_parse_cgatt	16	static
../Core/Src/RxRingProcess.c:1960:9:lwgsmi_parse_cgdcont	0	static
../Core/Src/RxRingProcess.c:1979:9:lwgsmi_parse_cgact	16	static
../Core/Src/RxRingProcess.c:2003:9:lwgsmi_parse_cgpaddr	24	static
../Core/Src/RxRingProcess.c:2032:9:lwgsmi_parse_qmtopen	24	static
../Core/Src/RxRingProcess.c:2063:9:lwgsmi_parse_qmtclose	16	static
../Core/Src/RxRingProcess.c:2086:9:lwgsmi_parse_qmtconn	24	static
../Core/Src/RxRingProcess.c:2125:9:lwgsmi_parse_qmtdisc	16	static
../Core/Src/RxRingProcess.c:2146:9:lwgsmi_parse_qmtsub	24	static
../Core/Src/RxRingProcess.c:2172:9:lwgsmi_parse_qmtuns	24	static
../Core/Src/RxRingProcess.c:2197:9:lwgsmi_parse_qmtpubex	24	static
../Core/Src/RxRingProcess.c:2241:9:lwgsmi_parse_qmtstat	16	static
../Core/Src/RxRingProcess.c:2268:9:lwgsmi_parse_qmtrecv	24	static
../Core/Src/RxRingProcess.c:2300:9:lwgsmi_parse_qmtping	16	static
../Core/Src/RxRingProcess.c:2316:9:lwgsmi_parse_qflst	8	static
../Core/Src/RxRingProcess.c:2347:9:lwgsmi_parse_qgpsloc	16	static
../Core/Src/RxRingProcess.c:2412:9:lwgsmi_parse_qgps	16	static
../Core/Src/RxRingProcess.c:2432:9:parse_lora_active_region_band	16	static
../Core/Src/RxRingProcess.c:2451:9:parse_lora_network_mode	16	static
../Core/Src/RxRingProcess.c:2469:6:remove_extra_byte	16	static
../Core/Src/RxRingProcess.c:2486:9:parse_lora_device_serial_number	16	static
../Core/Src/RxRingProcess.c:2506:9:lora_device_firmware_version_number	16	static
../Core/Src/RxRingProcess.c:2527:9:parse_lora_rx	24	static
../Core/Src/RxRingProcess.c:2549:6:parse_lora_network_param	16	static
../Core/Src/RxRingProcess.c:2564:6:addNodeToTable	40	static
../Core/Src/RxRingProcess.c:524:6:lwgsmi_parse_received	320	static
../Core/Src/RxRingProcess.c:347:10:RxRingProcess	32	static
../Core/Src/RxRingProcess.c:304:6:RxRingProcess_buffer	16	static
../Core/Src/RxRingProcess.c:136:6:Start_RxRingProcessTask	8	static
