../Core/Src/stm32h7xx_it.c:76:6:NMI_Handler	0	static
../Core/Src/stm32h7xx_it.c:91:6:HardFault_Handler	8	static
../Core/Src/stm32h7xx_it.c:107:6:MemManage_Handler	0	static
../Core/Src/stm32h7xx_it.c:122:6:BusFault_Handler	0	static
../Core/Src/stm32h7xx_it.c:137:6:UsageFault_Handler	0	static
../Core/Src/stm32h7xx_it.c:152:6:DebugMon_Handler	0	static
../Core/Src/stm32h7xx_it.c:172:6:EXTI0_IRQHandler	8	static
../Core/Src/stm32h7xx_it.c:186:6:EXTI1_IRQHandler	8	static
../Core/Src/stm32h7xx_it.c:200:6:EXTI2_IRQHandler	8	static
../Core/Src/stm32h7xx_it.c:214:6:EXTI3_IRQHandler	8	static
../Core/Src/stm32h7xx_it.c:228:6:EXTI9_5_IRQHandler	8	static
../Core/Src/stm32h7xx_it.c:242:6:USART1_IRQHandler	24	static,ignoring_inline_asm
../Core/Src/stm32h7xx_it.c:295:6:USART2_IRQHandler	24	static,ignoring_inline_asm
../Core/Src/stm32h7xx_it.c:315:6:USART3_IRQHandler	24	static,ignoring_inline_asm
../Core/Src/stm32h7xx_it.c:334:6:EXTI15_10_IRQHandler	8	static
../Core/Src/stm32h7xx_it.c:348:6:TIM17_IRQHandler	8	static
../Core/Src/stm32h7xx_it.c:360:6:HAL_UART_RxHalfCpltCallback	24	static,ignoring_inline_asm
../Core/Src/stm32h7xx_it.c:375:6:HAL_UART_RxCpltCallback	24	static,ignoring_inline_asm
../Core/Src/stm32h7xx_it.c:390:6:HAL_GPIO_EXTI_Callback	0	static
