../Core/Src/stm32h7xx_hal_msp.c:63:6:HAL_MspInit	16	static
../Core/Src/stm32h7xx_hal_msp.c:103:6:HAL_ADC_MspInit	248	static
../Core/Src/stm32h7xx_hal_msp.c:165:6:HAL_ADC_MspDeInit	8	static
../Core/Src/stm32h7xx_hal_msp.c:199:6:HAL_CRC_MspInit	8	static
../Core/Src/stm32h7xx_hal_msp.c:221:6:HAL_CRC_MspDeInit	0	static
../Core/Src/stm32h7xx_hal_msp.c:243:6:HAL_I2C_MspInit	232	static
../Core/Src/stm32h7xx_hal_msp.c:289:6:HAL_I2C_MspDeInit	8	static
../Core/Src/stm32h7xx_hal_msp.c:320:6:HAL_QSPI_MspInit	248	static
../Core/Src/stm32h7xx_hal_msp.c:387:6:HAL_QSPI_MspDeInit	8	static
../Core/Src/stm32h7xx_hal_msp.c:424:6:HAL_RTC_MspInit	200	static
../Core/Src/stm32h7xx_hal_msp.c:457:6:HAL_RTC_MspDeInit	0	static
../Core/Src/stm32h7xx_hal_msp.c:479:6:HAL_UART_MspInit	248	static
../Core/Src/stm32h7xx_hal_msp.c:606:6:HAL_UART_MspDeInit	8	static
