../Core/Src/w25q_mem.c:115:6:StartFLASHTask	8	static
../Core/Src/w25q_mem.c:91:6:FLASH_start	40	static
../Core/Src/w25q_mem.c:237:12:W25Q_EnableVolatileSR	0	static
../Core/Src/w25q_mem.c:249:12:W25Q_ReadStatusReg	64	static
../Core/Src/w25q_mem.c:355:12:W25Q_ReadStatusStruct	16	static
../Core/Src/w25q_mem.c:396:12:W25Q_IsBusy	16	static
../Core/Src/w25q_mem.c:425:12:W25Q_ReadSByte	16	static
../Core/Src/w25q_mem.c:446:12:W25Q_ReadByte	16	static
../Core/Src/w25q_mem.c:467:12:W25Q_ReadSWord	16	static
../Core/Src/w25q_mem.c:488:12:W25Q_ReadWord	16	static
../Core/Src/w25q_mem.c:509:12:W25Q_ReadSLong	16	static
../Core/Src/w25q_mem.c:530:12:W25Q_ReadLong	16	static
../Core/Src/w25q_mem.c:553:12:W25Q_ReadData	8	static
../Core/Src/w25q_mem.c:571:12:W25Q_ReadRaw	72	static
../Core/Src/w25q_mem.c:624:12:W25Q_SingleRead	64	static
../Core/Src/w25q_mem.c:676:12:W25Q_SetBurstWrap	0	static
../Core/Src/w25q_mem.c:689:12:W25Q_ProgramSByte	16	static
../Core/Src/w25q_mem.c:707:12:W25Q_ProgramByte	16	static
../Core/Src/w25q_mem.c:725:12:W25Q_ProgramSWord	16	static
../Core/Src/w25q_mem.c:743:12:W25Q_ProgramWord	16	static
../Core/Src/w25q_mem.c:761:12:W25Q_ProgramSLong	16	static
../Core/Src/w25q_mem.c:779:12:W25Q_ProgramLong	16	static
../Core/Src/w25q_mem.c:799:12:W25Q_ProgramData	8	static
../Core/Src/w25q_mem.c:941:12:Erase_RECsector	24	static
../Core/Src/w25q_mem.c:1091:12:W25Q_ProgSuspend	64	static
../Core/Src/w25q_mem.c:1131:12:W25Q_ProgResume	64	static
../Core/Src/w25q_mem.c:1183:12:W25Q_Sleep	64	static
../Core/Src/w25q_mem.c:1223:12:W25Q_WakeUP	64	static
../Core/Src/w25q_mem.c:1268:12:W25Q_ReadID	64	static
../Core/Src/w25q_mem.c:1309:12:W25Q_ReadFullID	0	static
../Core/Src/w25q_mem.c:1321:12:W25Q_ReadUID	0	static
../Core/Src/w25q_mem.c:1333:12:W25Q_ReadJEDECID	0	static
../Core/Src/w25q_mem.c:1345:12:W25Q_ReadSFDPRegister	0	static
../Core/Src/w25q_mem.c:1364:12:W25Q_EraseSecurityRegisters	0	static
../Core/Src/w25q_mem.c:1378:12:W25Q_ProgSecurityRegisters	0	static
../Core/Src/w25q_mem.c:1392:12:W25Q_ReadSecurityRegisters	0	static
../Core/Src/w25q_mem.c:1412:12:W25Q_BlockReadOnly	0	static
../Core/Src/w25q_mem.c:1425:12:W25Q_BlockReadOnlyCheck	0	static
../Core/Src/w25q_mem.c:1437:12:W25Q_GlobalReadOnly	0	static
../Core/Src/w25q_mem.c:1524:12:W25Q_WriteEnable	64	static
../Core/Src/w25q_mem.c:299:12:W25Q_WriteStatusReg	72	static
../Core/Src/w25q_mem.c:817:12:W25Q_ProgramRaw	80	static
../Core/Src/w25q_mem.c:883:12:W25Q_EraseSector	72	static
../Core/Src/w25q_mem.c:963:12:W25Q_EraseBlock	72	static
../Core/Src/w25q_mem.c:1036:12:W25Q_EraseChip	64	static
../Core/Src/w25q_mem.c:1564:12:W25Q_Enter4ByteMode	64	static
../Core/Src/w25q_mem.c:162:12:W25Q_Init	16	static
../Core/Src/w25q_mem.c:1455:12:W25Q_SwReset	64	static
../Core/Src/w25q_mem.c:1608:12:W25Q_SetExtendedAddr	0	static
../Core/Src/w25q_mem.c:1620:12:W25Q_GetExtendedAddr	0	static
../Core/Src/w25q_mem.c:1661:12:W25Q_Erase_Write_One_Sector	32	static
../Core/Src/w25q_mem.c:1737:12:W25Q_Write_continous	24	static
../Core/Src/w25q_mem.c:1791:6:ExtFlash_Read_RuntimePara	16	static
../Core/Src/w25q_mem.c:1829:6:ExtFlash_ReadHistoricalDataLogFromFlash	672	static
