../Core/Src/main.c:114:6:PollUartBaudRate	24	static
../Core/Src/main.c:170:9:check_and_get_adc_conversion_mode	24	static
../Core/Src/main.c:187:6:set_adc_conversion_mode	24	static
../Core/Src/main.c:229:6:HAL_UART_RxCpltCallback	24	static
../Core/Src/main.c:253:10:RingBuffer_GetCount	16	static
../Core/Src/main.c:261:5:RingBuffer_Read	16	static
../Core/Src/main.c:310:6:read_single_reg	48	static
../Core/Src/main.c:406:6:get_adc_conversion_value	24	static
../Core/Src/main.c:475:6:ads_main	8	static
../Core/Src/main.c:490:5:main	24	static
../Core/Src/main.c:658:6:SystemClock_Config	96	static
../Core/Src/main.c:704:13:MX_SPI1_Init	8	static
../Core/Src/main.c:744:13:MX_SPI2_Init	8	static
../Core/Src/main.c:784:13:MX_USART1_UART_Init	8	static
../Core/Src/main.c:819:13:MX_USART2_UART_Init	8	static
../Core/Src/main.c:854:13:MX_GPIO_Init	56	static
../Core/Src/main.c:932:6:Error_Handler	8	static,ignoring_inline_asm
