../Core/Src/main.c:114:6:PollUartBaudRate	24	static
../Core/Src/main.c:172:9:check_and_get_adc_conversion_mode	24	static
../Core/Src/main.c:190:6:set_adc_conversion_mode	24	static
../Core/Src/main.c:232:6:HAL_UART_RxCpltCallback	24	static
../Core/Src/main.c:256:10:RingBuffer_GetCount	16	static
../Core/Src/main.c:264:5:RingBuffer_Read	16	static
../Core/Src/main.c:313:6:read_single_reg	48	static
../Core/Src/main.c:443:6:get_adc_conversion_value	24	static
../Core/Src/main.c:512:6:ads_main	8	static
../Core/Src/main.c:526:5:main	24	static
../Core/Src/main.c:694:6:SystemClock_Config	96	static
../Core/Src/main.c:740:13:MX_SPI1_Init	8	static
../Core/Src/main.c:780:13:MX_SPI2_Init	8	static
../Core/Src/main.c:820:13:MX_USART1_UART_Init	8	static
../Core/Src/main.c:855:13:MX_USART2_UART_Init	8	static
../Core/Src/main.c:890:13:MX_GPIO_Init	56	static
../Core/Src/main.c:978:6:Error_Handler	8	static,ignoring_inline_asm
