../Core/Src/ade9078.c:52:6:ADE9078_read_Regs_Data	40	static
../Core/Src/ade9078.c:80:6:ADE9078_wright_Regs_Data	24	static
../Core/Src/ade9078.c:112:10:crc16	24	static
../Core/Src/ade9078.c:124:6:ADE9078_read_Regs_CRC	48	static
../Core/Src/ade9078.c:159:12:IS_CRC	24	static
../Core/Src/ade9078.c:177:8:getAVrms	40	static
../Core/Src/ade9078.c:187:8:getBVrms	48	static
../Core/Src/ade9078.c:196:8:getCVrms	48	static
../Core/Src/ade9078.c:205:10:readVoltage	24	static
../Core/Src/ade9078.c:216:6:ReadCurrentRMSRegs	16	static
../Core/Src/ade9078.c:225:6:ReadPowerRMSRegs	16	static
../Core/Src/ade9078.c:237:11:ReadCT	128	static
../Core/Src/ade9078.c:262:6:ReadAngleRegs	16	static
../Core/Src/ade9078.c:288:13:ReadAngle	16	static
../Core/Src/ade9078.c:304:8:ReadFrequency	72	static
../Core/Src/ade9078.c:312:6:ReadFrequencyRegs	16	static
../Core/Src/ade9078.c:319:6:ReadActivePowerReg	16	static
../Core/Src/ade9078.c:327:12:ReadActivePower	72	static
../Core/Src/ade9078.c:338:6:ReadReactivePowerReg	16	static
../Core/Src/ade9078.c:346:14:ReadReactivePower	72	static
../Core/Src/ade9078.c:355:6:ReadApparentPowerReg	16	static
../Core/Src/ade9078.c:362:14:ReadApparentPower	72	static
../Core/Src/ade9078.c:371:6:ReadPowerFactorReg	16	static
../Core/Src/ade9078.c:379:15:ReadPowerFactor	72	static
../Core/Src/ade9078.c:390:10:get_version	16	static
