Archive member included to satisfy reference by file (symbol)

C:/ST/STM32CubeIDE_1.19.0/STM32CubeIDE/plugins/com.st.stm32cube.ide.mcu.externaltools.gnu-tools-for-stm32.13.3.rel1.win32_1.0.0.202411081344/tools/bin/../lib/gcc/arm-none-eabi/13.3.1/../../../../arm-none-eabi/lib/thumb/v6-m/nofp\libc_nano.a(libc_a-exit.o)
                              C:/ST/STM32CubeIDE_1.19.0/STM32CubeIDE/plugins/com.st.stm32cube.ide.mcu.externaltools.gnu-tools-for-stm32.13.3.rel1.win32_1.0.0.202411081344/tools/bin/../lib/gcc/arm-none-eabi/13.3.1/../../../../arm-none-eabi/lib/thumb/v6-m/nofp/crt0.o (exit)
C:/ST/STM32CubeIDE_1.19.0/STM32CubeIDE/plugins/com.st.stm32cube.ide.mcu.externaltools.gnu-tools-for-stm32.13.3.rel1.win32_1.0.0.202411081344/tools/bin/../lib/gcc/arm-none-eabi/13.3.1/../../../../arm-none-eabi/lib/thumb/v6-m/nofp\libc_nano.a(libc_a-findfp.o)
                              C:/ST/STM32CubeIDE_1.19.0/STM32CubeIDE/plugins/com.st.stm32cube.ide.mcu.externaltools.gnu-tools-for-stm32.13.3.rel1.win32_1.0.0.202411081344/tools/bin/../lib/gcc/arm-none-eabi/13.3.1/../../../../arm-none-eabi/lib/thumb/v6-m/nofp\libc_nano.a(libc_a-exit.o) (__stdio_exit_handler)
C:/ST/STM32CubeIDE_1.19.0/STM32CubeIDE/plugins/com.st.stm32cube.ide.mcu.externaltools.gnu-tools-for-stm32.13.3.rel1.win32_1.0.0.202411081344/tools/bin/../lib/gcc/arm-none-eabi/13.3.1/../../../../arm-none-eabi/lib/thumb/v6-m/nofp\libc_nano.a(libc_a-fwalk.o)
                              C:/ST/STM32CubeIDE_1.19.0/STM32CubeIDE/plugins/com.st.stm32cube.ide.mcu.externaltools.gnu-tools-for-stm32.13.3.rel1.win32_1.0.0.202411081344/tools/bin/../lib/gcc/arm-none-eabi/13.3.1/../../../../arm-none-eabi/lib/thumb/v6-m/nofp\libc_nano.a(libc_a-findfp.o) (_fwalk_sglue)
C:/ST/STM32CubeIDE_1.19.0/STM32CubeIDE/plugins/com.st.stm32cube.ide.mcu.externaltools.gnu-tools-for-stm32.13.3.rel1.win32_1.0.0.202411081344/tools/bin/../lib/gcc/arm-none-eabi/13.3.1/../../../../arm-none-eabi/lib/thumb/v6-m/nofp\libc_nano.a(libc_a-stdio.o)
                              C:/ST/STM32CubeIDE_1.19.0/STM32CubeIDE/plugins/com.st.stm32cube.ide.mcu.externaltools.gnu-tools-for-stm32.13.3.rel1.win32_1.0.0.202411081344/tools/bin/../lib/gcc/arm-none-eabi/13.3.1/../../../../arm-none-eabi/lib/thumb/v6-m/nofp\libc_nano.a(libc_a-findfp.o) (__sread)
C:/ST/STM32CubeIDE_1.19.0/STM32CubeIDE/plugins/com.st.stm32cube.ide.mcu.externaltools.gnu-tools-for-stm32.13.3.rel1.win32_1.0.0.202411081344/tools/bin/../lib/gcc/arm-none-eabi/13.3.1/../../../../arm-none-eabi/lib/thumb/v6-m/nofp\libc_nano.a(libc_a-memcmp.o)
                              ./Core/Src/main.o (memcmp)
C:/ST/STM32CubeIDE_1.19.0/STM32CubeIDE/plugins/com.st.stm32cube.ide.mcu.externaltools.gnu-tools-for-stm32.13.3.rel1.win32_1.0.0.202411081344/tools/bin/../lib/gcc/arm-none-eabi/13.3.1/../../../../arm-none-eabi/lib/thumb/v6-m/nofp\libc_nano.a(libc_a-memset.o)
                              C:/ST/STM32CubeIDE_1.19.0/STM32CubeIDE/plugins/com.st.stm32cube.ide.mcu.externaltools.gnu-tools-for-stm32.13.3.rel1.win32_1.0.0.202411081344/tools/bin/../lib/gcc/arm-none-eabi/13.3.1/../../../../arm-none-eabi/lib/thumb/v6-m/nofp/crt0.o (memset)
C:/ST/STM32CubeIDE_1.19.0/STM32CubeIDE/plugins/com.st.stm32cube.ide.mcu.externaltools.gnu-tools-for-stm32.13.3.rel1.win32_1.0.0.202411081344/tools/bin/../lib/gcc/arm-none-eabi/13.3.1/../../../../arm-none-eabi/lib/thumb/v6-m/nofp\libc_nano.a(libc_a-closer.o)
                              C:/ST/STM32CubeIDE_1.19.0/STM32CubeIDE/plugins/com.st.stm32cube.ide.mcu.externaltools.gnu-tools-for-stm32.13.3.rel1.win32_1.0.0.202411081344/tools/bin/../lib/gcc/arm-none-eabi/13.3.1/../../../../arm-none-eabi/lib/thumb/v6-m/nofp\libc_nano.a(libc_a-stdio.o) (_close_r)
C:/ST/STM32CubeIDE_1.19.0/STM32CubeIDE/plugins/com.st.stm32cube.ide.mcu.externaltools.gnu-tools-for-stm32.13.3.rel1.win32_1.0.0.202411081344/tools/bin/../lib/gcc/arm-none-eabi/13.3.1/../../../../arm-none-eabi/lib/thumb/v6-m/nofp\libc_nano.a(libc_a-reent.o)
                              C:/ST/STM32CubeIDE_1.19.0/STM32CubeIDE/plugins/com.st.stm32cube.ide.mcu.externaltools.gnu-tools-for-stm32.13.3.rel1.win32_1.0.0.202411081344/tools/bin/../lib/gcc/arm-none-eabi/13.3.1/../../../../arm-none-eabi/lib/thumb/v6-m/nofp\libc_nano.a(libc_a-closer.o) (errno)
C:/ST/STM32CubeIDE_1.19.0/STM32CubeIDE/plugins/com.st.stm32cube.ide.mcu.externaltools.gnu-tools-for-stm32.13.3.rel1.win32_1.0.0.202411081344/tools/bin/../lib/gcc/arm-none-eabi/13.3.1/../../../../arm-none-eabi/lib/thumb/v6-m/nofp\libc_nano.a(libc_a-impure.o)
                              C:/ST/STM32CubeIDE_1.19.0/STM32CubeIDE/plugins/com.st.stm32cube.ide.mcu.externaltools.gnu-tools-for-stm32.13.3.rel1.win32_1.0.0.202411081344/tools/bin/../lib/gcc/arm-none-eabi/13.3.1/../../../../arm-none-eabi/lib/thumb/v6-m/nofp\libc_nano.a(libc_a-reent.o) (_impure_ptr)
[...]
Memory Configuration

Name             Origin             Length             Attributes
RAM              0x20000000         0x00002000         xrw
FLASH            0x08000000         0x00010000         xr
*default*        0x00000000         0xffffffff

Linker script and memory map

LOAD C:/ST/STM32CubeIDE_1.19.0/STM32CubeIDE/plugins/com.st.stm32cube.ide.mcu.externaltools.gnu-tools-for-stm32.13.3.rel1.win32_1.0.0.202411081344/tools/bin/../lib/gcc/arm-none-eabi/13.3.1/thumb/v6-m/nofp/crti.o
LOAD C:/ST/STM32CubeIDE_1.19.0/STM32CubeIDE/plugins/com.st.stm32cube.ide.mcu.externaltools.gnu-tools-for-stm32.13.3.rel1.win32_1.0.0.202411081344/tools/bin/../lib/gcc/arm-none-eabi/13.3.1/thumb/v6-m/nofp/crtbegin.o
LOAD C:/ST/STM32CubeIDE_1.19.0/STM32CubeIDE/plugins/com.st.stm32cube.ide.mcu.externaltools.gnu-tools-for-stm32.13.3.rel1.win32_1.0.0.202411081344/tools/bin/../lib/gcc/arm-none-eabi/13.3.1/../../../../arm-none-eabi/lib/thumb/v6-m/nofp/crt0.o
LOAD ./Core/Src/ADS1247.o
LOAD ./Core/Src/HC595.o
LOAD ./Core/Src/dipswitch.o
LOAD ./Core/Src/main.o
LOAD ./Core/Src/modbus485.o
LOAD ./Core/Src/stm32f0xx_hal_msp.o
LOAD ./Core/Src/stm32f0xx_it.o
LOAD ./Core/Src/storage.o
LOAD ./Core/Src/syscalls.o
LOAD ./Core/Src/sysmem.o
LOAD ./Core/Src/system_stm32f0xx.o
LOAD ./Core/Startup/startup_stm32f030r8tx.o
LOAD ./Drivers/STM32F0xx_HAL_Driver/Src/stm32f0xx_hal.o
LOAD ./Drivers/STM32F0xx_HAL_Driver/Src/stm32f0xx_hal_cortex.o
LOAD ./Drivers/STM32F0xx_HAL_Driver/Src/stm32f0xx_hal_dma.o
LOAD ./Drivers/STM32F0xx_HAL_Driver/Src/stm32f0xx_hal_exti.o
LOAD ./Drivers/STM32F0xx_HAL_Driver/Src/stm32f0xx_hal_flash.o
LOAD ./Drivers/STM32F0xx_HAL_Driver/Src/stm32f0xx_hal_flash_ex.o
LOAD ./Drivers/STM32F0xx_HAL_Driver/Src/stm32f0xx_hal_gpio.o
LOAD ./Drivers/STM32F0xx_HAL_Driver/Src/stm32f0xx_hal_i2c.o
LOAD ./Drivers/STM32F0xx_HAL_Driver/Src/stm32f0xx_hal_i2c_ex.o
LOAD ./Drivers/STM32F0xx_HAL_Driver/Src/stm32f0xx_hal_pwr.o
LOAD ./Drivers/STM32F0xx_HAL_Driver/Src/stm32f0xx_hal_pwr_ex.o
LOAD ./Drivers/STM32F0xx_HAL_Driver/Src/stm32f0xx_hal_rcc.o
LOAD ./Drivers/STM32F0xx_HAL_Driver/Src/stm32f0xx_hal_rcc_ex.o
LOAD ./Drivers/STM32F0xx_HAL_Driver/Src/stm32f0xx_hal_spi.o
LOAD ./Drivers/STM32F0xx_HAL_Driver/Src/stm32f0xx_hal_spi_ex.o
LOAD ./Drivers/STM32F0xx_HAL_Driver/Src/stm32f0xx_hal_uart.o
LOAD ./Drivers/STM32F0xx_HAL_Driver/Src/stm32f0xx_hal_uart_ex.o
START GROUP
LOAD C:/ST/STM32CubeIDE_1.19.0/STM32CubeIDE/plugins/com.st.stm32cube.ide.mcu.externaltools.gnu-tools-for-stm32.13.3.rel1.win32_1.0.0.202411081344/tools/bin/../lib/gcc/arm-none-eabi/13.3.1/../../../../arm-none-eabi/lib/thumb/v6-m/nofp\libc_nano.a
LOAD C:/ST/STM32CubeIDE_1.19.0/STM32CubeIDE/plugins/com.st.stm32cube.ide.mcu.externaltools.gnu-tools-for-stm32.13.3.rel1.win32_1.0.0.202411081344/tools/bin/../lib/gcc/arm-none-eabi/13.3.1/../../../../arm-none-eabi/lib/thumb/v6-m/nofp\libm.a
END GROUP
START GROUP
LOAD C:/ST/STM32CubeIDE_1.19.0/STM32CubeIDE/plugins/com.st.stm32cube.ide.mcu.externaltools.gnu-tools-for-stm32.13.3.rel1.win32_1.0.0.202411081344/tools/bin/../lib/gcc/arm-none-eabi/13.3.1/thumb/v6-m/nofp\libgcc.a
LOAD C:/ST/STM32CubeIDE_1.19.0/STM32CubeIDE/plugins/com.st.stm32cube.ide.mcu.externaltools.gnu-tools-for-stm32.13.3.rel1.win32_1.0.0.202411081344/tools/bin/../lib/gcc/arm-none-eabi/13.3.1/../../../../arm-none-eabi/lib/thumb/v6-m/nofp\libc_nano.a
END GROUP
START GROUP
LOAD C:/ST/STM32CubeIDE_1.19.0/STM32CubeIDE/plugins/com.st.stm32cube.ide.mcu.externaltools.gnu-tools-for-stm32.13.3.rel1.win32_1.0.0.202411081344/tools/bin/../lib/gcc/arm-none-eabi/13.3.1/thumb/v6-m/nofp\libgcc.a
LOAD C:/ST/STM32CubeIDE_1.19.0/STM32CubeIDE/plugins/com.st.stm32cube.ide.mcu.externaltools.gnu-tools-for-stm32.13.3.rel1.win32_1.0.0.202411081344/tools/bin/../lib/gcc/arm-none-eabi/13.3.1/../../../../arm-none-eabi/lib/thumb/v6-m/nofp\libc_nano.a
LOAD C:/ST/STM32CubeIDE_1.19.0/STM32CubeIDE/plugins/com.st.stm32cube.ide.mcu.externaltools.gnu-tools-for-stm32.13.3.rel1.win32_1.0.0.202411081344/tools/bin/../lib/gcc/arm-none-eabi/13.3.1/../../../../arm-none-eabi/lib/thumb/v6-m/nofp\libnosys.a
END GROUP
START GROUP
LOAD C:/ST/STM32CubeIDE_1.19.0/STM32CubeIDE/plugins/com.st.stm32cube.ide.mcu.externaltools.gnu-tools-for-stm32.13.3.rel1.win32_1.0.0.202411081344/tools/bin/../lib/gcc/arm-none-eabi/13.3.1/thumb/v6-m/nofp\libgcc.a
LOAD C:/ST/STM32CubeIDE_1.19.0/STM32CubeIDE/plugins/com.st.stm32cube.ide.mcu.externaltools.gnu-tools-for-stm32.13.3.rel1.win32_1.0.0.202411081344/tools/bin/../lib/gcc/arm-none-eabi/13.3.1/../../../../arm-none-eabi/lib/thumb/v6-m/nofp\libc_nano.a
LOAD C:/ST/STM32CubeIDE_1.19.0/STM32CubeIDE/plugins/com.st.stm32cube.ide.mcu.externaltools.gnu-tools-for-stm32.13.3.rel1.win32_1.0.0.202411081344/tools/bin/../lib/gcc/arm-none-eabi/13.3.1/../../../../arm-none-eabi/lib/thumb/v6-m/nofp\libnosys.a
END GROUP
LOAD C:/ST/STM32CubeIDE_1.19.0/STM32CubeIDE/plugins/com.st.stm32cube.ide.mcu.externaltools.gnu-tools-for-stm32.13.3.rel1.win32_1.0.0.202411081344/tools/bin/../lib/gcc/arm-none-eabi/13.3.1/thumb/v6-m/nofp/crtend.o
LOAD C:/ST/STM32CubeIDE_1.19.0/STM32CubeIDE/plugins/com.st.stm32cube.ide.mcu.externaltools.gnu-tools-for-stm32.13.3.rel1.win32_1.0.0.202411081344/tools/bin/../lib/gcc/arm-none-eabi/13.3.1/thumb/v6-m/nofp/crtn.o
                0x20002000                        _estack = (ORIGIN (RAM) + LENGTH (RAM))
                0x00000200                        _Min_Heap_Size = 0x200
                0x00000400                        _Min_Stack_Size = 0x400

.isr_vector     0x08000000       0xc0
                0x08000000                        . = ALIGN (0x4)
 *(.isr_vector)
 .isr_vector    0x08000000       0xc0 ./Core/Startup/startup_stm32f030r8tx.o
                0x08000000                g_pfnVectors
                0x080000c0                        . = ALIGN (0x4)

.text           0x080000c0     0x7a90
                0x080000c0                        . = ALIGN (0x4)
 *(.text)
 .text          0x080000c0       0x48 C:/ST/STM32CubeIDE_1.19.0/STM32CubeIDE/plugins/com.st.stm32cube.ide.mcu.externaltools.gnu-tools-for-stm32.13.3.rel1.win32_1.0.0.202411081344/tools/bin/../lib/gcc/arm-none-eabi/13.3.1/thumb/v6-m/nofp/crtbegin.o
 .text          0x08000108      0x114 C:/ST/STM32CubeIDE_1.19.0/STM32CubeIDE/plugins/com.st.stm32cube.ide.mcu.externaltools.gnu-tools-for-stm32.13.3.rel1.win32_1.0.0.202411081344/tools/bin/../lib/gcc/arm-none-eabi/13.3.1/thumb/v6-m/nofp\libgcc.a(_udivsi3.o)
                0x08000108                __aeabi_uidiv
                0x08000108                __udivsi3
                0x08000214                __aeabi_uidivmod
 .text          0x0800021c      0x1d4 C:/ST/STM32CubeIDE_1.19.0/STM32CubeIDE/plugins/com.st.stm32cube.ide.mcu.externaltools.gnu-tools-for-stm32.13.3.rel1.win32_1.0.0.202411081344/tools/bin/../lib/gcc/arm-none-eabi/13.3.1/thumb/v6-m/nofp\libgcc.a(_divsi3.o)
                0x0800021c                __divsi3
                0x0800021c                __aeabi_idiv
                0x080003e8                __aeabi_idivmod
 .text          0x080003f0        0x4 C:/ST/STM32CubeIDE_1.19.0/STM32CubeIDE/plugins/com.st.stm32cube.ide.mcu.externaltools.gnu-tools-for-stm32.13.3.rel1.win32_1.0.0.202411081344/tools/bin/../lib/gcc/arm-none-eabi/13.3.1/thumb/v6-m/nofp\libgcc.a(_dvmd_tls.o)
                0x080003f0                __aeabi_idiv0
                0x080003f0                __aeabi_ldiv0
 .text          0x080003f4       0x74 C:/ST/STM32CubeIDE_1.19.0/STM32CubeIDE/plugins/com.st.stm32cube.ide.mcu.externaltools.gnu-tools-for-stm32.13.3.rel1.win32_1.0.0.202411081344/tools/bin/../lib/gcc/arm-none-eabi/13.3.1/thumb/v6-m/nofp\libgcc.a(_arm_cmpsf2.o)
                0x080003f4                __aeabi_cfrcmple
                0x080003fc                __aeabi_cfcmpeq
                0x080003fc                __aeabi_cfcmple
                0x0800040c                __aeabi_fcmpeq
                0x08000418                __aeabi_fcmplt
                0x0800042c                __aeabi_fcmple
                0x08000440                __aeabi_fcmpgt
                0x08000454                __aeabi_fcmpge
 .text          0x08000468      0x22c C:/ST/STM32CubeIDE_1.19.0/STM32CubeIDE/plugins/com.st.stm32cube.ide.mcu.externaltools.gnu-tools-for-stm32.13.3.rel1.win32_1.0.0.202411081344/tools/bin/../lib/gcc/arm-none-eabi/13.3.1/thumb/v6-m/nofp\libgcc.a(divsf3.o)
                0x08000468                __aeabi_fdiv
 .text          0x08000694       0x50 C:/ST/STM32CubeIDE_1.19.0/STM32CubeIDE/plugins/com.st.stm32cube.ide.mcu.externaltools.gnu-tools-for-stm32.13.3.rel1.win32_1.0.0.202411081344/tools/bin/../lib/gcc/arm-none-eabi/13.3.1/thumb/v6-m/nofp\libgcc.a(eqsf2.o)
                0x08000694                __eqsf2
                0x08000694                __nesf2
 .text          0x080006e4       0x90 C:/ST/STM32CubeIDE_1.19.0/STM32CubeIDE/plugins/com.st.stm32cube.ide.mcu.externaltools.gnu-tools-for-stm32.13.3.rel1.win32_1.0.0.202411081344/tools/bin/../lib/gcc/arm-none-eabi/13.3.1/thumb/v6-m/nofp\libgcc.a(gesf2.o)
                0x080006e4                __gesf2
                0x080006e4                __gtsf2
 .text          0x08000774       0x90 C:/ST/STM32CubeIDE_1.19.0/STM32CubeIDE/plugins/com.st.stm32cube.ide.mcu.externaltools.gnu-tools-for-stm32.13.3.rel1.win32_1.0.0.202411081344/tools/bin/../lib/gcc/arm-none-eabi/13.3.1/thumb/v6-m/nofp\libgcc.a(lesf2.o)
                0x08000774                __ltsf2
                0x08000774                __lesf2
 .text          0x08000804      0x2b4 C:/ST/STM32CubeIDE_1.19.0/STM32CubeIDE/plugins/com.st.stm32cube.ide.mcu.externaltools.gnu-tools-for-stm32.13.3.rel1.win32_1.0.0.202411081344/tools/bin/../lib/gcc/arm-none-eabi/13.3.1/thumb/v6-m/nofp\libgcc.a(mulsf3.o)
                0x08000804                __aeabi_fmul
 .text          0x08000ab8       0xa0 C:/ST/STM32CubeIDE_1.19.0/STM32CubeIDE/plugins/com.st.stm32cube.ide.mcu.externaltools.gnu-tools-for-stm32.13.3.rel1.win32_1.0.0.202411081344/tools/bin/../lib/gcc/arm-none-eabi/13.3.1/thumb/v6-m/nofp\libgcc.a(floatsisf.o)
                0x08000ab8                __aeabi_i2f
 .text          0x08000b58       0x8c C:/ST/STM32CubeIDE_1.19.0/STM32CubeIDE/plugins/com.st.stm32cube.ide.mcu.externaltools.gnu-tools-for-stm32.13.3.rel1.win32_1.0.0.202411081344/tools/bin/../lib/gcc/arm-none-eabi/13.3.1/thumb/v6-m/nofp\libgcc.a(floatunsisf.o)
                0x08000b58                __aeabi_ui2f
 .text          0x08000be4      0x814 C:/ST/STM32CubeIDE_1.19.0/STM32CubeIDE/plugins/com.st.stm32cube.ide.mcu.externaltools.gnu-tools-for-stm32.13.3.rel1.win32_1.0.0.202411081344/tools/bin/../lib/gcc/arm-none-eabi/13.3.1/thumb/v6-m/nofp\libgcc.a(subdf3.o)
                0x08000be4                __aeabi_dsub
 .text          0x080013f8       0x90 C:/ST/STM32CubeIDE_1.19.0/STM32CubeIDE/plugins/com.st.stm32cube.ide.mcu.externaltools.gnu-tools-for-stm32.13.3.rel1.win32_1.0.0.202411081344/tools/bin/../lib/gcc/arm-none-eabi/13.3.1/thumb/v6-m/nofp\libgcc.a(extendsfdf2.o)
                0x080013f8                __aeabi_f2d
 .text          0x08001488      0x104 C:/ST/STM32CubeIDE_1.19.0/STM32CubeIDE/plugins/com.st.stm32cube.ide.mcu.externaltools.gnu-tools-for-stm32.13.3.rel1.win32_1.0.0.202411081344/tools/bin/../lib/gcc/arm-none-eabi/13.3.1/thumb/v6-m/nofp\libgcc.a(truncdfsf2.o)
                0x08001488                __aeabi_d2f
 .text          0x0800158c       0x3c C:/ST/STM32CubeIDE_1.19.0/STM32CubeIDE/plugins/com.st.stm32cube.ide.mcu.externaltools.gnu-tools-for-stm32.13.3.rel1.win32_1.0.0.202411081344/tools/bin/../lib/gcc/arm-none-eabi/13.3.1/thumb/v6-m/nofp\libgcc.a(_clzsi2.o)
                0x0800158c                __clzsi2
 *(.text*)
 .text.ADS1247_read_register
                0x080015c8       0xa4 ./Core/Src/ADS1247.o
                0x080015c8                ADS1247_read_register
 .text.ADS1247_write_register
                0x0800166c       0xbc ./Core/Src/ADS1247.o
                0x0800166c                ADS1247_write_register
 .text.ADS1247_ReadData
                0x08001728       0xc4 ./Core/Src/ADS1247.o
                0x08001728                ADS1247_ReadData
 .text.ADS1247_begin
                0x080017ec      0x124 ./Core/Src/ADS1247.o
                0x080017ec                ADS1247_begin
 .text.ads1247_raw_to_voltage
                0x08001910       0x64 ./Core/Src/ADS1247.o
                0x08001910                ads1247_raw_to_voltage
 .text.get_supply
                0x08001974      0x22c ./Core/Src/ADS1247.o
                0x08001974                get_supply
 .text.hc595    0x08001ba0       0x60 ./Core/Src/HC595.o
                0x08001ba0                hc595
 .text.input_high
                0x08001c00       0x40 ./Core/Src/HC595.o
                0x08001c00                input_high
 .text.csLOW_B  0x08001c40       0x1c ./Core/Src/dipswitch.o
                0x08001c40                csLOW_B
 .text.csHIGH_B
                0x08001c5c       0x1c ./Core/Src/dipswitch.o
                0x08001c5c                csHIGH_B
 .text.RST_HIGH_B
                0x08001c78       0x1c ./Core/Src/dipswitch.o
                0x08001c78                RST_HIGH_B
 .text.SPI_Write_B
                0x08001c94       0x30 ./Core/Src/dipswitch.o
                0x08001c94                SPI_Write_B
 .text.SPI_Read_B
                0x08001cc4       0x30 ./Core/Src/dipswitch.o
                0x08001cc4                SPI_Read_B
 .text.enable_MCPA_B
                0x08001cf4       0x38 ./Core/Src/dipswitch.o
                0x08001cf4                enable_MCPA_B
 .text.enable_MCPB_B
                0x08001d2c       0x38 ./Core/Src/dipswitch.o
                0x08001d2c                enable_MCPB_B
 .text.port_configB_B
                0x08001d64       0x38 ./Core/Src/dipswitch.o
                0x08001d64                port_configB_B
 .text.port_configA_B
                0x08001d9c       0x38 ./Core/Src/dipswitch.o
                0x08001d9c                port_configA_B
 .text.polarity_configB_B
                0x08001dd4       0x38 ./Core/Src/dipswitch.o
                0x08001dd4                polarity_configB_B
 .text.latch_configA_B
                0x08001e0c       0x38 ./Core/Src/dipswitch.o
                0x08001e0c                latch_configA_B
 .text.latch_configB_B
                0x08001e44       0x38 ./Core/Src/dipswitch.o
                0x08001e44                latch_configB_B
 .text.GPIO_readA_B
                0x08001e7c       0x46 ./Core/Src/dipswitch.o
                0x08001e7c                GPIO_readA_B
 *fill*         0x08001ec2        0x2 
 .text.PollUartBaudRate
                0x08001ec4      0x128 ./Core/Src/main.o
                0x08001ec4                PollUartBaudRate
 .text.check_and_get_adc_conversion_mode
                0x08001fec       0x60 ./Core/Src/main.o
                0x08001fec                check_and_get_adc_conversion_mode
 .text.set_adc_conversion_mode
                0x0800204c      0x154 ./Core/Src/main.o
                0x0800204c                set_adc_conversion_mode
 .text.HAL_UART_RxCpltCallback
                0x080021a0       0xd8 ./Core/Src/main.o
                0x080021a0                HAL_UART_RxCpltCallback
 .text.RingBuffer_GetCount
                0x08002278       0x46 ./Core/Src/main.o
                0x08002278                RingBuffer_GetCount
 .text.RingBuffer_Read
                0x080022be       0x50 ./Core/Src/main.o
                0x080022be                RingBuffer_Read
 *fill*         0x0800230e        0x2 
 .text.read_single_reg
                0x08002310      0x4c0 ./Core/Src/main.o
                0x08002310                read_single_reg
 .text.get_adc_conversion_value
                0x080027d0      0x14c ./Core/Src/main.o
                0x080027d0                get_adc_conversion_value
 .text.main     0x0800291c      0x3bc ./Core/Src/main.o
                0x0800291c                main
 .text.SystemClock_Config
                0x08002cd8       0xc2 ./Core/Src/main.o
                0x08002cd8                SystemClock_Config
 *fill*         0x08002d9a        0x2 
 .text.MX_SPI1_Init
                0x08002d9c       0x7c ./Core/Src/main.o
 .text.MX_SPI2_Init
                0x08002e18       0x7c ./Core/Src/main.o
 .text.MX_USART1_UART_Init
                0x08002e94       0x60 ./Core/Src/main.o
 .text.MX_USART2_UART_Init
                0x08002ef4       0x60 ./Core/Src/main.o
 .text.MX_GPIO_Init
                0x08002f54      0x1c8 ./Core/Src/main.o
 .text.Error_Handler
                0x0800311c        0xc ./Core/Src/main.o
                0x0800311c                Error_Handler
 .text.crc16    0x08003128       0x8c ./Core/Src/modbus485.o
                0x08003128                crc16
 .text.sendData
                0x080031b4       0xc8 ./Core/Src/modbus485.o
                0x080031b4                sendData
 .text.writeHoldingRegs
                0x0800327c      0x390 ./Core/Src/modbus485.o
                0x0800327c                writeHoldingRegs
 .text.HAL_MspInit
                0x0800360c       0x58 ./Core/Src/stm32f0xx_hal_msp.o
                0x0800360c                HAL_MspInit
 .text.HAL_SPI_MspInit
                0x08003664      0x134 ./Core/Src/stm32f0xx_hal_msp.o
                0x08003664                HAL_SPI_MspInit
 .text.HAL_UART_MspInit
                0x08003798      0x130 ./Core/Src/stm32f0xx_hal_msp.o
                0x08003798                HAL_UART_MspInit
 .text.HAL_UART_MspDeInit
                0x080038c8       0x7c ./Core/Src/stm32f0xx_hal_msp.o
                0x080038c8                HAL_UART_MspDeInit
 .text.NMI_Handler
                0x08003944        0x8 ./Core/Src/stm32f0xx_it.o
                0x08003944                NMI_Handler
 .text.HardFault_Handler
                0x0800394c        0x8 ./Core/Src/stm32f0xx_it.o
                0x0800394c                HardFault_Handler
 .text.SVC_Handler
                0x08003954        0xa ./Core/Src/stm32f0xx_it.o
                0x08003954                SVC_Handler
 .text.PendSV_Handler
                0x0800395e        0xa ./Core/Src/stm32f0xx_it.o
                0x0800395e                PendSV_Handler
 .text.SysTick_Handler
                0x08003968        0xe ./Core/Src/stm32f0xx_it.o
                0x08003968                SysTick_Handler
 .text.RCC_IRQHandler
                0x08003976        0xa ./Core/Src/stm32f0xx_it.o
                0x08003976                RCC_IRQHandler
 .text.EXTI4_15_IRQHandler
                0x08003980       0x14 ./Core/Src/stm32f0xx_it.o
                0x08003980                EXTI4_15_IRQHandler
 .text.SPI1_IRQHandler
                0x08003994       0x18 ./Core/Src/stm32f0xx_it.o
                0x08003994                SPI1_IRQHandler
 .text.SPI2_IRQHandler
                0x080039ac       0x18 ./Core/Src/stm32f0xx_it.o
                0x080039ac                SPI2_IRQHandler
 .text.USART1_IRQHandler
                0x080039c4       0x18 ./Core/Src/stm32f0xx_it.o
                0x080039c4                USART1_IRQHandler
 .text.USART2_IRQHandler
                0x080039dc       0x18 ./Core/Src/stm32f0xx_it.o
                0x080039dc                USART2_IRQHandler
 .text.Flash_WriteSettings
                0x080039f4       0xd4 ./Core/Src/storage.o
                0x080039f4                Flash_WriteSettings
 .text.Flash_ReadSettings
                0x08003ac8       0x24 ./Core/Src/storage.o
                0x08003ac8                Flash_ReadSettings
 .text.get_is_configured
                0x08003aec       0x28 ./Core/Src/storage.o
                0x08003aec                get_is_configured
 .text.set_is_configured
                0x08003b14       0x74 ./Core/Src/storage.o
                0x08003b14                set_is_configured
 .text.SystemInit
                0x08003b88        0xa ./Core/Src/system_stm32f0xx.o
                0x08003b88                SystemInit
 *fill*         0x08003b92        0x2 
 .text.Reset_Handler
                0x08003b94       0x50 ./Core/Startup/startup_stm32f030r8tx.o
                0x08003b94                Reset_Handler
 .text.Default_Handler
                0x08003be4        0x2 ./Core/Startup/startup_stm32f030r8tx.o
                0x08003be4                TIM1_CC_IRQHandler
                0x08003be4                TIM6_IRQHandler
                0x08003be4                I2C1_IRQHandler
                0x08003be4                EXTI2_3_IRQHandler
                0x08003be4                ADC1_IRQHandler
                0x08003be4                I2C2_IRQHandler
                0x08003be4                TIM17_IRQHandler
                0x08003be4                RTC_IRQHandler
                0x08003be4                TIM16_IRQHandler
                0x08003be4                TIM3_IRQHandler
                0x08003be4                DMA1_Channel1_IRQHandler
                0x08003be4                Default_Handler
                0x08003be4                TIM14_IRQHandler
                0x08003be4                DMA1_Channel4_5_IRQHandler
                0x08003be4                TIM15_IRQHandler
                0x08003be4                EXTI0_1_IRQHandler
                0x08003be4                WWDG_IRQHandler
                0x08003be4                DMA1_Channel2_3_IRQHandler
                0x08003be4                FLASH_IRQHandler
                0x08003be4                TIM1_BRK_UP_TRG_COM_IRQHandler
 *fill*         0x08003be6        0x2 
 .text.HAL_Init
                0x08003be8       0x28 ./Drivers/STM32F0xx_HAL_Driver/Src/stm32f0xx_hal.o
                0x08003be8                HAL_Init
 .text.HAL_InitTick
                0x08003c10       0x68 ./Drivers/STM32F0xx_HAL_Driver/Src/stm32f0xx_hal.o
                0x08003c10                HAL_InitTick
 .text.HAL_IncTick
                0x08003c78       0x24 ./Drivers/STM32F0xx_HAL_Driver/Src/stm32f0xx_hal.o
                0x08003c78                HAL_IncTick
 .text.HAL_GetTick
                0x08003c9c       0x14 ./Drivers/STM32F0xx_HAL_Driver/Src/stm32f0xx_hal.o
                0x08003c9c                HAL_GetTick
 .text.HAL_Delay
                0x08003cb0       0x48 ./Drivers/STM32F0xx_HAL_Driver/Src/stm32f0xx_hal.o
                0x08003cb0                HAL_Delay
 .text.__NVIC_EnableIRQ
                0x08003cf8       0x34 ./Drivers/STM32F0xx_HAL_Driver/Src/stm32f0xx_hal_cortex.o
 .text.__NVIC_DisableIRQ
                0x08003d2c       0x44 ./Drivers/STM32F0xx_HAL_Driver/Src/stm32f0xx_hal_cortex.o
 .text.__NVIC_SetPriority
                0x08003d70       0xdc ./Drivers/STM32F0xx_HAL_Driver/Src/stm32f0xx_hal_cortex.o
 .text.SysTick_Config
                0x08003e4c       0x48 ./Drivers/STM32F0xx_HAL_Driver/Src/stm32f0xx_hal_cortex.o
 .text.HAL_NVIC_SetPriority
                0x08003e94       0x2a ./Drivers/STM32F0xx_HAL_Driver/Src/stm32f0xx_hal_cortex.o
                0x08003e94                HAL_NVIC_SetPriority
 .text.HAL_NVIC_EnableIRQ
                0x08003ebe       0x20 ./Drivers/STM32F0xx_HAL_Driver/Src/stm32f0xx_hal_cortex.o
                0x08003ebe                HAL_NVIC_EnableIRQ
 .text.HAL_NVIC_DisableIRQ
                0x08003ede       0x20 ./Drivers/STM32F0xx_HAL_Driver/Src/stm32f0xx_hal_cortex.o
                0x08003ede                HAL_NVIC_DisableIRQ
 .text.HAL_SYSTICK_Config
                0x08003efe       0x1a ./Drivers/STM32F0xx_HAL_Driver/Src/stm32f0xx_hal_cortex.o
                0x08003efe                HAL_SYSTICK_Config
 .text.HAL_DMA_Abort
                0x08003f18       0x70 ./Drivers/STM32F0xx_HAL_Driver/Src/stm32f0xx_hal_dma.o
                0x08003f18                HAL_DMA_Abort
 .text.HAL_DMA_Abort_IT
                0x08003f88       0x8a ./Drivers/STM32F0xx_HAL_Driver/Src/stm32f0xx_hal_dma.o
                0x08003f88                HAL_DMA_Abort_IT
 .text.HAL_DMA_GetError
                0x08004012       0x14 ./Drivers/STM32F0xx_HAL_Driver/Src/stm32f0xx_hal_dma.o
                0x08004012                HAL_DMA_GetError
 *fill*         0x08004026        0x2 
 .text.HAL_FLASH_Program
                0x08004028      0x12c ./Drivers/STM32F0xx_HAL_Driver/Src/stm32f0xx_hal_flash.o
                0x08004028                HAL_FLASH_Program
 .text.HAL_FLASH_Unlock
                0x08004154       0x4c ./Drivers/STM32F0xx_HAL_Driver/Src/stm32f0xx_hal_flash.o
                0x08004154                HAL_FLASH_Unlock
 .text.HAL_FLASH_Lock
                0x080041a0       0x1c ./Drivers/STM32F0xx_HAL_Driver/Src/stm32f0xx_hal_flash.o
                0x080041a0                HAL_FLASH_Lock
 .text.FLASH_Program_HalfWord
                0x080041bc       0x38 ./Drivers/STM32F0xx_HAL_Driver/Src/stm32f0xx_hal_flash.o
 .text.FLASH_WaitForLastOperation
                0x080041f4       0x80 ./Drivers/STM32F0xx_HAL_Driver/Src/stm32f0xx_hal_flash.o
                0x080041f4                FLASH_WaitForLastOperation
 .text.FLASH_SetErrorCode
                0x08004274       0x60 ./Drivers/STM32F0xx_HAL_Driver/Src/stm32f0xx_hal_flash.o
 .text.HAL_FLASHEx_Erase
                0x080042d4       0xec ./Drivers/STM32F0xx_HAL_Driver/Src/stm32f0xx_hal_flash_ex.o
                0x080042d4                HAL_FLASHEx_Erase
 .text.FLASH_MassErase
                0x080043c0       0x30 ./Drivers/STM32F0xx_HAL_Driver/Src/stm32f0xx_hal_flash_ex.o
 .text.FLASH_PageErase
                0x080043f0       0x3c ./Drivers/STM32F0xx_HAL_Driver/Src/stm32f0xx_hal_flash_ex.o
                0x080043f0                FLASH_PageErase
 .text.HAL_GPIO_Init
                0x0800442c      0x2e0 ./Drivers/STM32F0xx_HAL_Driver/Src/stm32f0xx_hal_gpio.o
                0x0800442c                HAL_GPIO_Init
 .text.HAL_GPIO_DeInit
                0x0800470c      0x1a0 ./Drivers/STM32F0xx_HAL_Driver/Src/stm32f0xx_hal_gpio.o
                0x0800470c                HAL_GPIO_DeInit
 .text.HAL_GPIO_ReadPin
                0x080048ac       0x3a ./Drivers/STM32F0xx_HAL_Driver/Src/stm32f0xx_hal_gpio.o
                0x080048ac                HAL_GPIO_ReadPin
 .text.HAL_GPIO_WritePin
                0x080048e6       0x3a ./Drivers/STM32F0xx_HAL_Driver/Src/stm32f0xx_hal_gpio.o
                0x080048e6                HAL_GPIO_WritePin
 .text.HAL_GPIO_EXTI_IRQHandler
                0x08004920       0x38 ./Drivers/STM32F0xx_HAL_Driver/Src/stm32f0xx_hal_gpio.o
                0x08004920                HAL_GPIO_EXTI_IRQHandler
 .text.HAL_GPIO_EXTI_Callback
                0x08004958       0x14 ./Drivers/STM32F0xx_HAL_Driver/Src/stm32f0xx_hal_gpio.o
                0x08004958                HAL_GPIO_EXTI_Callback
 .text.HAL_RCC_OscConfig
                0x0800496c      0x634 ./Drivers/STM32F0xx_HAL_Driver/Src/stm32f0xx_hal_rcc.o
                0x0800496c                HAL_RCC_OscConfig
 .text.HAL_RCC_ClockConfig
                0x08004fa0      0x19c ./Drivers/STM32F0xx_HAL_Driver/Src/stm32f0xx_hal_rcc.o
                0x08004fa0                HAL_RCC_ClockConfig
 .text.HAL_RCC_GetSysClockFreq
                0x0800513c       0xac ./Drivers/STM32F0xx_HAL_Driver/Src/stm32f0xx_hal_rcc.o
                0x0800513c                HAL_RCC_GetSysClockFreq
 .text.HAL_RCC_GetHCLKFreq
                0x080051e8       0x14 ./Drivers/STM32F0xx_HAL_Driver/Src/stm32f0xx_hal_rcc.o
                0x080051e8                HAL_RCC_GetHCLKFreq
 .text.HAL_RCC_GetPCLK1Freq
                0x080051fc       0x2c ./Drivers/STM32F0xx_HAL_Driver/Src/stm32f0xx_hal_rcc.o
                0x080051fc                HAL_RCC_GetPCLK1Freq
 .text.HAL_RCCEx_PeriphCLKConfig
                0x08005228      0x19c ./Drivers/STM32F0xx_HAL_Driver/Src/stm32f0xx_hal_rcc_ex.o
                0x08005228                HAL_RCCEx_PeriphCLKConfig
 .text.HAL_SPI_Init
                0x080053c4      0x170 ./Drivers/STM32F0xx_HAL_Driver/Src/stm32f0xx_hal_spi.o
                0x080053c4                HAL_SPI_Init
 .text.HAL_SPI_Transmit
                0x08005534      0x2be ./Drivers/STM32F0xx_HAL_Driver/Src/stm32f0xx_hal_spi.o
                0x08005534                HAL_SPI_Transmit
 *fill*         0x080057f2        0x2 
 .text.HAL_SPI_Receive
                0x080057f4      0x2a4 ./Drivers/STM32F0xx_HAL_Driver/Src/stm32f0xx_hal_spi.o
                0x080057f4                HAL_SPI_Receive
 .text.HAL_SPI_TransmitReceive
                0x08005a98      0x3c4 ./Drivers/STM32F0xx_HAL_Driver/Src/stm32f0xx_hal_spi.o
                0x08005a98                HAL_SPI_TransmitReceive
 .text.HAL_SPI_IRQHandler
                0x08005e5c      0x1fc ./Drivers/STM32F0xx_HAL_Driver/Src/stm32f0xx_hal_spi.o
                0x08005e5c                HAL_SPI_IRQHandler
 .text.HAL_SPI_ErrorCallback
                0x08006058       0x10 ./Drivers/STM32F0xx_HAL_Driver/Src/stm32f0xx_hal_spi.o
                0x08006058                HAL_SPI_ErrorCallback
 .text.SPI_DMAAbortOnError
                0x08006068       0x2c ./Drivers/STM32F0xx_HAL_Driver/Src/stm32f0xx_hal_spi.o
 .text.SPI_WaitFlagStateUntilTimeout
                0x08006094      0x11c ./Drivers/STM32F0xx_HAL_Driver/Src/stm32f0xx_hal_spi.o
 .text.SPI_WaitFifoStateUntilTimeout
                0x080061b0      0x144 ./Drivers/STM32F0xx_HAL_Driver/Src/stm32f0xx_hal_spi.o
 .text.SPI_EndRxTransaction
                0x080062f4       0xbc ./Drivers/STM32F0xx_HAL_Driver/Src/stm32f0xx_hal_spi.o
 .text.SPI_EndRxTxTransaction
                0x080063b0       0x8c ./Drivers/STM32F0xx_HAL_Driver/Src/stm32f0xx_hal_spi.o
 .text.HAL_UART_Init
                0x0800643c       0xa8 ./Drivers/STM32F0xx_HAL_Driver/Src/stm32f0xx_hal_uart.o
                0x0800643c                HAL_UART_Init
 .text.HAL_UART_DeInit
                0x080064e4       0x7c ./Drivers/STM32F0xx_HAL_Driver/Src/stm32f0xx_hal_uart.o
                0x080064e4                HAL_UART_DeInit
 .text.HAL_UART_Transmit
                0x08006560      0x13e ./Drivers/STM32F0xx_HAL_Driver/Src/stm32f0xx_hal_uart.o
                0x08006560                HAL_UART_Transmit
 .text.HAL_UART_Receive_IT
                0x0800669e       0xae ./Drivers/STM32F0xx_HAL_Driver/Src/stm32f0xx_hal_uart.o
                0x0800669e                HAL_UART_Receive_IT
 .text.HAL_UART_AbortReceive
                0x0800674c      0x15c ./Drivers/STM32F0xx_HAL_Driver/Src/stm32f0xx_hal_uart.o
                0x0800674c                HAL_UART_AbortReceive
 .text.HAL_UART_IRQHandler
                0x080068a8      0x590 ./Drivers/STM32F0xx_HAL_Driver/Src/stm32f0xx_hal_uart.o
                0x080068a8                HAL_UART_IRQHandler
 .text.HAL_UART_TxCpltCallback
                0x08006e38       0x10 ./Drivers/STM32F0xx_HAL_Driver/Src/stm32f0xx_hal_uart.o
                0x08006e38                HAL_UART_TxCpltCallback
 .text.HAL_UART_ErrorCallback
                0x08006e48       0x10 ./Drivers/STM32F0xx_HAL_Driver/Src/stm32f0xx_hal_uart.o
                0x08006e48                HAL_UART_ErrorCallback
 .text.HAL_UARTEx_RxEventCallback
                0x08006e58       0x16 ./Drivers/STM32F0xx_HAL_Driver/Src/stm32f0xx_hal_uart.o
                0x08006e58                HAL_UARTEx_RxEventCallback
 *fill*         0x08006e6e        0x2 
 .text.UART_SetConfig
                0x08006e70      0x280 ./Drivers/STM32F0xx_HAL_Driver/Src/stm32f0xx_hal_uart.o
                0x08006e70                UART_SetConfig
 .text.UART_AdvFeatureConfig
                0x080070f0      0x168 ./Drivers/STM32F0xx_HAL_Driver/Src/stm32f0xx_hal_uart.o
                0x080070f0                UART_AdvFeatureConfig
 .text.UART_CheckIdleState
                0x08007258      0x150 ./Drivers/STM32F0xx_HAL_Driver/Src/stm32f0xx_hal_uart.o
                0x08007258                UART_CheckIdleState
 .text.UART_WaitOnFlagUntilTimeout
                0x080073a8       0xde ./Drivers/STM32F0xx_HAL_Driver/Src/stm32f0xx_hal_uart.o
                0x080073a8                UART_WaitOnFlagUntilTimeout
 *fill*         0x08007486        0x2 
 .text.UART_Start_Receive_IT
                0x08007488      0x16c ./Drivers/STM32F0xx_HAL_Driver/Src/stm32f0xx_hal_uart.o
                0x08007488                UART_Start_Receive_IT
 .text.UART_EndRxTransfer
                0x080075f4       0xc8 ./Drivers/STM32F0xx_HAL_Driver/Src/stm32f0xx_hal_uart.o
 .text.UART_DMAAbortOnError
                0x080076bc       0x2e ./Drivers/STM32F0xx_HAL_Driver/Src/stm32f0xx_hal_uart.o
 .text.UART_EndTransmit_IT
                0x080076ea       0x56 ./Drivers/STM32F0xx_HAL_Driver/Src/stm32f0xx_hal_uart.o
 .text.UART_RxISR_8BIT
                0x08007740      0x1b8 ./Drivers/STM32F0xx_HAL_Driver/Src/stm32f0xx_hal_uart.o
 .text.UART_RxISR_16BIT
                0x080078f8      0x1b8 ./Drivers/STM32F0xx_HAL_Driver/Src/stm32f0xx_hal_uart.o
 .text.memcmp   0x08007ab0       0x1c C:/ST/STM32CubeIDE_1.19.0/STM32CubeIDE/plugins/com.st.stm32cube.ide.mcu.externaltools.gnu-tools-for-stm32.13.3.rel1.win32_1.0.0.202411081344/tools/bin/../lib/gcc/arm-none-eabi/13.3.1/../../../../arm-none-eabi/lib/thumb/v6-m/nofp\libc_nano.a(libc_a-memcmp.o)
                0x08007ab0                memcmp
 .text.memset   0x08007acc       0x10 C:/ST/STM32CubeIDE_1.19.0/STM32CubeIDE/plugins/com.st.stm32cube.ide.mcu.externaltools.gnu-tools-for-stm32.13.3.rel1.win32_1.0.0.202411081344/tools/bin/../lib/gcc/arm-none-eabi/13.3.1/../../../../arm-none-eabi/lib/thumb/v6-m/nofp\libc_nano.a(libc_a-memset.o)
                0x08007acc                memset
 .text.__libc_init_array
                0x08007adc       0x48 C:/ST/STM32CubeIDE_1.19.0/STM32CubeIDE/plugins/com.st.stm32cube.ide.mcu.externaltools.gnu-tools-for-stm32.13.3.rel1.win32_1.0.0.202411081344/tools/bin/../lib/gcc/arm-none-eabi/13.3.1/../../../../arm-none-eabi/lib/thumb/v6-m/nofp\libc_nano.a(libc_a-init.o)
                0x08007adc                __libc_init_array
 .text.memcpy   0x08007b24       0x12 C:/ST/STM32CubeIDE_1.19.0/STM32CubeIDE/plugins/com.st.stm32cube.ide.mcu.externaltools.gnu-tools-for-stm32.13.3.rel1.win32_1.0.0.202411081344/tools/bin/../lib/gcc/arm-none-eabi/13.3.1/../../../../arm-none-eabi/lib/thumb/v6-m/nofp\libc_nano.a(libc_a-memcpy-stub.o)
                0x08007b24                memcpy
 *(.glue_7)
 .glue_7        0x08007b36        0x0 linker stubs
 *(.glue_7t)
 .glue_7t       0x08007b36        0x0 linker stubs
 *(.eh_frame)
 *fill*         0x08007b36        0x2 
 .eh_frame      0x08007b38        0x0 C:/ST/STM32CubeIDE_1.19.0/STM32CubeIDE/plugins/com.st.stm32cube.ide.mcu.externaltools.gnu-tools-for-stm32.13.3.rel1.win32_1.0.0.202411081344/tools/bin/../lib/gcc/arm-none-eabi/13.3.1/thumb/v6-m/nofp/crtbegin.o
 *(.init)
 .init          0x08007b38        0x4 C:/ST/STM32CubeIDE_1.19.0/STM32CubeIDE/plugins/com.st.stm32cube.ide.mcu.externaltools.gnu-tools-for-stm32.13.3.rel1.win32_1.0.0.202411081344/tools/bin/../lib/gcc/arm-none-eabi/13.3.1/thumb/v6-m/nofp/crti.o
                0x08007b38                _init
 .init          0x08007b3c        0x8 C:/ST/STM32CubeIDE_1.19.0/STM32CubeIDE/plugins/com.st.stm32cube.ide.mcu.externaltools.gnu-tools-for-stm32.13.3.rel1.win32_1.0.0.202411081344/tools/bin/../lib/gcc/arm-none-eabi/13.3.1/thumb/v6-m/nofp/crtn.o
 *(.fini)
 .fini          0x08007b44        0x4 C:/ST/STM32CubeIDE_1.19.0/STM32CubeIDE/plugins/com.st.stm32cube.ide.mcu.externaltools.gnu-tools-for-stm32.13.3.rel1.win32_1.0.0.202411081344/tools/bin/../lib/gcc/arm-none-eabi/13.3.1/thumb/v6-m/nofp/crti.o
                0x08007b44                _fini
 .fini          0x08007b48        0x8 C:/ST/STM32CubeIDE_1.19.0/STM32CubeIDE/plugins/com.st.stm32cube.ide.mcu.externaltools.gnu-tools-for-stm32.13.3.rel1.win32_1.0.0.202411081344/tools/bin/../lib/gcc/arm-none-eabi/13.3.1/thumb/v6-m/nofp/crtn.o
                0x08007b50                        . = ALIGN (0x4)
                0x08007b50                        _etext = .

.vfp11_veneer   0x08007b50        0x0
 .vfp11_veneer  0x08007b50        0x0 linker stubs

.v4_bx          0x08007b50        0x0
 .v4_bx         0x08007b50        0x0 linker stubs

.iplt           0x08007b50        0x0
 .iplt          0x08007b50        0x0 C:/ST/STM32CubeIDE_1.19.0/STM32CubeIDE/plugins/com.st.stm32cube.ide.mcu.externaltools.gnu-tools-for-stm32.13.3.rel1.win32_1.0.0.202411081344/tools/bin/../lib/gcc/arm-none-eabi/13.3.1/thumb/v6-m/nofp/crtbegin.o

.rodata         0x08007b50      0x324
                0x08007b50                        . = ALIGN (0x4)
 *(.rodata)
 .rodata        0x08007b50       0x7c C:/ST/STM32CubeIDE_1.19.0/STM32CubeIDE/plugins/com.st.stm32cube.ide.mcu.externaltools.gnu-tools-for-stm32.13.3.rel1.win32_1.0.0.202411081344/tools/bin/../lib/gcc/arm-none-eabi/13.3.1/thumb/v6-m/nofp\libgcc.a(divsf3.o)
 *(.rodata*)
 .rodata.get_supply
                0x08007bcc       0x1c ./Core/Src/ADS1247.o
 .rodata.configMap
                0x08007be8       0x38 ./Core/Src/main.o
                0x08007be8                configMap
 .rodata.set_adc_conversion_mode
                0x08007c20       0x1c ./Core/Src/main.o
 .rodata.table_crc_hi
                0x08007c3c      0x100 ./Core/Src/modbus485.o
 .rodata.table_crc_lo
                0x08007d3c      0x100 ./Core/Src/modbus485.o
 .rodata.AHBPrescTable
                0x08007e3c       0x10 ./Core/Src/system_stm32f0xx.o
                0x08007e3c                AHBPrescTable
 .rodata.APBPrescTable
                0x08007e4c        0x8 ./Core/Src/system_stm32f0xx.o
                0x08007e4c                APBPrescTable
 .rodata.aPLLMULFactorTable.1
                0x08007e54       0x10 ./Drivers/STM32F0xx_HAL_Driver/Src/stm32f0xx_hal_rcc.o
 .rodata.aPredivFactorTable.0
                0x08007e64       0x10 ./Drivers/STM32F0xx_HAL_Driver/Src/stm32f0xx_hal_rcc.o
                0x08007e74                        . = ALIGN (0x4)

.ARM.extab      0x08007e74        0x0
                0x08007e74                        . = ALIGN (0x4)
 *(.ARM.extab* .gnu.linkonce.armextab.*)
                0x08007e74                        . = ALIGN (0x4)

.ARM            0x08007e74        0x0
                0x08007e74                        . = ALIGN (0x4)
                0x08007e74                        __exidx_start = .
 *(.ARM.exidx*)
                0x08007e74                        __exidx_end = .
                0x08007e74                        . = ALIGN (0x4)

.preinit_array  0x08007e74        0x0
                0x08007e74                        . = ALIGN (0x4)
                0x08007e74                        PROVIDE (__preinit_array_start = .)
 *(.preinit_array*)
                0x08007e74                        PROVIDE (__preinit_array_end = .)
                0x08007e74                        . = ALIGN (0x4)

.init_array     0x08007e74        0x4
                0x08007e74                        . = ALIGN (0x4)
                0x08007e74                        PROVIDE (__init_array_start = .)
 *(SORT_BY_NAME(.init_array.*))
 *(.init_array*)
 .init_array    0x08007e74        0x4 C:/ST/STM32CubeIDE_1.19.0/STM32CubeIDE/plugins/com.st.stm32cube.ide.mcu.externaltools.gnu-tools-for-stm32.13.3.rel1.win32_1.0.0.202411081344/tools/bin/../lib/gcc/arm-none-eabi/13.3.1/thumb/v6-m/nofp/crtbegin.o
                0x08007e78                        PROVIDE (__init_array_end = .)
                0x08007e78                        . = ALIGN (0x4)

.fini_array     0x08007e78        0x4
                0x08007e78                        . = ALIGN (0x4)
                [!provide]                        PROVIDE (__fini_array_start = .)
 *(SORT_BY_NAME(.fini_array.*))
 *(.fini_array*)
 .fini_array    0x08007e78        0x4 C:/ST/STM32CubeIDE_1.19.0/STM32CubeIDE/plugins/com.st.stm32cube.ide.mcu.externaltools.gnu-tools-for-stm32.13.3.rel1.win32_1.0.0.202411081344/tools/bin/../lib/gcc/arm-none-eabi/13.3.1/thumb/v6-m/nofp/crtbegin.o
                [!provide]                        PROVIDE (__fini_array_end = .)
                0x08007e7c                        . = ALIGN (0x4)
                0x08007e7c                        _sidata = LOADADDR (.data)

.rel.dyn        0x08007e7c        0x0
 .rel.iplt      0x08007e7c        0x0 C:/ST/STM32CubeIDE_1.19.0/STM32CubeIDE/plugins/com.st.stm32cube.ide.mcu.externaltools.gnu-tools-for-stm32.13.3.rel1.win32_1.0.0.202411081344/tools/bin/../lib/gcc/arm-none-eabi/13.3.1/thumb/v6-m/nofp/crtbegin.o

.data           0x20000000       0x3c load address 0x08007e7c
                0x20000000                        . = ALIGN (0x4)
                0x20000000                        _sdata = .
 *(.data)
 *(.data*)
 .data.slave_id
                0x20000000        0x1 ./Core/Src/main.o
                0x20000000                slave_id
 *fill*         0x20000001        0x3 
 .data.selectedBaudRate
                0x20000004        0x4 ./Core/Src/main.o
                0x20000004                selectedBaudRate
 .data.adc_conversion_mode
                0x20000008        0x8 ./Core/Src/main.o
                0x20000008                adc_conversion_mode
 .data.W_flash  0x20000010       0x10 ./Core/Src/main.o
                0x20000010                W_flash
 .data.R_flash  0x20000020       0x10 ./Core/Src/main.o
                0x20000020                R_flash
 .data.SystemCoreClock
                0x20000030        0x4 ./Core/Src/system_stm32f0xx.o
                0x20000030                SystemCoreClock
 .data.uwTickPrio
                0x20000034        0x4 ./Drivers/STM32F0xx_HAL_Driver/Src/stm32f0xx_hal.o
                0x20000034                uwTickPrio
 .data.uwTickFreq
                0x20000038        0x1 ./Drivers/STM32F0xx_HAL_Driver/Src/stm32f0xx_hal.o
                0x20000038                uwTickFreq
 *(.RamFunc)
 *(.RamFunc*)
                0x2000003c                        . = ALIGN (0x4)
 *fill*         0x20000039        0x3 
                0x2000003c                        _edata = .

.igot.plt       0x2000003c        0x0 load address 0x08007eb8
 .igot.plt      0x2000003c        0x0 C:/ST/STM32CubeIDE_1.19.0/STM32CubeIDE/plugins/com.st.stm32cube.ide.mcu.externaltools.gnu-tools-for-stm32.13.3.rel1.win32_1.0.0.202411081344/tools/bin/../lib/gcc/arm-none-eabi/13.3.1/thumb/v6-m/nofp/crtbegin.o
                0x2000003c                        . = ALIGN (0x4)

.bss            0x20000040      0x540 load address 0x08007eb8
                0x20000040                        _sbss = .
                0x20000040                        __bss_start__ = _sbss
 *(.bss)
 .bss           0x20000040       0x1c C:/ST/STM32CubeIDE_1.19.0/STM32CubeIDE/plugins/com.st.stm32cube.ide.mcu.externaltools.gnu-tools-for-stm32.13.3.rel1.win32_1.0.0.202411081344/tools/bin/../lib/gcc/arm-none-eabi/13.3.1/thumb/v6-m/nofp/crtbegin.o
 *(.bss*)
 .bss.uart1RxData
                0x2000005c       0x1a ./Core/Src/main.o
                0x2000005c                uart1RxData
 *fill*         0x20000076        0x2 
 .bss.uart2RxData
                0x20000078       0x1a ./Core/Src/main.o
                0x20000078                uart2RxData
 .bss.uart2_rx_byte
                0x20000092        0x1 ./Core/Src/main.o
                0x20000092                uart2_rx_byte
 .bss.uart1_rx_byte
                0x20000093        0x1 ./Core/Src/main.o
                0x20000093                uart1_rx_byte
 .bss.uart1rxcount
                0x20000094        0x2 ./Core/Src/main.o
                0x20000094                uart1rxcount
 .bss.uart2rxcount
                0x20000096        0x2 ./Core/Src/main.o
                0x20000096                uart2rxcount
 .bss.raw1      0x20000098        0x4 ./Core/Src/main.o
                0x20000098                raw1
 .bss.status    0x2000009c        0x1 ./Core/Src/main.o
                0x2000009c                status
 *fill*         0x2000009d        0x3 
 .bss.voltageReading0
                0x200000a0        0x4 ./Core/Src/main.o
                0x200000a0                voltageReading0
 .bss.uart1crc  0x200000a4        0x2 ./Core/Src/main.o
                0x200000a4                uart1crc
 .bss.uart2crc  0x200000a6        0x2 ./Core/Src/main.o
                0x200000a6                uart2crc
 .bss.conversion_mode1
                0x200000a8        0x1 ./Core/Src/main.o
                0x200000a8                conversion_mode1
 *fill*         0x200000a9        0x3 
 .bss.supply    0x200000ac       0x20 ./Core/Src/main.o
                0x200000ac                supply
 .bss.Holding_Registers_Database
                0x200000cc      0x190 ./Core/Src/main.o
                0x200000cc                Holding_Registers_Database
 .bss.uart2_rx_rb
                0x2000025c       0x1e ./Core/Src/main.o
                0x2000025c                uart2_rx_rb
 *fill*         0x2000027a        0x2 
 .bss.uart1_rx_rb
                0x2000027c       0x1e ./Core/Src/main.o
                0x2000027c                uart1_rx_rb
 *fill*         0x2000029a        0x2 
 .bss.hspi1     0x2000029c       0x64 ./Core/Src/main.o
                0x2000029c                hspi1
 .bss.hspi2     0x20000300       0x64 ./Core/Src/main.o
                0x20000300                hspi2
 .bss.huart1    0x20000364       0x88 ./Core/Src/main.o
                0x20000364                huart1
 .bss.huart2    0x200003ec       0x88 ./Core/Src/main.o
                0x200003ec                huart2
 .bss.enbit     0x20000474        0x2 ./Core/Src/main.o
                0x20000474                enbit
 .bss.uart1len  0x20000476        0x2 ./Core/Src/main.o
 .bss.uart2len  0x20000478        0x2 ./Core/Src/main.o
 *fill*         0x2000047a        0x2 
 .bss.channal   0x2000047c        0x4 ./Core/Src/main.o
                0x2000047c                channal
 .bss.prevBaudRate.2
                0x20000480        0x4 ./Core/Src/main.o
 .bss.all_set.1
                0x20000484        0x1 ./Core/Src/main.o
 .bss.all_set.0
                0x20000485        0x1 ./Core/Src/main.o
 .bss.startAddr
                0x20000486        0x2 ./Core/Src/modbus485.o
                0x20000486                startAddr
 .bss.numRegs   0x20000488        0x2 ./Core/Src/modbus485.o
                0x20000488                numRegs
 *fill*         0x2000048a        0x2 
 .bss.TxData    0x2000048c       0xce ./Core/Src/modbus485.o
                0x2000048c                TxData
 .bss.is_configured
                0x2000055a        0x1 ./Core/Src/storage.o
                0x2000055a                is_configured
 *fill*         0x2000055b        0x1 
 .bss.uwTick    0x2000055c        0x4 ./Drivers/STM32F0xx_HAL_Driver/Src/stm32f0xx_hal.o
                0x2000055c                uwTick
 .bss.pFlash    0x20000560       0x20 ./Drivers/STM32F0xx_HAL_Driver/Src/stm32f0xx_hal_flash.o
                0x20000560                pFlash
 *(COMMON)
                0x20000580                        . = ALIGN (0x4)
                0x20000580                        _ebss = .
                0x20000580                        __bss_end__ = _ebss

._user_heap_stack
                0x20000580      0x600 load address 0x08007eb8
                0x20000580                        . = ALIGN (0x8)
                [!provide]                        PROVIDE (end = .)
                0x20000580                        PROVIDE (_end = .)
                0x20000780                        . = (. + _Min_Heap_Size)
 *fill*         0x20000580      0x200 
                0x20000b80                        . = (. + _Min_Stack_Size)
 *fill*         0x20000780      0x400 
                0x20000b80                        . = ALIGN (0x8)

/DISCARD/
 libc.a(*)
 libm.a(*)
 libgcc.a(*)

.ARM.attributes
                0x00000000       0x28
 *(.ARM.attributes)
 .ARM.attributes
                0x00000000       0x1e C:/ST/STM32CubeIDE_1.19.0/STM32CubeIDE/plugins/com.st.stm32cube.ide.mcu.externaltools.gnu-tools-for-stm32.13.3.rel1.win32_1.0.0.202411081344/tools/bin/../lib/gcc/arm-none-eabi/13.3.1/thumb/v6-m/nofp/crti.o
 .ARM.attributes
                0x0000001e       0x2c C:/ST/STM32CubeIDE_1.19.0/STM32CubeIDE/plugins/com.st.stm32cube.ide.mcu.externaltools.gnu-tools-for-stm32.13.3.rel1.win32_1.0.0.202411081344/tools/bin/../lib/gcc/arm-none-eabi/13.3.1/thumb/v6-m/nofp/crtbegin.o
 .ARM.attributes
                0x0000004a       0x2c ./Core/Src/ADS1247.o
 .ARM.attributes
                0x00000076       0x2c ./Core/Src/HC595.o
 .ARM.attributes
                0x000000a2       0x2c ./Core/Src/dipswitch.o
 .ARM.attributes
                0x000000ce       0x2c ./Core/Src/main.o
 .ARM.attributes
                0x000000fa       0x2c ./Core/Src/modbus485.o
 .ARM.attributes
                0x00000126       0x2c ./Core/Src/stm32f0xx_hal_msp.o
 .ARM.attributes
                0x00000152       0x2c ./Core/Src/stm32f0xx_it.o
 .ARM.attributes
                0x0000017e       0x2c ./Core/Src/storage.o
 .ARM.attributes
                0x000001aa       0x2c ./Core/Src/system_stm32f0xx.o
 .ARM.attributes
                0x000001d6       0x21 ./Core/Startup/startup_stm32f030r8tx.o
 .ARM.attributes
                0x000001f7       0x2c ./Drivers/STM32F0xx_HAL_Driver/Src/stm32f0xx_hal.o
 .ARM.attributes
                0x00000223       0x2c ./Drivers/STM32F0xx_HAL_Driver/Src/stm32f0xx_hal_cortex.o
 .ARM.attributes
                0x0000024f       0x2c ./Drivers/STM32F0xx_HAL_Driver/Src/stm32f0xx_hal_dma.o
 .ARM.attributes
                0x0000027b       0x2c ./Drivers/STM32F0xx_HAL_Driver/Src/stm32f0xx_hal_flash.o
 .ARM.attributes
                0x000002a7       0x2c ./Drivers/STM32F0xx_HAL_Driver/Src/stm32f0xx_hal_flash_ex.o
 .ARM.attributes
                0x000002d3       0x2c ./Drivers/STM32F0xx_HAL_Driver/Src/stm32f0xx_hal_gpio.o
 .ARM.attributes
                0x000002ff       0x2c ./Drivers/STM32F0xx_HAL_Driver/Src/stm32f0xx_hal_rcc.o
 .ARM.attributes
                0x0000032b       0x2c ./Drivers/STM32F0xx_HAL_Driver/Src/stm32f0xx_hal_rcc_ex.o
 .ARM.attributes
                0x00000357       0x2c ./Drivers/STM32F0xx_HAL_Driver/Src/stm32f0xx_hal_spi.o
 .ARM.attributes
                0x00000383       0x2c ./Drivers/STM32F0xx_HAL_Driver/Src/stm32f0xx_hal_uart.o
 .ARM.attributes
                0x000003af       0x2c C:/ST/STM32CubeIDE_1.19.0/STM32CubeIDE/plugins/com.st.stm32cube.ide.mcu.externaltools.gnu-tools-for-stm32.13.3.rel1.win32_1.0.0.202411081344/tools/bin/../lib/gcc/arm-none-eabi/13.3.1/../../../../arm-none-eabi/lib/thumb/v6-m/nofp\libc_nano.a(libc_a-memcmp.o)
 .ARM.attributes
                0x000003db       0x2c C:/ST/STM32CubeIDE_1.19.0/STM32CubeIDE/plugins/com.st.stm32cube.ide.mcu.externaltools.gnu-tools-for-stm32.13.3.rel1.win32_1.0.0.202411081344/tools/bin/../lib/gcc/arm-none-eabi/13.3.1/../../../../arm-none-eabi/lib/thumb/v6-m/nofp\libc_nano.a(libc_a-memset.o)
 .ARM.attributes
                0x00000407       0x2c C:/ST/STM32CubeIDE_1.19.0/STM32CubeIDE/plugins/com.st.stm32cube.ide.mcu.externaltools.gnu-tools-for-stm32.13.3.rel1.win32_1.0.0.202411081344/tools/bin/../lib/gcc/arm-none-eabi/13.3.1/../../../../arm-none-eabi/lib/thumb/v6-m/nofp\libc_nano.a(libc_a-init.o)
 .ARM.attributes
                0x00000433       0x2c C:/ST/STM32CubeIDE_1.19.0/STM32CubeIDE/plugins/com.st.stm32cube.ide.mcu.externaltools.gnu-tools-for-stm32.13.3.rel1.win32_1.0.0.202411081344/tools/bin/../lib/gcc/arm-none-eabi/13.3.1/../../../../arm-none-eabi/lib/thumb/v6-m/nofp\libc_nano.a(libc_a-memcpy-stub.o)
 .ARM.attributes
                0x0000045f       0x1e C:/ST/STM32CubeIDE_1.19.0/STM32CubeIDE/plugins/com.st.stm32cube.ide.mcu.externaltools.gnu-tools-for-stm32.13.3.rel1.win32_1.0.0.202411081344/tools/bin/../lib/gcc/arm-none-eabi/13.3.1/thumb/v6-m/nofp\libgcc.a(_udivsi3.o)
 .ARM.attributes
                0x0000047d       0x1e C:/ST/STM32CubeIDE_1.19.0/STM32CubeIDE/plugins/com.st.stm32cube.ide.mcu.externaltools.gnu-tools-for-stm32.13.3.rel1.win32_1.0.0.202411081344/tools/bin/../lib/gcc/arm-none-eabi/13.3.1/thumb/v6-m/nofp\libgcc.a(_divsi3.o)
 .ARM.attributes
                0x0000049b       0x1e C:/ST/STM32CubeIDE_1.19.0/STM32CubeIDE/plugins/com.st.stm32cube.ide.mcu.externaltools.gnu-tools-for-stm32.13.3.rel1.win32_1.0.0.202411081344/tools/bin/../lib/gcc/arm-none-eabi/13.3.1/thumb/v6-m/nofp\libgcc.a(_dvmd_tls.o)
 .ARM.attributes
                0x000004b9       0x1e C:/ST/STM32CubeIDE_1.19.0/STM32CubeIDE/plugins/com.st.stm32cube.ide.mcu.externaltools.gnu-tools-for-stm32.13.3.rel1.win32_1.0.0.202411081344/tools/bin/../lib/gcc/arm-none-eabi/13.3.1/thumb/v6-m/nofp\libgcc.a(_arm_cmpsf2.o)
 .ARM.attributes
                0x000004d7       0x2c C:/ST/STM32CubeIDE_1.19.0/STM32CubeIDE/plugins/com.st.stm32cube.ide.mcu.externaltools.gnu-tools-for-stm32.13.3.rel1.win32_1.0.0.202411081344/tools/bin/../lib/gcc/arm-none-eabi/13.3.1/thumb/v6-m/nofp\libgcc.a(divsf3.o)
 .ARM.attributes
                0x00000503       0x2c C:/ST/STM32CubeIDE_1.19.0/STM32CubeIDE/plugins/com.st.stm32cube.ide.mcu.externaltools.gnu-tools-for-stm32.13.3.rel1.win32_1.0.0.202411081344/tools/bin/../lib/gcc/arm-none-eabi/13.3.1/thumb/v6-m/nofp\libgcc.a(eqsf2.o)
 .ARM.attributes
                0x0000052f       0x2c C:/ST/STM32CubeIDE_1.19.0/STM32CubeIDE/plugins/com.st.stm32cube.ide.mcu.externaltools.gnu-tools-for-stm32.13.3.rel1.win32_1.0.0.202411081344/tools/bin/../lib/gcc/arm-none-eabi/13.3.1/thumb/v6-m/nofp\libgcc.a(gesf2.o)
 .ARM.attributes
                0x0000055b       0x2c C:/ST/STM32CubeIDE_1.19.0/STM32CubeIDE/plugins/com.st.stm32cube.ide.mcu.externaltools.gnu-tools-for-stm32.13.3.rel1.win32_1.0.0.202411081344/tools/bin/../lib/gcc/arm-none-eabi/13.3.1/thumb/v6-m/nofp\libgcc.a(lesf2.o)
 .ARM.attributes
                0x00000587       0x2c C:/ST/STM32CubeIDE_1.19.0/STM32CubeIDE/plugins/com.st.stm32cube.ide.mcu.externaltools.gnu-tools-for-stm32.13.3.rel1.win32_1.0.0.202411081344/tools/bin/../lib/gcc/arm-none-eabi/13.3.1/thumb/v6-m/nofp\libgcc.a(mulsf3.o)
 .ARM.attributes
                0x000005b3       0x2c C:/ST/STM32CubeIDE_1.19.0/STM32CubeIDE/plugins/com.st.stm32cube.ide.mcu.externaltools.gnu-tools-for-stm32.13.3.rel1.win32_1.0.0.202411081344/tools/bin/../lib/gcc/arm-none-eabi/13.3.1/thumb/v6-m/nofp\libgcc.a(floatsisf.o)
 .ARM.attributes
                0x000005df       0x2c C:/ST/STM32CubeIDE_1.19.0/STM32CubeIDE/plugins/com.st.stm32cube.ide.mcu.externaltools.gnu-tools-for-stm32.13.3.rel1.win32_1.0.0.202411081344/tools/bin/../lib/gcc/arm-none-eabi/13.3.1/thumb/v6-m/nofp\libgcc.a(floatunsisf.o)
 .ARM.attributes
                0x0000060b       0x2c C:/ST/STM32CubeIDE_1.19.0/STM32CubeIDE/plugins/com.st.stm32cube.ide.mcu.externaltools.gnu-tools-for-stm32.13.3.rel1.win32_1.0.0.202411081344/tools/bin/../lib/gcc/arm-none-eabi/13.3.1/thumb/v6-m/nofp\libgcc.a(subdf3.o)
 .ARM.attributes
                0x00000637       0x2c C:/ST/STM32CubeIDE_1.19.0/STM32CubeIDE/plugins/com.st.stm32cube.ide.mcu.externaltools.gnu-tools-for-stm32.13.3.rel1.win32_1.0.0.202411081344/tools/bin/../lib/gcc/arm-none-eabi/13.3.1/thumb/v6-m/nofp\libgcc.a(extendsfdf2.o)
 .ARM.attributes
                0x00000663       0x2c C:/ST/STM32CubeIDE_1.19.0/STM32CubeIDE/plugins/com.st.stm32cube.ide.mcu.externaltools.gnu-tools-for-stm32.13.3.rel1.win32_1.0.0.202411081344/tools/bin/../lib/gcc/arm-none-eabi/13.3.1/thumb/v6-m/nofp\libgcc.a(truncdfsf2.o)
 .ARM.attributes
                0x0000068f       0x1e C:/ST/STM32CubeIDE_1.19.0/STM32CubeIDE/plugins/com.st.stm32cube.ide.mcu.externaltools.gnu-tools-for-stm32.13.3.rel1.win32_1.0.0.202411081344/tools/bin/../lib/gcc/arm-none-eabi/13.3.1/thumb/v6-m/nofp\libgcc.a(_clzsi2.o)
 .ARM.attributes
                0x000006ad       0x1e C:/ST/STM32CubeIDE_1.19.0/STM32CubeIDE/plugins/com.st.stm32cube.ide.mcu.externaltools.gnu-tools-for-stm32.13.3.rel1.win32_1.0.0.202411081344/tools/bin/../lib/gcc/arm-none-eabi/13.3.1/thumb/v6-m/nofp/crtn.o
OUTPUT(AI_PROJECT.elf elf32-littlearm)
LOAD linker stubs
LOAD C:/ST/STM32CubeIDE_1.19.0/STM32CubeIDE/plugins/com.st.stm32cube.ide.mcu.externaltools.gnu-tools-for-stm32.13.3.rel1.win32_1.0.0.202411081344/tools/bin/../lib/gcc/arm-none-eabi/13.3.1/../../../../arm-none-eabi/lib/thumb/v6-m/nofp\libc.a
LOAD C:/ST/STM32CubeIDE_1.19.0/STM32CubeIDE/plugins/com.st.stm32cube.ide.mcu.externaltools.gnu-tools-for-stm32.13.3.rel1.win32_1.0.0.202411081344/tools/bin/../lib/gcc/arm-none-eabi/13.3.1/../../../../arm-none-eabi/lib/thumb/v6-m/nofp\libm.a
LOAD C:/ST/STM32CubeIDE_1.19.0/STM32CubeIDE/plugins/com.st.stm32cube.ide.mcu.externaltools.gnu-tools-for-stm32.13.3.rel1.win32_1.0.0.202411081344/tools/bin/../lib/gcc/arm-none-eabi/13.3.1/thumb/v6-m/nofp\libgcc.a

.debug_info     0x00000000     0xdc78
 .debug_info    0x00000000      0xd9c ./Core/Src/ADS1247.o
 .debug_info    0x00000d9c      0x21a ./Core/Src/HC595.o
 .debug_info    0x00000fb6      0x8d2 ./Core/Src/dipswitch.o
 .debug_info    0x00001888     0x1aa9 ./Core/Src/main.o
 .debug_info    0x00003331      0x9eb ./Core/Src/modbus485.o
 .debug_info    0x00003d1c      0xd8b ./Core/Src/stm32f0xx_hal_msp.o
 .debug_info    0x00004aa7      0x9e0 ./Core/Src/stm32f0xx_it.o
 .debug_info    0x00005487      0x3ec ./Core/Src/storage.o
 .debug_info    0x00005873      0x242 ./Core/Src/system_stm32f0xx.o
 .debug_info    0x00005ab5       0x30 ./Core/Startup/startup_stm32f030r8tx.o
 .debug_info    0x00005ae5      0x670 ./Drivers/STM32F0xx_HAL_Driver/Src/stm32f0xx_hal.o
 .debug_info    0x00006155      0x69b ./Drivers/STM32F0xx_HAL_Driver/Src/stm32f0xx_hal_cortex.o
 .debug_info    0x000067f0      0x700 ./Drivers/STM32F0xx_HAL_Driver/Src/stm32f0xx_hal_dma.o
 .debug_info    0x00006ef0      0x4fc ./Drivers/STM32F0xx_HAL_Driver/Src/stm32f0xx_hal_flash.o
 .debug_info    0x000073ec      0x6e6 ./Drivers/STM32F0xx_HAL_Driver/Src/stm32f0xx_hal_flash_ex.o
 .debug_info    0x00007ad2      0x5c3 ./Drivers/STM32F0xx_HAL_Driver/Src/stm32f0xx_hal_gpio.o
 .debug_info    0x00008095      0x844 ./Drivers/STM32F0xx_HAL_Driver/Src/stm32f0xx_hal_rcc.o
 .debug_info    0x000088d9      0x35d ./Drivers/STM32F0xx_HAL_Driver/Src/stm32f0xx_hal_rcc_ex.o
 .debug_info    0x00008c36     0x1618 ./Drivers/STM32F0xx_HAL_Driver/Src/stm32f0xx_hal_spi.o
 .debug_info    0x0000a24e     0x3a2a ./Drivers/STM32F0xx_HAL_Driver/Src/stm32f0xx_hal_uart.o

.debug_abbrev   0x00000000     0x2800
 .debug_abbrev  0x00000000      0x258 ./Core/Src/ADS1247.o
 .debug_abbrev  0x00000258      0x13a ./Core/Src/HC595.o
 .debug_abbrev  0x00000392      0x1e7 ./Core/Src/dipswitch.o
 .debug_abbrev  0x00000579      0x401 ./Core/Src/main.o
 .debug_abbrev  0x0000097a      0x211 ./Core/Src/modbus485.o
 .debug_abbrev  0x00000b8b      0x1f5 ./Core/Src/stm32f0xx_hal_msp.o
 .debug_abbrev  0x00000d80      0x184 ./Core/Src/stm32f0xx_it.o
 .debug_abbrev  0x00000f04      0x1cb ./Core/Src/storage.o
 .debug_abbrev  0x000010cf      0x11c ./Core/Src/system_stm32f0xx.o
 .debug_abbrev  0x000011eb       0x24 ./Core/Startup/startup_stm32f030r8tx.o
 .debug_abbrev  0x0000120f      0x24b ./Drivers/STM32F0xx_HAL_Driver/Src/stm32f0xx_hal.o
 .debug_abbrev  0x0000145a      0x28c ./Drivers/STM32F0xx_HAL_Driver/Src/stm32f0xx_hal_cortex.o
 .debug_abbrev  0x000016e6      0x1ef ./Drivers/STM32F0xx_HAL_Driver/Src/stm32f0xx_hal_dma.o
 .debug_abbrev  0x000018d5      0x226 ./Drivers/STM32F0xx_HAL_Driver/Src/stm32f0xx_hal_flash.o
 .debug_abbrev  0x00001afb      0x212 ./Drivers/STM32F0xx_HAL_Driver/Src/stm32f0xx_hal_flash_ex.o
 .debug_abbrev  0x00001d0d      0x1c8 ./Drivers/STM32F0xx_HAL_Driver/Src/stm32f0xx_hal_gpio.o
 .debug_abbrev  0x00001ed5      0x28b ./Drivers/STM32F0xx_HAL_Driver/Src/stm32f0xx_hal_rcc.o
 .debug_abbrev  0x00002160      0x16f ./Drivers/STM32F0xx_HAL_Driver/Src/stm32f0xx_hal_rcc_ex.o
 .debug_abbrev  0x000022cf      0x265 ./Drivers/STM32F0xx_HAL_Driver/Src/stm32f0xx_hal_spi.o
 .debug_abbrev  0x00002534      0x2cc ./Drivers/STM32F0xx_HAL_Driver/Src/stm32f0xx_hal_uart.o

.debug_aranges  0x00000000      0xb48
 .debug_aranges
                0x00000000       0x60 ./Core/Src/ADS1247.o
 .debug_aranges
                0x00000060       0x28 ./Core/Src/HC595.o
 .debug_aranges
                0x00000088       0x80 ./Core/Src/dipswitch.o
 .debug_aranges
                0x00000108       0xa0 ./Core/Src/main.o
 .debug_aranges
                0x000001a8       0x30 ./Core/Src/modbus485.o
 .debug_aranges
                0x000001d8       0x40 ./Core/Src/stm32f0xx_hal_msp.o
 .debug_aranges
                0x00000218       0x70 ./Core/Src/stm32f0xx_it.o
 .debug_aranges
                0x00000288       0x40 ./Core/Src/storage.o
 .debug_aranges
                0x000002c8       0x28 ./Core/Src/system_stm32f0xx.o
 .debug_aranges
                0x000002f0       0x28 ./Core/Startup/startup_stm32f030r8tx.o
 .debug_aranges
                0x00000318       0xd0 ./Drivers/STM32F0xx_HAL_Driver/Src/stm32f0xx_hal.o
 .debug_aranges
                0x000003e8       0xc0 ./Drivers/STM32F0xx_HAL_Driver/Src/stm32f0xx_hal_cortex.o
 .debug_aranges
                0x000004a8       0x88 ./Drivers/STM32F0xx_HAL_Driver/Src/stm32f0xx_hal_dma.o
 .debug_aranges
                0x00000530       0x88 ./Drivers/STM32F0xx_HAL_Driver/Src/stm32f0xx_hal_flash.o
 .debug_aranges
                0x000005b8       0x98 ./Drivers/STM32F0xx_HAL_Driver/Src/stm32f0xx_hal_flash_ex.o
 .debug_aranges
                0x00000650       0x58 ./Drivers/STM32F0xx_HAL_Driver/Src/stm32f0xx_hal_gpio.o
 .debug_aranges
                0x000006a8       0x80 ./Drivers/STM32F0xx_HAL_Driver/Src/stm32f0xx_hal_rcc.o
 .debug_aranges
                0x00000728       0x30 ./Drivers/STM32F0xx_HAL_Driver/Src/stm32f0xx_hal_rcc_ex.o
 .debug_aranges
                0x00000758      0x1d8 ./Drivers/STM32F0xx_HAL_Driver/Src/stm32f0xx_hal_spi.o
 .debug_aranges
                0x00000930      0x218 ./Drivers/STM32F0xx_HAL_Driver/Src/stm32f0xx_hal_uart.o

.debug_rnglists
                0x00000000      0x8a5
 .debug_rnglists
                0x00000000       0x49 ./Core/Src/ADS1247.o
 .debug_rnglists
                0x00000049       0x19 ./Core/Src/HC595.o
 .debug_rnglists
                0x00000062       0x5b ./Core/Src/dipswitch.o
 .debug_rnglists
                0x000000bd       0x7b ./Core/Src/main.o
 .debug_rnglists
                0x00000138       0x22 ./Core/Src/modbus485.o
 .debug_rnglists
                0x0000015a       0x2d ./Core/Src/stm32f0xx_hal_msp.o
 .debug_rnglists
                0x00000187       0x4f ./Core/Src/stm32f0xx_it.o
 .debug_rnglists
                0x000001d6       0x2c ./Core/Src/storage.o
 .debug_rnglists
                0x00000202       0x1a ./Core/Src/system_stm32f0xx.o
 .debug_rnglists
                0x0000021c       0x19 ./Core/Startup/startup_stm32f030r8tx.o
 .debug_rnglists
                0x00000235       0x97 ./Drivers/STM32F0xx_HAL_Driver/Src/stm32f0xx_hal.o
 .debug_rnglists
                0x000002cc       0x8c ./Drivers/STM32F0xx_HAL_Driver/Src/stm32f0xx_hal_cortex.o
 .debug_rnglists
                0x00000358       0x6a ./Drivers/STM32F0xx_HAL_Driver/Src/stm32f0xx_hal_dma.o
 .debug_rnglists
                0x000003c2       0x65 ./Drivers/STM32F0xx_HAL_Driver/Src/stm32f0xx_hal_flash.o
 .debug_rnglists
                0x00000427       0x76 ./Drivers/STM32F0xx_HAL_Driver/Src/stm32f0xx_hal_flash_ex.o
 .debug_rnglists
                0x0000049d       0x3f ./Drivers/STM32F0xx_HAL_Driver/Src/stm32f0xx_hal_gpio.o
 .debug_rnglists
                0x000004dc       0x60 ./Drivers/STM32F0xx_HAL_Driver/Src/stm32f0xx_hal_rcc.o
 .debug_rnglists
                0x0000053c       0x21 ./Drivers/STM32F0xx_HAL_Driver/Src/stm32f0xx_hal_rcc_ex.o
 .debug_rnglists
                0x0000055d      0x17a ./Drivers/STM32F0xx_HAL_Driver/Src/stm32f0xx_hal_spi.o
 .debug_rnglists
                0x000006d7      0x1ce ./Drivers/STM32F0xx_HAL_Driver/Src/stm32f0xx_hal_uart.o

.debug_macro    0x00000000    0x110da
 .debug_macro   0x00000000      0x297 ./Core/Src/ADS1247.o
 .debug_macro   0x00000297      0xaae ./Core/Src/ADS1247.o
 .debug_macro   0x00000d45      0x133 ./Core/Src/ADS1247.o
 .debug_macro   0x00000e78       0x2e ./Core/Src/ADS1247.o
 .debug_macro   0x00000ea6       0x22 ./Core/Src/ADS1247.o
 .debug_macro   0x00000ec8       0x22 ./Core/Src/ADS1247.o
 .debug_macro   0x00000eea       0x8e ./Core/Src/ADS1247.o
 .debug_macro   0x00000f78       0x51 ./Core/Src/ADS1247.o
 .debug_macro   0x00000fc9      0x103 ./Core/Src/ADS1247.o
 .debug_macro   0x000010cc       0x6a ./Core/Src/ADS1247.o
 .debug_macro   0x00001136      0x1df ./Core/Src/ADS1247.o
 .debug_macro   0x00001315       0x1c ./Core/Src/ADS1247.o
 .debug_macro   0x00001331       0x22 ./Core/Src/ADS1247.o
 .debug_macro   0x00001353       0xaf ./Core/Src/ADS1247.o
 .debug_macro   0x00001402      0x391 ./Core/Src/ADS1247.o
 .debug_macro   0x00001793     0x6f47 ./Core/Src/ADS1247.o
 .debug_macro   0x000086da       0x66 ./Core/Src/ADS1247.o
 .debug_macro   0x00008740     0x34da ./Core/Src/ADS1247.o
 .debug_macro   0x0000bc1a      0x190 ./Core/Src/ADS1247.o
 .debug_macro   0x0000bdaa       0x55 ./Core/Src/ADS1247.o
 .debug_macro   0x0000bdff      0x924 ./Core/Src/ADS1247.o
 .debug_macro   0x0000c723      0x17f ./Core/Src/ADS1247.o
 .debug_macro   0x0000c8a2      0x1ae ./Core/Src/ADS1247.o
 .debug_macro   0x0000ca50       0xd8 ./Core/Src/ADS1247.o
 .debug_macro   0x0000cb28      0x1a0 ./Core/Src/ADS1247.o
 .debug_macro   0x0000ccc8      0x1ed ./Core/Src/ADS1247.o
 .debug_macro   0x0000ceb5       0x34 ./Core/Src/ADS1247.o
 .debug_macro   0x0000cee9       0x43 ./Core/Src/ADS1247.o
 .debug_macro   0x0000cf2c       0x28 ./Core/Src/ADS1247.o
 .debug_macro   0x0000cf54       0xb0 ./Core/Src/ADS1247.o
 .debug_macro   0x0000d004      0x199 ./Core/Src/ADS1247.o
 .debug_macro   0x0000d19d      0x22c ./Core/Src/ADS1247.o
 .debug_macro   0x0000d3c9       0x61 ./Core/Src/ADS1247.o
 .debug_macro   0x0000d42a       0xa5 ./Core/Src/ADS1247.o
 .debug_macro   0x0000d4cf       0x4c ./Core/Src/ADS1247.o
 .debug_macro   0x0000d51b       0x2b ./Core/Src/ADS1247.o
 .debug_macro   0x0000d546      0x2fe ./Core/Src/ADS1247.o
 .debug_macro   0x0000d844      0x56d ./Core/Src/ADS1247.o
 .debug_macro   0x0000ddb1       0x3e ./Core/Src/ADS1247.o
 .debug_macro   0x0000ddef       0xff ./Core/Src/ADS1247.o
 .debug_macro   0x0000deee       0x82 ./Core/Src/ADS1247.o
 .debug_macro   0x0000df70       0x22 ./Core/Src/ADS1247.o
 .debug_macro   0x0000df92      0x12d ./Core/Src/ADS1247.o
 .debug_macro   0x0000e0bf       0xd6 ./Core/Src/ADS1247.o
 .debug_macro   0x0000e195       0x61 ./Core/Src/ADS1247.o
 .debug_macro   0x0000e1f6       0x24 ./Core/Src/ADS1247.o
 .debug_macro   0x0000e21a       0x43 ./Core/Src/ADS1247.o
 .debug_macro   0x0000e25d       0x34 ./Core/Src/ADS1247.o
 .debug_macro   0x0000e291      0x370 ./Core/Src/ADS1247.o
 .debug_macro   0x0000e601       0x16 ./Core/Src/ADS1247.o
 .debug_macro   0x0000e617       0x4a ./Core/Src/ADS1247.o
 .debug_macro   0x0000e661       0x34 ./Core/Src/ADS1247.o
 .debug_macro   0x0000e695       0x10 ./Core/Src/ADS1247.o
 .debug_macro   0x0000e6a5       0x58 ./Core/Src/ADS1247.o
 .debug_macro   0x0000e6fd       0x8e ./Core/Src/ADS1247.o
 .debug_macro   0x0000e78b       0x1c ./Core/Src/ADS1247.o
 .debug_macro   0x0000e7a7      0x185 ./Core/Src/ADS1247.o
 .debug_macro   0x0000e92c      0x19b ./Core/Src/ADS1247.o
 .debug_macro   0x0000eac7      0x1cb ./Core/Src/HC595.o
 .debug_macro   0x0000ec92       0x2e ./Core/Src/HC595.o
 .debug_macro   0x0000ecc0      0x1ec ./Core/Src/dipswitch.o
 .debug_macro   0x0000eeac      0x2d2 ./Core/Src/main.o
 .debug_macro   0x0000f17e       0x10 ./Core/Src/main.o
 .debug_macro   0x0000f18e       0x22 ./Core/Src/main.o
 .debug_macro   0x0000f1b0       0x10 ./Core/Src/main.o
 .debug_macro   0x0000f1c0       0x3c ./Core/Src/main.o
 .debug_macro   0x0000f1fc       0x20 ./Core/Src/main.o
 .debug_macro   0x0000f21c      0x2ba ./Core/Src/modbus485.o
 .debug_macro   0x0000f4d6       0x5b ./Core/Src/modbus485.o
 .debug_macro   0x0000f531       0x94 ./Core/Src/modbus485.o
 .debug_macro   0x0000f5c5       0x57 ./Core/Src/modbus485.o
 .debug_macro   0x0000f61c       0x4f ./Core/Src/modbus485.o
 .debug_macro   0x0000f66b      0x1ec ./Core/Src/stm32f0xx_hal_msp.o
 .debug_macro   0x0000f857      0x1f6 ./Core/Src/stm32f0xx_it.o
 .debug_macro   0x0000fa4d      0x2c3 ./Core/Src/storage.o
 .debug_macro   0x0000fd10      0x1c2 ./Core/Src/system_stm32f0xx.o
 .debug_macro   0x0000fed2      0x1e6 ./Drivers/STM32F0xx_HAL_Driver/Src/stm32f0xx_hal.o
 .debug_macro   0x000100b8      0x1c2 ./Drivers/STM32F0xx_HAL_Driver/Src/stm32f0xx_hal_cortex.o
 .debug_macro   0x0001027a      0x1c2 ./Drivers/STM32F0xx_HAL_Driver/Src/stm32f0xx_hal_dma.o
 .debug_macro   0x0001043c      0x1c2 ./Drivers/STM32F0xx_HAL_Driver/Src/stm32f0xx_hal_flash.o
 .debug_macro   0x000105fe      0x1d4 ./Drivers/STM32F0xx_HAL_Driver/Src/stm32f0xx_hal_flash_ex.o
 .debug_macro   0x000107d2      0x1c9 ./Drivers/STM32F0xx_HAL_Driver/Src/stm32f0xx_hal_gpio.o
 .debug_macro   0x0001099b      0x1d4 ./Drivers/STM32F0xx_HAL_Driver/Src/stm32f0xx_hal_rcc.o
 .debug_macro   0x00010b6f      0x1c2 ./Drivers/STM32F0xx_HAL_Driver/Src/stm32f0xx_hal_rcc_ex.o
 .debug_macro   0x00010d31      0x1ca ./Drivers/STM32F0xx_HAL_Driver/Src/stm32f0xx_hal_spi.o
 .debug_macro   0x00010efb      0x1df ./Drivers/STM32F0xx_HAL_Driver/Src/stm32f0xx_hal_uart.o

.debug_line     0x00000000    0x1046e
 .debug_line    0x00000000      0xca1 ./Core/Src/ADS1247.o
 .debug_line    0x00000ca1      0x78c ./Core/Src/HC595.o
 .debug_line    0x0000142d      0x8e1 ./Core/Src/dipswitch.o
 .debug_line    0x00001d0e     0x11b3 ./Core/Src/main.o
 .debug_line    0x00002ec1      0xb3c ./Core/Src/modbus485.o
 .debug_line    0x000039fd      0x899 ./Core/Src/stm32f0xx_hal_msp.o
 .debug_line    0x00004296      0x875 ./Core/Src/stm32f0xx_it.o
 .debug_line    0x00004b0b      0x9ff ./Core/Src/storage.o
 .debug_line    0x0000550a      0x7d2 ./Core/Src/system_stm32f0xx.o
 .debug_line    0x00005cdc       0x7b ./Core/Startup/startup_stm32f030r8tx.o
 .debug_line    0x00005d57      0x9e1 ./Drivers/STM32F0xx_HAL_Driver/Src/stm32f0xx_hal.o
 .debug_line    0x00006738      0xa89 ./Drivers/STM32F0xx_HAL_Driver/Src/stm32f0xx_hal_cortex.o
 .debug_line    0x000071c1      0xce5 ./Drivers/STM32F0xx_HAL_Driver/Src/stm32f0xx_hal_dma.o
 .debug_line    0x00007ea6      0xa94 ./Drivers/STM32F0xx_HAL_Driver/Src/stm32f0xx_hal_flash.o
 .debug_line    0x0000893a      0xb87 ./Drivers/STM32F0xx_HAL_Driver/Src/stm32f0xx_hal_flash_ex.o
 .debug_line    0x000094c1      0xb46 ./Drivers/STM32F0xx_HAL_Driver/Src/stm32f0xx_hal_gpio.o
 .debug_line    0x0000a007      0xe72 ./Drivers/STM32F0xx_HAL_Driver/Src/stm32f0xx_hal_rcc.o
 .debug_line    0x0000ae79      0x949 ./Drivers/STM32F0xx_HAL_Driver/Src/stm32f0xx_hal_rcc_ex.o
 .debug_line    0x0000b7c2     0x2042 ./Drivers/STM32F0xx_HAL_Driver/Src/stm32f0xx_hal_spi.o
 .debug_line    0x0000d804     0x2c6a ./Drivers/STM32F0xx_HAL_Driver/Src/stm32f0xx_hal_uart.o

.debug_str      0x00000000    0x6088b
 .debug_str     0x00000000    0x6088b ./Core/Src/ADS1247.o
                              0x5de52 (size before relaxing)
 .debug_str     0x0006088b    0x59369 ./Core/Src/HC595.o
 .debug_str     0x0006088b    0x5a088 ./Core/Src/dipswitch.o
 .debug_str     0x0006088b    0x5dec6 ./Core/Src/main.o
 .debug_str     0x0006088b    0x5d2e8 ./Core/Src/modbus485.o
 .debug_str     0x0006088b    0x5a3e1 ./Core/Src/stm32f0xx_hal_msp.o
 .debug_str     0x0006088b    0x5a203 ./Core/Src/stm32f0xx_it.o
 .debug_str     0x0006088b    0x5cefc ./Core/Src/storage.o
 .debug_str     0x0006088b    0x59306 ./Core/Src/system_stm32f0xx.o
 .debug_str     0x0006088b       0x65 ./Core/Startup/startup_stm32f030r8tx.o
 .debug_str     0x0006088b    0x5989a ./Drivers/STM32F0xx_HAL_Driver/Src/stm32f0xx_hal.o
 .debug_str     0x0006088b    0x5968b ./Drivers/STM32F0xx_HAL_Driver/Src/stm32f0xx_hal_cortex.o
 .debug_str     0x0006088b    0x596ac ./Drivers/STM32F0xx_HAL_Driver/Src/stm32f0xx_hal_dma.o
 .debug_str     0x0006088b    0x595b1 ./Drivers/STM32F0xx_HAL_Driver/Src/stm32f0xx_hal_flash.o
 .debug_str     0x0006088b    0x59712 ./Drivers/STM32F0xx_HAL_Driver/Src/stm32f0xx_hal_flash_ex.o
 .debug_str     0x0006088b    0x594a7 ./Drivers/STM32F0xx_HAL_Driver/Src/stm32f0xx_hal_gpio.o
 .debug_str     0x0006088b    0x59742 ./Drivers/STM32F0xx_HAL_Driver/Src/stm32f0xx_hal_rcc.o
 .debug_str     0x0006088b    0x5944f ./Drivers/STM32F0xx_HAL_Driver/Src/stm32f0xx_hal_rcc_ex.o
 .debug_str     0x0006088b    0x59c70 ./Drivers/STM32F0xx_HAL_Driver/Src/stm32f0xx_hal_spi.o
 .debug_str     0x0006088b    0x5a01f ./Drivers/STM32F0xx_HAL_Driver/Src/stm32f0xx_hal_uart.o

.comment        0x00000000       0x43
 .comment       0x00000000       0x43 ./Core/Src/ADS1247.o
                                 0x44 (size before relaxing)
 .comment       0x00000043       0x44 ./Core/Src/HC595.o
 .comment       0x00000043       0x44 ./Core/Src/dipswitch.o
 .comment       0x00000043       0x44 ./Core/Src/main.o
 .comment       0x00000043       0x44 ./Core/Src/modbus485.o
 .comment       0x00000043       0x44 ./Core/Src/stm32f0xx_hal_msp.o
 .comment       0x00000043       0x44 ./Core/Src/stm32f0xx_it.o
 .comment       0x00000043       0x44 ./Core/Src/storage.o
 .comment       0x00000043       0x44 ./Core/Src/system_stm32f0xx.o
 .comment       0x00000043       0x44 ./Drivers/STM32F0xx_HAL_Driver/Src/stm32f0xx_hal.o
 .comment       0x00000043       0x44 ./Drivers/STM32F0xx_HAL_Driver/Src/stm32f0xx_hal_cortex.o
 .comment       0x00000043       0x44 ./Drivers/STM32F0xx_HAL_Driver/Src/stm32f0xx_hal_dma.o
 .comment       0x00000043       0x44 ./Drivers/STM32F0xx_HAL_Driver/Src/stm32f0xx_hal_flash.o
 .comment       0x00000043       0x44 ./Drivers/STM32F0xx_HAL_Driver/Src/stm32f0xx_hal_flash_ex.o
 .comment       0x00000043       0x44 ./Drivers/STM32F0xx_HAL_Driver/Src/stm32f0xx_hal_gpio.o
 .comment       0x00000043       0x44 ./Drivers/STM32F0xx_HAL_Driver/Src/stm32f0xx_hal_rcc.o
 .comment       0x00000043       0x44 ./Drivers/STM32F0xx_HAL_Driver/Src/stm32f0xx_hal_rcc_ex.o
 .comment       0x00000043       0x44 ./Drivers/STM32F0xx_HAL_Driver/Src/stm32f0xx_hal_spi.o
 .comment       0x00000043       0x44 ./Drivers/STM32F0xx_HAL_Driver/Src/stm32f0xx_hal_uart.o

.debug_frame    0x00000000     0x28a0
 .debug_frame   0x00000000      0x134 ./Core/Src/ADS1247.o
 .debug_frame   0x00000134       0x50 ./Core/Src/HC595.o
 .debug_frame   0x00000184      0x1a4 ./Core/Src/dipswitch.o
 .debug_frame   0x00000328      0x218 ./Core/Src/main.o
 .debug_frame   0x00000540       0x78 ./Core/Src/modbus485.o
 .debug_frame   0x000005b8       0xb0 ./Core/Src/stm32f0xx_hal_msp.o
 .debug_frame   0x00000668      0x144 ./Core/Src/stm32f0xx_it.o
 .debug_frame   0x000007ac       0xb8 ./Core/Src/storage.o
 .debug_frame   0x00000864       0x4c ./Core/Src/system_stm32f0xx.o
 .debug_frame   0x000008b0      0x2a4 ./Drivers/STM32F0xx_HAL_Driver/Src/stm32f0xx_hal.o
 .debug_frame   0x00000b54      0x2a0 ./Drivers/STM32F0xx_HAL_Driver/Src/stm32f0xx_hal_cortex.o
 .debug_frame   0x00000df4      0x1d0 ./Drivers/STM32F0xx_HAL_Driver/Src/stm32f0xx_hal_dma.o
 .debug_frame   0x00000fc4      0x1c4 ./Drivers/STM32F0xx_HAL_Driver/Src/stm32f0xx_hal_flash.o
 .debug_frame   0x00001188      0x220 ./Drivers/STM32F0xx_HAL_Driver/Src/stm32f0xx_hal_flash_ex.o
 .debug_frame   0x000013a8      0x110 ./Drivers/STM32F0xx_HAL_Driver/Src/stm32f0xx_hal_gpio.o
 .debug_frame   0x000014b8      0x198 ./Drivers/STM32F0xx_HAL_Driver/Src/stm32f0xx_hal_rcc.o
 .debug_frame   0x00001650       0x70 ./Drivers/STM32F0xx_HAL_Driver/Src/stm32f0xx_hal_rcc_ex.o
 .debug_frame   0x000016c0      0x710 ./Drivers/STM32F0xx_HAL_Driver/Src/stm32f0xx_hal_spi.o
 .debug_frame   0x00001dd0      0x810 ./Drivers/STM32F0xx_HAL_Driver/Src/stm32f0xx_hal_uart.o
 .debug_frame   0x000025e0       0x2c C:/ST/STM32CubeIDE_1.19.0/STM32CubeIDE/plugins/com.st.stm32cube.ide.mcu.externaltools.gnu-tools-for-stm32.13.3.rel1.win32_1.0.0.202411081344/tools/bin/../lib/gcc/arm-none-eabi/13.3.1/../../../../arm-none-eabi/lib/thumb/v6-m/nofp\libc_nano.a(libc_a-memcmp.o)
 .debug_frame   0x0000260c       0x20 C:/ST/STM32CubeIDE_1.19.0/STM32CubeIDE/plugins/com.st.stm32cube.ide.mcu.externaltools.gnu-tools-for-stm32.13.3.rel1.win32_1.0.0.202411081344/tools/bin/../lib/gcc/arm-none-eabi/13.3.1/../../../../arm-none-eabi/lib/thumb/v6-m/nofp\libc_nano.a(libc_a-memset.o)
 .debug_frame   0x0000262c       0x2c C:/ST/STM32CubeIDE_1.19.0/STM32CubeIDE/plugins/com.st.stm32cube.ide.mcu.externaltools.gnu-tools-for-stm32.13.3.rel1.win32_1.0.0.202411081344/tools/bin/../lib/gcc/arm-none-eabi/13.3.1/../../../../arm-none-eabi/lib/thumb/v6-m/nofp\libc_nano.a(libc_a-init.o)
 .debug_frame   0x00002658       0x28 C:/ST/STM32CubeIDE_1.19.0/STM32CubeIDE/plugins/com.st.stm32cube.ide.mcu.externaltools.gnu-tools-for-stm32.13.3.rel1.win32_1.0.0.202411081344/tools/bin/../lib/gcc/arm-none-eabi/13.3.1/../../../../arm-none-eabi/lib/thumb/v6-m/nofp\libc_nano.a(libc_a-memcpy-stub.o)
 .debug_frame   0x00002680       0x20 C:/ST/STM32CubeIDE_1.19.0/STM32CubeIDE/plugins/com.st.stm32cube.ide.mcu.externaltools.gnu-tools-for-stm32.13.3.rel1.win32_1.0.0.202411081344/tools/bin/../lib/gcc/arm-none-eabi/13.3.1/thumb/v6-m/nofp\libgcc.a(_udivsi3.o)
 .debug_frame   0x000026a0       0x20 C:/ST/STM32CubeIDE_1.19.0/STM32CubeIDE/plugins/com.st.stm32cube.ide.mcu.externaltools.gnu-tools-for-stm32.13.3.rel1.win32_1.0.0.202411081344/tools/bin/../lib/gcc/arm-none-eabi/13.3.1/thumb/v6-m/nofp\libgcc.a(_divsi3.o)
 .debug_frame   0x000026c0       0x38 C:/ST/STM32CubeIDE_1.19.0/STM32CubeIDE/plugins/com.st.stm32cube.ide.mcu.externaltools.gnu-tools-for-stm32.13.3.rel1.win32_1.0.0.202411081344/tools/bin/../lib/gcc/arm-none-eabi/13.3.1/thumb/v6-m/nofp\libgcc.a(divsf3.o)
 .debug_frame   0x000026f8       0x2c C:/ST/STM32CubeIDE_1.19.0/STM32CubeIDE/plugins/com.st.stm32cube.ide.mcu.externaltools.gnu-tools-for-stm32.13.3.rel1.win32_1.0.0.202411081344/tools/bin/../lib/gcc/arm-none-eabi/13.3.1/thumb/v6-m/nofp\libgcc.a(eqsf2.o)
 .debug_frame   0x00002724       0x2c C:/ST/STM32CubeIDE_1.19.0/STM32CubeIDE/plugins/com.st.stm32cube.ide.mcu.externaltools.gnu-tools-for-stm32.13.3.rel1.win32_1.0.0.202411081344/tools/bin/../lib/gcc/arm-none-eabi/13.3.1/thumb/v6-m/nofp\libgcc.a(gesf2.o)
 .debug_frame   0x00002750       0x2c C:/ST/STM32CubeIDE_1.19.0/STM32CubeIDE/plugins/com.st.stm32cube.ide.mcu.externaltools.gnu-tools-for-stm32.13.3.rel1.win32_1.0.0.202411081344/tools/bin/../lib/gcc/arm-none-eabi/13.3.1/thumb/v6-m/nofp\libgcc.a(lesf2.o)
 .debug_frame   0x0000277c       0x38 C:/ST/STM32CubeIDE_1.19.0/STM32CubeIDE/plugins/com.st.stm32cube.ide.mcu.externaltools.gnu-tools-for-stm32.13.3.rel1.win32_1.0.0.202411081344/tools/bin/../lib/gcc/arm-none-eabi/13.3.1/thumb/v6-m/nofp\libgcc.a(mulsf3.o)
 .debug_frame   0x000027b4       0x2c C:/ST/STM32CubeIDE_1.19.0/STM32CubeIDE/plugins/com.st.stm32cube.ide.mcu.externaltools.gnu-tools-for-stm32.13.3.rel1.win32_1.0.0.202411081344/tools/bin/../lib/gcc/arm-none-eabi/13.3.1/thumb/v6-m/nofp\libgcc.a(floatsisf.o)
 .debug_frame   0x000027e0       0x28 C:/ST/STM32CubeIDE_1.19.0/STM32CubeIDE/plugins/com.st.stm32cube.ide.mcu.externaltools.gnu-tools-for-stm32.13.3.rel1.win32_1.0.0.202411081344/tools/bin/../lib/gcc/arm-none-eabi/13.3.1/thumb/v6-m/nofp\libgcc.a(floatunsisf.o)
 .debug_frame   0x00002808       0x3c C:/ST/STM32CubeIDE_1.19.0/STM32CubeIDE/plugins/com.st.stm32cube.ide.mcu.externaltools.gnu-tools-for-stm32.13.3.rel1.win32_1.0.0.202411081344/tools/bin/../lib/gcc/arm-none-eabi/13.3.1/thumb/v6-m/nofp\libgcc.a(subdf3.o)
 .debug_frame   0x00002844       0x2c C:/ST/STM32CubeIDE_1.19.0/STM32CubeIDE/plugins/com.st.stm32cube.ide.mcu.externaltools.gnu-tools-for-stm32.13.3.rel1.win32_1.0.0.202411081344/tools/bin/../lib/gcc/arm-none-eabi/13.3.1/thumb/v6-m/nofp\libgcc.a(extendsfdf2.o)
 .debug_frame   0x00002870       0x30 C:/ST/STM32CubeIDE_1.19.0/STM32CubeIDE/plugins/com.st.stm32cube.ide.mcu.externaltools.gnu-tools-for-stm32.13.3.rel1.win32_1.0.0.202411081344/tools/bin/../lib/gcc/arm-none-eabi/13.3.1/thumb/v6-m/nofp\libgcc.a(truncdfsf2.o)

.debug_line_str
                0x00000000       0x49
 .debug_line_str
                0x00000000       0x49 ./Core/Startup/startup_stm32f030r8tx.o
