12:54:15 **** Incremental Build of configuration Debug for project AI_PROJECT ****
make -j8 all 
arm-none-eabi-size  AI_PROJECT.elf 
   text	   data	    bss	    dec	    hex	filename
  32104	     60	   2880	  35044	   88e4	AI_PROJECT.elf
Finished building: default.size.stdout
 
12:54:20 **** Incremental Build of configuration Debug for project AI_PROJECT ****
make -j8 all 
arm-none-eabi-size  AI_PROJECT.elf 
   text	   data	    bss	    dec	    hex	filename
  32104	     60	   2880	  35044	   88e4	AI_PROJECT.elf
Finished building: default.size.stdout
 
